******************************************************************************
                  TI ARM Linker Unix v20.2.4                   
******************************************************************************
>> Linked Fri Dec 25 17:45:42 2020

OUTPUT FILE NAME:   <i2copt3001_CC1352R1_LAUNCHXL_tirtos_ccs.out>
ENTRY POINT SYMBOL: "ResetISR"  address: 000038d1


MEMORY CONFIGURATION

         name            origin    length      used     unused   attr    fill
----------------------  --------  ---------  --------  --------  ----  --------
  FLASH                 00000000   00058000  00005b97  00052469  R  X
  GPRAM                 11000000   00002000  00000000  00002000  RW X
  SRAM                  20000000   00014000  000024d5  00011b2b  RW X


SEGMENT ALLOCATION MAP

run origin  load origin   length   init length attrs members
----------  ----------- ---------- ----------- ----- -------
00000000    00000000    00005b40   00005b40    r-x
  00000000    00000000    0000003c   0000003c    r-- .resetVecs
  0000003c    0000003c    00005210   00005210    r-x .text
  0000524c    0000524c    0000071b   0000071b    r-- .const
  00005968    00005968    000001d8   000001d8    r-- .cinit
00057fa8    00057fa8    00000058   00000058    r--
  00057fa8    00057fa8    00000058   00000058    r-- .ccfg
20000100    20000100    0000000c   00000000    rw-
  20000100    20000100    00000004   00000000    rw- .data:xdcRomConstPtr
  20000104    20000104    00000004   00000000    rw- .data:xdcRomExternFuncPtr
  20000108    20000108    00000004   00000000    rw- .data:xdcRomStatePtr
20000110    20000110    00001000   00000000    r--
  20000110    20000110    00001000   00000000    r-- .priheap
20001110    20001110    00000ff6   00000000    rw-
  20001110    20001110    00000abb   00000000    rw- .bss
  20001bd0    20001bd0    00000536   00000000    rw- .data
20013c00    20013c00    00000400   00000000    rw-
  20013c00    20013c00    00000400   00000000    rw- .stack


SECTION ALLOCATION MAP

 output                                  attributes/
section   page    origin      length       input sections
--------  ----  ----------  ----------   ----------------
.binit     0    00000000    00000000     

.cinit     0    00005968    000001d8     
                  00005968    00000183     (.cinit..data.load) [load image, compression = lzss]
                  00005aeb    00000001     --HOLE-- [fill = 0]
                  00005aec    0000000c     (__TI_handler_table)
                  00005af8    00000008     (.cinit..bss.load) [load image, compression = zero_init]
                  00005b00    00000008     (.cinit..data:xdcRomConstPtr.load) [load image, compression = lzss]
                  00005b08    00000008     (.cinit..data:xdcRomExternFuncPtr.load) [load image, compression = lzss]
                  00005b10    00000008     (.cinit..data:xdcRomStatePtr.load) [load image, compression = lzss]
                  00005b18    00000028     (__TI_cinit_table)

.init_array 
*          0    00000000    00000000     UNINITIALIZED

.ccfg      0    00057fa8    00000058     
                  00057fa8    00000058     ti_devices_config.obj (.ccfg:retain)

.bss       0    20001110    00000abb     UNINITIALIZED
                  20001110    00000400     ti_drivers_config.obj (.bss:displayUARTBuffer)
                  20001510    00000200     release_pem4f.oem4f (.bss:taskStackSection)
                  20001710    0000012c     (.common:uartCC26XXObjects)
                  2000183c    000000e0     (.common:i2cCC26xxObjects)
                  2000191c    000000d8     (.common:ti_sysbios_family_arm_m3_Hwi_dispatchTable)
                  200019f4    0000007c     (.common:pinHandleTable)
                  20001a70    00000034     drivers_cc13x2.aem4f : PINCC26XX.oem4f (.bss:pinSwi)
                  20001aa4    00000020                          : GPIOCC26XX.oem4f (.bss:gpioCallbackInfo)
                  20001ac4    00000020                          : PINCC26XX.oem4f (.bss:pinGpioConfigTable)
                  20001ae4    00000020     ti_drivers_config.obj (.bss:uartCC26XXRingBuffer0)
                  20001b04    0000001c     driverlib.lib : osc.obj (.bss:$O1$$)
                  20001b20    0000001c     drivers_cc13x2.aem4f : PINCC26XX.oem4f (.bss:pinHwi)
                  20001b3c    0000001c                          : PINCC26XX.oem4f (.bss:pinSemaphore)
                  20001b58    0000001c     (.common:opt3001Sem)
                  20001b74    00000010     (.common:opt3001Params)
                  20001b84    0000000c                          : GPIOCC26XX.oem4f (.bss:gpioPinState)
                  20001b90    0000000c     (.common:OPT3001_object)
                  20001b9c    0000000c     (.common:displayUartObject)
                  20001ba8    00000008                          : GPIOCC26XX.oem4f (.bss)
                  20001bb0    00000004                          : PINCC26XX.oem4f (.bss)
                  20001bb4    00000004     i2copt3001.obj (.bss)
                  20001bb8    00000004     (.common:ClockP_tickPeriod)
                  20001bbc    00000004     (.common:PowerCC26XX_swiKey)
                  20001bc0    00000004     (.common:PowerCC26XX_taskKey)
                  20001bc4    00000004     (.common:lux)
                  20001bc8    00000002     (.common:sampleTime)
                  20001bca    00000001     (.common:driverlib_release_0_55938)

.data      0    20001bd0    00000536     UNINITIALIZED
                  20001bd0    00000110     drivers_cc13x2.aem4f : PowerCC26X2.oem4f (.data:PowerCC26X2_module)
                  20001ce0    0000010c     release_pem4f.oem4f (.data:ROM_stateStruct)
                  20001dec    00000088     rom_sysbios.aem4f : rom_sysbios.obj (.data:$O1$$)
                  20001e74    00000054     release_pem4f.oem4f (.data:ti_sysbios_gates_GateMutex_Object__table__V)
                  20001ec8    0000004c     release_pem4f.oem4f (.data:ti_sysbios_knl_Task_Object__table__V)
                  20001f14    00000004     drivers_cc13x2.aem4f : GPIOCC26XX.oem4f (.data:gpioPinTable)
                  20001f18    00000048     release_pem4f.oem4f (.data:ti_sysbios_family_arm_cc26xx_Timer_Object__table__V)
                  20001f60    00000030     release_pem4f.oem4f (.data:ti_sysbios_knl_Swi_Module_State_0_readyQ__A)
                  20001f90    00000030     release_pem4f.oem4f (.data:ti_sysbios_knl_Swi_Object__table__V)
                  20001fc0    00000030     release_pem4f.oem4f (.data:ti_sysbios_knl_Task_Module_State_0_readyQ__A)
                  20001ff0    00000020     release_pem4f.oem4f (.data:ti_sysbios_knl_Clock_Object__table__V)
                  20002010    00000020     release_pem4f.oem4f (.data:xdc_runtime_Error_IgnoreBlock)
                  20002030    00000018     release_pem4f.oem4f (.data:ti_sysbios_family_arm_m3_Hwi_Object__table__V)
                  20002048    00000018     release_pem4f.oem4f (.data:ti_sysbios_heaps_HeapMem_Object__table__V)
                  20002060    00000008     rtsv7M4_T_le_v4SPD16_eabi.lib : _lock.c.obj (.data:$O1$$)
                  20002068    00000008     drivers_cc13x2.aem4f : PINCC26XX.oem4f (.data)
                  20002070    00000008     ti_drivers_config.obj (.data:gpioCallbackFunctions)
                  20002078    00000008     ti_drivers_config.obj (.data:gpioPinConfigs)
                  20002080    00000008     release_pem4f.oem4f (.data:ti_sysbios_family_arm_m3_Hwi_Module__root__V)
                  20002088    00000008     release_pem4f.oem4f (.data:ti_sysbios_gates_GateHwi_Module__root__V)
                  20002090    00000008     release_pem4f.oem4f (.data:ti_sysbios_gates_GateMutex_Module__root__V)
                  20002098    00000008     release_pem4f.oem4f (.data:ti_sysbios_hal_Hwi_Module__root__V)
                  200020a0    00000008     release_pem4f.oem4f (.data:ti_sysbios_heaps_HeapMem_Module__root__V)
                  200020a8    00000008     release_pem4f.oem4f (.data:ti_sysbios_knl_Clock_Module__root__V)
                  200020b0    00000008     release_pem4f.oem4f (.data:ti_sysbios_knl_Event_Module__root__V)
                  200020b8    00000008     release_pem4f.oem4f (.data:ti_sysbios_knl_Mailbox_Module__root__V)
                  200020c0    00000008     release_pem4f.oem4f (.data:ti_sysbios_knl_Queue_Module__root__V)
                  200020c8    00000008     release_pem4f.oem4f (.data:ti_sysbios_knl_Semaphore_Module__root__V)
                  200020d0    00000008     release_pem4f.oem4f (.data:ti_sysbios_knl_Swi_Module__root__V)
                  200020d8    00000008     release_pem4f.oem4f (.data:ti_sysbios_knl_Task_Module__root__V)
                  200020e0    00000008     release_pem4f.oem4f (.data:xdc_runtime_System_Module_State_0_atexitHandlers__A)
                  200020e8    00000005     drivers_cc13x2.aem4f : GPIOCC26XX.oem4f (.data)
                  200020ed    00000001                          : I2C.oem4f (.data)
                  200020ee    00000002     release_pem4f.oem4f (.data:ti_sysbios_family_arm_m3_Hwi_Module_State_0_excActive__A)
                  200020f0    00000004     i2copt3001.obj (.data)
                  200020f4    00000004     rtsv7M4_T_le_v4SPD16_eabi.lib : stkdepth_vars.c.obj (.data)
                  200020f8    00000004     release_pem4f.oem4f (.data:ti_sysbios_family_arm_m3_Hwi_Module_State_0_excContext__A)
                  200020fc    00000004     release_pem4f.oem4f (.data:ti_sysbios_family_arm_m3_Hwi_Module_State_0_excStack__A)
                  20002100    00000004     release_pem4f.oem4f (.data:ti_sysbios_knl_Task_Module_State_0_idleTask__A)
                  20002104    00000001     drivers_cc13x2.aem4f : UART.oem4f (.data)
                  20002105    00000001     sail.lib : opt3001.obj (.data)

.stack     0    20013c00    00000400     UNINITIALIZED
                  20013c00    00000400     --HOLE--

.priheap   0    20000110    00001000     UNINITIALIZED
                  20000110    00001000     --HOLE--

.data:xdcRomConstPtr 
*          0    20000100    00000004     UNINITIALIZED
                  20000100    00000004     release_pem4f.oem4f (.data:xdcRomConstPtr)

.data:xdcRomExternFuncPtr 
*          0    20000104    00000004     UNINITIALIZED
                  20000104    00000004     release_pem4f.oem4f (.data:xdcRomExternFuncPtr)

.data:xdcRomStatePtr 
*          0    20000108    00000004     UNINITIALIZED
                  20000108    00000004     release_pem4f.oem4f (.data:xdcRomStatePtr)

.bootVecs 
*          0    00000000    00000008     DSECT
                  00000000    00000008     boot.aem4f : boot.oem4f (.bootVecs)

.resetVecs 
*          0    00000000    0000003c     
                  00000000    0000003c     release_pem4f.oem4f (.resetVecs)

.vecs      0    20000000    000000d8     NOLOAD SECTION
                  20000000    000000d8     release_pem4f.oem4f (.vecs)

xdc.meta   0    00000000    00000107     COPY SECTION
                  00000000    00000107     release_pem4f.oem4f (xdc.meta)

xdc.noload 
*          0    00000000    00000000     COPY SECTION

__llvm_prf_cnts 
*          0    20000000    00000000     UNINITIALIZED

.text      0    0000003c    00005210     
                  0000003c    00000394     i2copt3001.obj (.text:mainThread)
                  000003d0    000001d0     sail.lib : opt3001.obj (.text:OPT3001_setLuxLimits)
                  000005a0    000001c4     drivers_cc13x2.aem4f : PINCC26XX.oem4f (.text:PIN_init)
                  00000764    000001b6     rtsv7M4_T_le_v4SPD16_eabi.lib : fd_add_t2.asm.obj (.text)
                  0000091a    00000002     ti_drivers_config.obj (.text:Board_initHook)
                  0000091c    000001a8     drivers_cc13x2.aem4f : PowerCC26X2.oem4f (.text:Power_sleep)
                  00000ac4    00000190                          : PowerCC26X2_calibrateRCOSC.oem4f (.text:calibrateRcoscHf1)
                  00000c54    0000018c                          : PowerCC26X2.oem4f (.text:Power_init)
                  00000de0    0000018c                          : PowerCC26X2_calibrateRCOSC.oem4f (.text:runCalibrateFsm)
                  00000f6c    00000188     release_pem4f.oem4f (.text:xdc_runtime_System_printfExtend__I)
                  000010f4    00000164     drivers_cc13x2.aem4f : UARTCC26XX.oem4f (.text:UARTCC26XX_open)
                  00001258    00000154                          : UARTCC26XX.oem4f (.text:UARTCC26XX_hwiIntFxn)
                  000013ac    0000013a                          : UARTCC26XX.oem4f (.text:UARTCC26XX_read)
                  000014e6    00000002     display.aem4f : DisplayUart.oem4f (.text:DisplayUartMin_clear)
                  000014e8    00000118     drivers_cc13x2.aem4f : I2CCC26XX.oem4f (.text:I2CCC26XX_hwiFxn)
                  00001600    00000114                          : I2CCC26XX.oem4f (.text:I2CCC26XX_transfer)
                  00001714    00000110                          : GPIOCC26XX.oem4f (.text:GPIO_setConfig)
                  00001824    00000100                          : PowerCC26X2.oem4f (.text:configureXOSCHF)
                  00001924    000000fc     driverlib.lib : sys_ctrl.obj (.text:NOROM_SysCtrlStandby)
                  00001a20    000000fc     rtsv7M4_T_le_v4SPD16_eabi.lib : fd_mul_t2.asm.obj (.text)
                  00001b1c    000000f8     drivers_cc13x2.aem4f : PINCC26XX.oem4f (.text:PINCC26XX_setIoCfg)
                  00001c14    000000ec     rom_sysbios.aem4f : rom_sysbios.obj (.text:pthread_create)
                  00001d00    000000e4     drivers_cc13x2.aem4f : I2CCC26XX.oem4f (.text:I2CCC26XX_open)
                  00001de4    000000e0                          : UARTCC26XX.oem4f (.text:UARTCC26XX_write)
                  00001ec4    000000c8                          : PowerCC26X2.oem4f (.text:Power_releaseDependency)
                  00001f8c    000000c4                          : GPIOCC26XX.oem4f (.text:GPIO_init)
                  00002050    000000c4     sail.lib : opt3001.obj (.text:OPT3001_open)
                  00002114    000000c4     drivers_cc13x2.aem4f : PowerCC26X2.oem4f (.text:Power_setDependency)
                  000021d8    000000c0                          : UARTCC26XX.oem4f (.text:UARTCC26XX_initIO)
                  00002298    000000b8                          : UARTCC26XX.oem4f (.text:UARTCC26XX_initHw)
                  00002350    000000b4     dpl_cc13x2.aem4f : PowerCC26X2_tirtos.oem4f (.text:PowerCC26XX_standbyPolicy)
                  00002404    000000ac     drivers_cc13x2.aem4f : PINCC26XX.oem4f (.text:PIN_open)
                  000024b0    000000ac     driverlib.lib : setup.obj (.text:TrimAfterColdResetWakeupFromShutDown)
                  0000255c    000000a0     auto_init.aem4f : auto_init.oem4f (.text)
                  000025fc    000000a0     rom_sysbios.aem4f : rom_sysbios.obj (.text:ti_sysbios_knl_Task_setPri__E)
                  0000269c    0000009c     rtsv7M4_T_le_v4SPD16_eabi.lib : memcpy_t2.asm.obj (.text)
                  00002738    00000098     driverlib.lib : setup.obj (.text:NOROM_SetupTrimDevice)
                  000027d0    00000098     drivers_cc13x2.aem4f : UARTCC26XX.oem4f (.text:writeTxFifoFlush)
                  00002868    00000096     rtsv7M4_T_le_v4SPD16_eabi.lib : ull_div_t2.asm.obj (.text)
                  000028fe    00000092     drivers_cc13x2.aem4f : UARTCC26XX.oem4f (.text:UARTCC26XX_writeCancel)
                  00002990    00000090                          : I2CCC26XX.oem4f (.text:I2CCC26XX_cancel)
                  00002a20    0000008c                          : I2CCC26XX.oem4f (.text:I2CCC26XX_primeTransfer)
                  00002aac    00000088     driverlib.lib : osc.obj (.text:NOROM_OSCHF_AttemptToSwitchToXosc)
                  00002b34    00000088     rom_sysbios.aem4f : rom_sysbios.obj (.text:_pthread_removeThreadKeys)
                  00002bbc    00000088     drivers_cc13x2.aem4f : PowerCC26X2_calibrateRCOSC.oem4f (.text:calibrateRcoscHf2)
                  00002c44    00000088                          : PowerCC26X2.oem4f (.text:disableLFClockQualifiers)
                  00002ccc    00000088                          : PowerCC26X2_calibrateRCOSC.oem4f (.text:updateSubSecInc)
                  00002d54    00000086     rtsv7M4_T_le_v4SPD16_eabi.lib : fd_cmp_t2.asm.obj (.text:__aeabi_cdcmple)
                  00002dda    00000086                                   : fd_cmp_t2.asm.obj (.text:__aeabi_cdrcmple)
                  00002e60    00000084     drivers_cc13x2.aem4f : UARTCC26XX.oem4f (.text:UARTCC26XX_close)
                  00002ee4    00000084     rom_sysbios.aem4f : rom_sysbios.obj (.text:ti_sysbios_family_arm_m3_Hwi_excHandlerMin__I)
                  00002f68    00000080     i2copt3001.obj (.text:opt3001InterruptTask)
                  00002fe8    00000080     rom_sysbios.aem4f : rom_sysbios.obj (.text:ti_sysbios_family_arm_cc26xx_Timer_start__E)
                  00003068    0000007a     rtsv7M4_T_le_v4SPD16_eabi.lib : memset_t2.asm.obj (.text)
                  000030e2    00000002     display.aem4f : DisplayUart.oem4f (.text:DisplayUartMin_clearLines)
                  000030e4    00000074     drivers_cc13x2.aem4f : PowerCC26X2_calibrateRCOSC.oem4f (.text:PowerCC26X2_auxISR)
                  00003158    00000072                          : I2CCC26XX.oem4f (.text:I2CCC26XX_swiFxn)
                  000031ca    00000002     display.aem4f : DisplayUart.oem4f (.text:DisplayUartMin_init)
                  000031cc    00000070     drivers_cc13x2.aem4f : PINCC26XX.oem4f (.text:PIN_add)
                  0000323c    00000070     main_tirtos.obj (.text:main)
                  000032ac    0000006d     rom_sysbios.aem4f : rom_sysbios.obj (.text:xdc_runtime_System_formatNum__I)
                  00003319    00000001     --HOLE-- [fill = 0]
                  0000331a    00000002     rtsv7M4_T_le_v4SPD16_eabi.lib : _lock.c.obj (.text:_nop)
                  0000331c    00000068     driverlib.lib : osc.obj (.text:NOROM_OSCHF_SwitchToRcOscTurnOffXosc)
                  00003384    00000068                   : sys_ctrl.obj (.text:NOROM_SysCtrlSetRechargeBeforePowerDown)
                  000033ec    00000068     rtsv7M4_T_le_v4SPD16_eabi.lib : copy_decompress_lzss.c.obj (.text:decompress:lzss:__TI_decompress_lzss)
                  00003454    00000066     sail.lib : opt3001.obj (.text:OPT3001_readRegister)
                  000034ba    00000066              : opt3001.obj (.text:OPT3001_writeRegister)
                  00003520    00000064     drivers_cc13x2.aem4f : I2CCC26XX.oem4f (.text:I2CCC26XX_initIO)
                  00003584    00000064                          : UARTCC26XX.oem4f (.text:UARTCC26XX_control)
                  000035e8    00000062                          : UARTCC26XX.oem4f (.text:UARTCC26XX_swiIntFxn)
                  0000364a    00000002                          : PowerCC26X2.oem4f (.text:emptyClockFunc)
                  0000364c    00000060                          : GPIOCC26XX.oem4f (.text:GPIO_write)
                  000036ac    0000005c     display.aem4f : Display.oem4f (.text:Display_doOpen)
                  00003708    0000005c     drivers_cc13x2.aem4f : I2CCC26XX.oem4f (.text:I2CCC26XX_close)
                  00003764    0000005c                          : PINCC26XX.oem4f (.text:PIN_remove)
                  000037c0    0000005c     rom_sysbios.aem4f : rom_sysbios.obj (.text:ti_sysbios_heaps_HeapMem_initPrimary__I)
                  0000381c    0000005c     release_pem4f.oem4f (.text:xdc_runtime_Startup_getState__I)
                  00003878    00000058     drivers_cc13x2.aem4f : PowerCC26X2_calibrateRCOSC.oem4f (.text:PowerCC26X2_initiateCalibration)
                  000038d0    00000058     boot.aem4f : boot.oem4f (.text)
                  00003928    00000058     sail.lib : opt3001.obj (.text:convertToLux)
                  00003980    00000058     rom_sysbios.aem4f : rom_sysbios.obj (.text:pthread_exit)
                  000039d8    00000054     driverlib.lib : chipinfo.obj (.text:NOROM_ChipInfo_GetChipType)
                  00003a2c    00000050     dpl_cc13x2.aem4f : ClockP_tirtos.oem4f (.text:ClockP_construct)
                  00003a7c    00000050     drivers_cc13x2.aem4f : GPIOCC26XX.oem4f (.text:GPIO_enableInt)
                  00003acc    0000004c     sail.lib : opt3001.obj (.text:OPT3001_init)
                  00003b18    0000004c     drivers_cc13x2.aem4f : UARTCC26XX.oem4f (.text:UARTCC26XX_readCancel)
                  00003b64    0000004c     rtsv7M4_T_le_v4SPD16_eabi.lib : cpy_tbl.c.obj (.text:copy_in)
                  00003bb0    0000004c     drivers_cc13x2.aem4f : UARTCC26XX.oem4f (.text:startTxFifoEmptyClk)
                  00003bfc    0000004c                          : PowerCC26X2.oem4f (.text:switchXOSCHF)
                  00003c48    0000004a     display.aem4f : DisplayUart.oem4f (.text:DisplayUartMin_open)
                  00003c92    0000004a     sail.lib : opt3001.obj (.text:OPT3001_getLuxLimits)
                  00003cdc    00000048     drivers_cc13x2.aem4f : I2CCC26XX.oem4f (.text:I2CCC26XX_initHw)
                  00003d24    00000048                          : PINCC26XX.oem4f (.text:PIN_setOutputEnable)
                  00003d6c    00000048                          : PowerCC26X2_calibrateRCOSC.oem4f (.text:PowerCC26X2_RCOSC_clockFunc)
                  00003db4    00000048     rtsv7M4_T_le_v4SPD16_eabi.lib : fd_toi_t2.asm.obj (.text)
                  00003dfc    00000048     drivers_cc13x2.aem4f : UARTCC26XX.oem4f (.text:writeFinishedDoCallback)
                  00003e44    00000046     display.aem4f : DisplayUart.oem4f (.text:DisplayUartMin_vprintf)
                  00003e8a    00000046     drivers_cc13x2.aem4f : RingBuf.oem4f (.text:RingBuf_put)
                  00003ed0    00000044                          : I2C.oem4f (.text:I2C_init)
                  00003f14    00000044     driverlib.lib : chipinfo.obj (.text:NOROM_ChipInfo_GetHwRevision)
                  00003f58    00000044     drivers_cc13x2.aem4f : PINCC26XX.oem4f (.text:PIN_swi)
                  00003f9c    00000044                          : UART.oem4f (.text:UART_init)
                  00003fe0    00000044     rtsv7M4_T_le_v4SPD16_eabi.lib : fd_tou_t2.asm.obj (.text)
                  00004024    00000040     drivers_cc13x2.aem4f : I2C.oem4f (.text:I2C_open)
                  00004064    00000040                          : RingBuf.oem4f (.text:RingBuf_get)
                  000040a4    00000040                          : UART.oem4f (.text:UART_open)
                  000040e4    00000040     rtsv7M4_T_le_v4SPD16_eabi.lib : u_divt2.asm.obj (.text)
                  00004124    00000040     rom_sysbios.aem4f : rom_sysbios.obj (.text:ti_sysbios_family_arm_cc26xx_Timer_setThreshold__I)
                  00004164    0000003e     dpl_cc13x2.aem4f : HwiP_tirtos.oem4f (.text:HwiP_construct)
                  000041a2    00000002     rtsv7M4_T_le_v4SPD16_eabi.lib : div0.asm.obj (.text)
                  000041a4    0000003c     drivers_cc13x2.aem4f : PINCC26XX.oem4f (.text:PIN_setInterrupt)
                  000041e0    0000003c                          : PINCC26XX.oem4f (.text:PIN_setOutputValue)
                  0000421c    0000003c     dpl_cc13x2.aem4f : SwiP_tirtos.oem4f (.text:SwiP_construct)
                  00004258    0000003c     rom_sysbios.aem4f : rom_sysbios.obj (.text:sleep)
                  00004294    0000003c                       : rom_sysbios.obj (.text:ti_sysbios_family_arm_m3_Hwi_construct2__E)
                  000042d0    00000038     driverlib.lib : osc.obj (.text:NOROM_OSC_HPOSCRelativeFrequencyOffsetGet)
                  00004308    00000038     drivers_cc13x2.aem4f : PINCC26XX.oem4f (.text:PIN_setConfig)
                  00004340    00000038                          : PowerCC26X2.oem4f (.text:notify)
                  00004378    00000038                          : UARTCC26XX.oem4f (.text:readData)
                  000043b0    00000038     rtsv7M4_T_le_v4SPD16_eabi.lib : fs_tod_t2.asm.obj (.text)
                  000043e8    00000038     drivers_cc13x2.aem4f : UARTCC26XX.oem4f (.text:writeData)
                  00004420    00000036     rom_sysbios.aem4f : rom_sysbios.obj (.text:ti_sysbios_family_arm_cc26xx_Timer_setNextTick__E)
                  00004456    00000002     release_pem4f.oem4f (.text:ti_sysbios_BIOS_nullFunc__I)
                  00004458    00000034     driverlib.lib : aux_sysif.obj (.text:NOROM_AUXSYSIFOpModeChange)
                  0000448c    00000034                   : sys_ctrl.obj (.text:NOROM_SysCtrlIdle)
                  000044c0    00000034     drivers_cc13x2.aem4f : UARTCC26XX.oem4f (.text:readData2RingBuf)
                  000044f4    00000030                          : GPIOCC26XX.oem4f (.text:GPIO_hwiIntFxn)
                  00004524    00000030                          : GPIOCC26XX.oem4f (.text:GPIO_setCallback)
                  00004554    00000030     sail.lib : opt3001.obj (.text:OPT3001_enableInterrupt)
                  00004584    00000030     drivers_cc13x2.aem4f : PINCC26XX.oem4f (.text:PINCC26XX_setMux)
                  000045b4    00000030                          : PowerCC26X2.oem4f (.text:Power_releaseConstraint)
                  000045e4    00000030                          : PowerCC26X2.oem4f (.text:Power_setConstraint)
                  00004614    00000030     release_pem4f.oem4f (.text:ti_sysbios_BIOS_atExitFunc__I)
                  00004644    00000030     release_pem4f.oem4f (.text:ti_sysbios_BIOS_startFunc__I)
                  00004674    00000030     rom_sysbios.aem4f : rom_sysbios.obj (.text:ti_sysbios_family_arm_cc26xx_Timer_getCurrentTick__E)
                  000046a4    00000030                       : rom_sysbios.obj (.text:ti_sysbios_family_arm_cc26xx_Timer_initDevice__I)
                  000046d4    0000002e     rtsv7M4_T_le_v4SPD16_eabi.lib : i_tofd_t2.asm.obj (.text)
                  00004702    0000002c     dpl_cc13x2.aem4f : SemaphoreP_tirtos.oem4f (.text:SemaphoreP_constructBinary)
                  0000472e    00000002     rom_sysbios.aem4f : rom_sysbios.obj (.text:xdc_runtime_SysCallback_defaultAbort)
                  00004730    0000002c     dpl_cc13x2.aem4f : SemaphoreP_tirtos.oem4f (.text:SemaphoreP_createBinary)
                  0000475c    0000002c     rom_sysbios.aem4f : rom_sysbios.obj (.text:_pthread_delete$45)
                  00004788    0000002c                       : rom_sysbios.obj (.text:pthread_setcancelstate)
                  000047b4    0000002c                       : rom_sysbios.obj (.text:ti_sysbios_knl_Clock_getTicksUntilInterrupt__E)
                  000047e0    0000002a     display.aem4f : Display.oem4f (.text:Display_doPrintf)
                  0000480a    00000002     rom_sysbios.aem4f : rom_sysbios.obj (.text:xdc_runtime_SysCallback_defaultExit)
                  0000480c    00000028     driverlib.lib : osc.obj (.text:NOROM_OSCHF_TurnOnXosc)
                  00004834    00000028     sail.lib : opt3001.obj (.text:OPT3001_getLux)
                  0000485c    00000028     drivers_cc13x2.aem4f : PowerCC26X2.oem4f (.text:Power_registerNotify)
                  00004884    00000028                          : PowerCC26X2.oem4f (.text:oscillatorISR)
                  000048ac    00000026                          : List.oem4f (.text:List_put)
                  000048d2    00000026                          : List.oem4f (.text:List_remove)
                  000048f8    00000026     sail.lib : opt3001.obj (.text:i2cTransferFxn)
                  0000491e    00000002     rom_sysbios.aem4f : rom_sysbios.obj (.text:xdc_runtime_SysCallback_defaultFlush)
                  00004920    00000024                       : rom_sysbios.obj (.text:_pthread_cleanupFxn)
                  00004944    00000024     drivers_cc13x2.aem4f : PowerCC26X2_calibrateRCOSC.oem4f (.text:getTdcSemaphore)
                  00004968    00000024     rom_sysbios.aem4f : rom_sysbios.obj (.text:pthread_attr_init)
                  0000498c    00000024                       : rom_sysbios.obj (.text:sem_init)
                  000049b0    00000024     release_pem4f.oem4f (.text:ti_sysbios_BIOS_registerRTSLock__I)
                  000049d4    00000024     release_pem4f.oem4f (.text:ti_sysbios_BIOS_removeRTSLock__I)
                  000049f8    00000024     rom_sysbios.aem4f : rom_sysbios.obj (.text:ti_sysbios_family_arm_cc26xx_Timer_getMaxTicks__E)
                  00004a1c    00000020     drivers_cc13x2.aem4f : PINCC26XX.oem4f (.text:PINCC26XX_setIoCfgMux)
                  00004a3c    00000020                          : PowerCC26X2.oem4f (.text:Power_unregisterNotify)
                  00004a5c    00000020                          : UARTCC26XX.oem4f (.text:threadSafeStdbyDisRelease)
                  00004a7c    00000020                          : UARTCC26XX.oem4f (.text:threadSafeStdbyDisSet)
                  00004a9c    00000020     release_pem4f.oem4f (.text:ti_sysbios_BIOS_rtsLock__I)
                  00004abc    00000020     rom_sysbios.aem4f : rom_sysbios.obj (.text:ti_sysbios_family_arm_cc26xx_Timer_dynamicStub__E)
                  00004adc    00000020                       : rom_sysbios.obj (.text:xdc_runtime_Error_policyMin__E)
                  00004afc    0000001e     drivers_cc13x2.aem4f : PINCC26XX.oem4f (.text:PIN_close)
                  00004b1a    0000001e                          : PowerCC26X2.oem4f (.text:Power_getTransitionLatency)
                  00004b38    0000001c     ti_drivers_config.obj (.text:Board_init)
                  00004b54    0000001c     driverlib.lib : chipinfo.obj (.text:NOROM_ChipInfo_GetChipFamily)
                  00004b70    0000001c     drivers_cc13x2.aem4f : PINCC26XX.oem4f (.text:PIN_hwi)
                  00004b8c    0000001c     dpl_cc13x2.aem4f : PowerCC26X2_tirtos.oem4f (.text:PowerCC26XX_schedulerDisable)
                  00004ba8    0000001c                      : PowerCC26X2_tirtos.oem4f (.text:PowerCC26XX_schedulerRestore)
                  00004bc4    0000001c     rom_sysbios.aem4f : rom_sysbios.obj (.text:ti_sysbios_knl_Swi_construct2__E)
                  00004be0    0000001c     release_pem4f.oem4f (.text:xdc_runtime_Startup_exec__I)
                  00004bfc    0000001a     drivers_cc13x2.aem4f : PowerCC26X2.oem4f (.text:PowerCC26XX_calibrate)
                  00004c16    00000018                          : I2C.oem4f (.text:I2C_transfer)
                  00004c2e    00000002     rom_sysbios.aem4f : rom_sysbios.obj (.text:xdc_runtime_SysCallback_defaultPutch)
                  00004c30    00000018     driverlib.lib : chipinfo.obj (.text:NOROM_ChipInfo_GetPackageType)
                  00004c48    00000018     drivers_cc13x2.aem4f : PowerCC26X2.oem4f (.text:Power_idleFunc)
                  00004c60    00000018                          : UART.oem4f (.text:UART_Params_init)
                  00004c78    00000018     rtsv7M4_T_le_v4SPD16_eabi.lib : args_main.c.obj (.text:_args_main)
                  00004c90    00000018                                   : ll_mul_t2.asm.obj (.text)
                  00004ca8    00000018     release_pem4f.oem4f (.text:ti_sysbios_BIOS_rtsUnlock__I)
                  00004cc0    00000018     rom_sysbios.aem4f : rom_sysbios.obj (.text:ti_sysbios_knl_Swi_or__E)
                  00004cd8    00000018                       : rom_sysbios.obj (.text:ti_sysbios_rts_ti_ReentSupport_getReent__F)
                  00004cf0    00000018                       : rom_sysbios.obj (.text:xdc_runtime_Error_init__E)
                  00004d08    00000016     display.aem4f : DisplayUart.oem4f (.text:DisplayUartMin_close)
                  00004d1e    00000016     driverlib.lib : chipinfo.obj (.text:NOROM_ThisLibraryIsFor_CC13x2_CC26x2_HwRev20AndLater_HaltIfViolated)
                  00004d34    00000016     rom_sysbios.aem4f : rom_sysbios.obj (.text:_pthread_cleanup_pop)
                  00004d4a    00000016     release_pem4f.oem4f (.text:ti_sysbios_BIOS_exitFunc__I)
                  00004d60    00000014     sail.lib : opt3001.obj (.text:OPT3001_Params_init)
                  00004d74    00000014     drivers_cc13x2.aem4f : PowerCC26X2_calibrateRCOSC.oem4f (.text:PowerCC26X2_calibrate)
                  00004d88    00000014     i2copt3001.obj (.text:opt3001Callback)
                  00004d9c    00000014     rom_sysbios.aem4f : rom_sysbios.obj (.text:pthread_attr_setschedparam)
                  00004db0    00000014     drivers_cc13x2.aem4f : PowerCC26X2.oem4f (.text:switchToTCXO)
                  00004dc4    00000014     rom_sysbios.aem4f : rom_sysbios.obj (.text:ti_sysbios_family_arm_cc26xx_Timer_getCount64__E)
                  00004dd8    00000014     release_pem4f.oem4f (.text:ti_sysbios_knl_Clock_doTick__I)
                  00004dec    00000012     drivers_cc13x2.aem4f : RingBuf.oem4f (.text:RingBuf_construct)
                  00004dfe    00000012     dpl_cc13x2.aem4f : SemaphoreP_tirtos.oem4f (.text:SemaphoreP_pend)
                  00004e10    00000012     rom_sysbios.aem4f : rom_sysbios.obj (.text:_pthread_runStub$45)
                  00004e22    00000010     dpl_cc13x2.aem4f : HwiP_tirtos.oem4f (.text:HwiP_Params_init)
                  00004e32    00000002     --HOLE-- [fill = 0]
                  00004e34    00000010     drivers_cc13x2.aem4f : I2C.oem4f (.text:I2C_Params_init)
                  00004e44    00000010                          : PINCC26XX.oem4f (.text:PINCC26XX_getPinCount)
                  00004e54    00000010     dpl_cc13x2.aem4f : SwiP_tirtos.oem4f (.text:SwiP_Params_init)
                  00004e64    00000010     drivers_cc13x2.aem4f : I2CCC26XX.oem4f (.text:i2cPostNotify)
                  00004e74    00000010                          : UARTCC26XX.oem4f (.text:uartPostNotify)
                  00004e84    0000000e     rtsv7M4_T_le_v4SPD16_eabi.lib : copy_decompress_none.c.obj (.text:decompress:none:__TI_decompress_none)
                  00004e92    0000000e     rom_sysbios.aem4f : rom_sysbios.obj (.text:pthread_attr_setdetachstate)
                  00004ea0    0000000e                       : rom_sysbios.obj (.text:sem_wait)
                  00004eae    0000000e                       : rom_sysbios.obj (.text:ti_sysbios_family_arm_cc26xx_TimestampProvider_get32__E)
                  00004ebc    0000000c     driverlib.lib : cpu.obj (.text:NOROM_CPUcpsid)
                  00004ec8    0000000c                   : cpu.obj (.text:NOROM_CPUcpsie)
                  00004ed4    0000000c     drivers_cc13x2.aem4f : PINCC26XX.oem4f (.text:PIN_registerIntCb)
                  00004ee0    0000000c                          : PowerCC26X2.oem4f (.text:Power_getConstraintMask)
                  00004eec    0000000c                          : PowerCC26X2.oem4f (.text:Power_getDependencyCount)
                  00004ef8    0000000c     dpl_cc13x2.aem4f : SemaphoreP_tirtos.oem4f (.text:SemaphoreP_delete)
                  00004f04    0000000c     rtsv7M4_T_le_v4SPD16_eabi.lib : _lock.c.obj (.text:_register_lock)
                  00004f10    0000000c                                   : _lock.c.obj (.text:_register_unlock)
                  00004f1c    0000000c                                   : copy_zero_init.c.obj (.text:decompress:ZI:__TI_zero_init)
                  00004f28    0000000c     rom_sysbios.aem4f : rom_sysbios.obj (.text:pthread_self)
                  00004f34    0000000c                       : rom_sysbios.obj (.text:ti_sysbios_knl_Queue_insert__E)
                  00004f40    0000000c                       : rom_sysbios.obj (.text:ti_sysbios_knl_Swi_getTrigger__E)
                  00004f4c    0000000a     dpl_cc13x2.aem4f : ClockP_tirtos.oem4f (.text:ClockP_Params_init)
                  00004f56    0000000a     drivers_cc13x2.aem4f : I2CCC26XX.oem4f (.text:I2CCC26XX_init)
                  00004f60    0000000a                          : UART.oem4f (.text:UART_close)
                  00004f6a    0000000a                          : UART.oem4f (.text:UART_control)
                  00004f74    0000000a                          : UART.oem4f (.text:UART_write)
                  00004f7e    0000000a     rom_sysbios.aem4f : rom_sysbios.obj (.text:sem_post)
                  00004f88    0000000a     release_pem4f.oem4f (.text:ti_sysbios_rts_ti_ReentSupport_getTlsAddr__I)
                  00004f92    00000008     drivers_cc13x2.aem4f : I2CCC26XX.oem4f (.text:I2CCC26XX_blockingCallback)
                  00004f9a    00000008                          : UARTCC26XX.oem4f (.text:UARTCC26XX_init)
                  00004fa2    00000008                          : UARTCC26XX.oem4f (.text:readSemCallback)
                  00004faa    00000008                          : UARTCC26XX.oem4f (.text:writeSemCallback)
                  00004fb2    00000008     release_pem4f.oem4f (.text:xdc_runtime_Text_visitRope__I)
                  00004fba    00000006     display.aem4f : DisplayUart.oem4f (.text:DisplayUartMin_control)
                  00004fc0    00000006                   : DisplayUart.oem4f (.text:DisplayUartMin_getType)
                  00004fc6    00000006     drivers_cc13x2.aem4f : I2CCC26XX.oem4f (.text:I2CCC26XX_control)
                  00004fcc    00000006     driverlib.lib : cpu.obj (.text:NOROM_CPUdelay)
                  00004fd2    00000006     drivers_cc13x2.aem4f : UARTCC26XX.oem4f (.text:UARTCC26XX_readPolling)
                  00004fd8    00000006                          : UARTCC26XX.oem4f (.text:UARTCC26XX_writePolling)
                  00004fde    00000006     rom_sysbios.aem4f : rom_sysbios.obj (.text:pthread_attr_setstacksize)
                  00004fe4    00000004     dpl_cc13x2.aem4f : PowerCC26X2_tirtos.oem4f (.text:CPUwfi)
                  00004fe8    00000004                      : ClockP_tirtos.oem4f (.text:ClockP_destruct)
                  00004fec    00000004                      : ClockP_tirtos.oem4f (.text:ClockP_getCpuFreq)
                  00004ff0    00000004                      : ClockP_tirtos.oem4f (.text:ClockP_setTimeout)
                  00004ff4    00000004                      : ClockP_tirtos.oem4f (.text:ClockP_start)
                  00004ff8    00000004                      : ClockP_tirtos.oem4f (.text:ClockP_stop)
                  00004ffc    00000004                      : HwiP_tirtos.oem4f (.text:HwiP_destruct)
                  00005000    00000004                      : HwiP_tirtos.oem4f (.text:HwiP_disable)
                  00005004    00000004                      : HwiP_tirtos.oem4f (.text:HwiP_disableInterrupt)
                  00005008    00000004                      : HwiP_tirtos.oem4f (.text:HwiP_enableInterrupt)
                  0000500c    00000004                      : SemaphoreP_tirtos.oem4f (.text:SemaphoreP_destruct)
                  00005010    00000004                      : SemaphoreP_tirtos.oem4f (.text:SemaphoreP_post)
                  00005014    00000004                      : SwiP_tirtos.oem4f (.text:SwiP_destruct)
                  00005018    00000004                      : SwiP_tirtos.oem4f (.text:SwiP_disable)
                  0000501c    00000004                      : SwiP_tirtos.oem4f (.text:SwiP_getTrigger)
                  00005020    00000004                      : SwiP_tirtos.oem4f (.text:SwiP_or)
                  00005024    00000004                      : SwiP_tirtos.oem4f (.text:SwiP_post)
                  00005028    00000004                      : SystemP_tirtos.oem4f (.text:SystemP_vsnprintf)
                  0000502c    00000004     rom_sysbios.aem4f : rom_sysbios.obj (.text:__aeabi_errno_addr)
                  00005030    00000004     drivers_cc13x2.aem4f : PowerCC26X2.oem4f (.text:configureRFCoreClocks)
                  00005034    00000004                          : PowerCC26X2.oem4f (.text:nopResourceHandler)
                  00005038    00000004     rom_sysbios.aem4f : rom_sysbios.obj (.text:pthread_attr_destroy)
                  0000503c    00000004                       : rom_sysbios.obj (.text:ti_sysbios_knl_Task_getArg1__E)
                  00005040    00000004                       : rom_sysbios.obj (.text:ti_sysbios_knl_Task_getEnv__E)
                  00005044    00000004     release_pem4f.oem4f (.text:xdc_runtime_Startup_reset__I)
                  00005048    00000004     rom_sysbios.aem4f : rom_sysbios.obj (.text:xdc_runtime_SysCallback_defaultReady)
                  0000504c    00000008     (.tramp.xdc_runtime_System_vsnprintf__E.1)
                  00005054    00000008     (.tramp.ti_sysbios_knl_Swi_destruct.1)
                  0000505c    00000008     (.tramp.ti_sysbios_family_arm_m3_Hwi_enableInterrupt__E.1)
                  00005064    00000008     (.tramp.ti_sysbios_family_arm_m3_Hwi_disableInterrupt__E.1)
                  0000506c    00000008     (.tramp.ti_sysbios_family_arm_m3_Hwi_disableFxn__E.1)
                  00005074    00000008     (.tramp.ti_sysbios_family_arm_m3_Hwi_destruct.1)
                  0000507c    00000008     (.tramp.ti_sysbios_BIOS_getCpuFreq__E.1)
                  00005084    00000008     (.tramp.ti_sysbios_knl_Clock_destruct.1)
                  0000508c    00000008     (.tramp.ti_sysbios_knl_Task_self__E.1)
                  00005094    00000008     (.tramp.ti_sysbios_knl_Semaphore_delete.1)
                  0000509c    00000008     (.tramp.ti_sysbios_knl_Clock_logTick__E.1)
                  000050a4    00000008     (.tramp.ti_sysbios_BIOS_getThreadType__E.1)
                  000050ac    00000008     (.tramp.ti_sysbios_knl_Swi_post__E.1)
                  000050b4    00000008     (.tramp.ti_sysbios_BIOS_RtsGateProxy_leave__E.1)
                  000050bc    00000008     (.tramp.ti_sysbios_knl_Swi_construct.1)
                  000050c4    00000008     (.tramp.ti_sysbios_BIOS_RtsGateProxy_enter__E.1)
                  000050cc    00000008     (.tramp.ti_sysbios_knl_Clock_TimerProxy_getCurrentTick__E.1)
                  000050d4    00000008     (.tramp.ti_sysbios_knl_Task_delete.1)
                  000050dc    00000008     (.tramp.ti_sysbios_knl_Semaphore_destruct.1)
                  000050e4    00000008     (.tramp.ti_sysbios_knl_Semaphore_create.1)
                  000050ec    00000008     (.tramp.ti_sysbios_knl_Task_startup__E.1)
                  000050f4    00000008     (.tramp.ti_sysbios_knl_Swi_startup__E.1)
                  000050fc    00000008     (.tramp.ti_sysbios_hal_Hwi_startup__E.1)
                  00005104    00000008     (.tramp.ti_sysbios_family_arm_cc26xx_Timer_startup__E.1)
                  0000510c    00000008     (.tramp.xdc_runtime_System_atexit__E.1)
                  00005114    00000008     (.tramp.ti_sysbios_BIOS_linkedWithIncorrectBootLibrary__E.1)
                  0000511c    00000008     (.tramp.xdc_runtime_Startup_rtsDone__E.1)
                  00005124    00000008     (.tramp.ti_sysbios_knl_Swi_disable__E.1)
                  0000512c    00000008     (.tramp.ti_sysbios_family_arm_m3_Hwi_construct.1)
                  00005134    00000008     (.tramp.ti_sysbios_knl_Task_sleep__E.1)
                  0000513c    00000008     (.tramp.ti_sysbios_knl_Swi_Params__init__S.1)
                  00005144    00000008     (.tramp.ti_sysbios_family_arm_m3_Hwi_Params__init__S.1)
                  0000514c    00000008     (.tramp.strlen.1)
                  00005154    00000008     (.tramp.ti_sysbios_knl_Clock_construct.1)
                  0000515c    00000008     (.tramp.ti_sysbios_knl_Clock_Params__init__S.1)
                  00005164    00000008     (.tramp.xdc_runtime_System_exit__E.1)
                  0000516c    00000008     (.tramp.ti_sysbios_heaps_HeapMem_restore__E.1)
                  00005174    00000008     (.tramp.ti_sysbios_heaps_HeapMem_Object__get__S.1)
                  0000517c    00000008     (.tramp.ti_sysbios_BIOS_start__E.1)
                  00005184    00000008     (.tramp.xdc_runtime_Error_raiseX__E.1)
                  0000518c    00000008     (.tramp.ti_sysbios_BIOS_setThreadType__E.1)
                  00005194    00000008     (.tramp.ti_sysbios_family_arm_m3_Hwi_excFillContext__I.1)
                  0000519c    00000008     (.tramp.ti_sysbios_knl_Semaphore_post__E.1)
                  000051a4    00000008     (.tramp.xdc_runtime_Memory_free__E.1)
                  000051ac    00000008     (.tramp.ti_sysbios_knl_Queue_next__E.1)
                  000051b4    00000008     (.tramp.ti_sysbios_knl_Queue_head__E.1)
                  000051bc    00000008     (.tramp.ti_sysbios_knl_Semaphore_pend__E.1)
                  000051c4    00000008     (.tramp.ti_sysbios_knl_Task_restore__E.1)
                  000051cc    00000008     (.tramp.ti_sysbios_knl_Queue_enqueue__E.1)
                  000051d4    00000008     (.tramp.ti_sysbios_knl_Queue_empty__E.1)
                  000051dc    00000008     (.tramp.ti_sysbios_knl_Queue_remove__E.1)
                  000051e4    00000008     (.tramp.ti_sysbios_knl_Task_disable__E.1)
                  000051ec    00000008     (.tramp.ti_sysbios_knl_Clock_stop__E.1)
                  000051f4    00000008     (.tramp.ti_sysbios_knl_Clock_start__E.1)
                  000051fc    00000008     (.tramp.ti_sysbios_knl_Clock_setTimeout__E.1)
                  00005204    00000008     (.tramp.ti_sysbios_knl_Task_create.1)
                  0000520c    00000008     (.tramp.ti_sysbios_knl_Semaphore_construct.1)
                  00005214    00000008     (.tramp.ti_sysbios_knl_Semaphore_Params__init__S.1)
                  0000521c    00000008     (.tramp.ti_sysbios_knl_Queue_construct.1)
                  00005224    00000008     (.tramp.xdc_runtime_Memory_alloc__E.1)
                  0000522c    00000008     (.tramp.ti_sysbios_knl_Task_Params__init__S.1)
                  00005234    00000008     (.tramp.ti_sysbios_family_arm_m3_Hwi_restoreFxn__E.1)
                  0000523c    00000008     (.tramp.xdc_runtime_System_doPrint__I.1)
                  00005244    00000008     (.tramp.ti_sysbios_knl_Swi_restore__E.1)

.const     0    0000524c    0000071b     
                  0000524c    000003b8     release_pem4f.oem4f (.const:ROM_constStruct)
                  00005604    00000054     drivers_cc13x2.aem4f : PowerCC26X2.oem4f (.const:resourceDB)
                  00005658    00000048     release_pem4f.oem4f (.const:.string)
                  000056a0    00000048     release_pem4f.oem4f (.const:ROM_externFuncPtrs)
                  000056e8    00000028     drivers_cc13x2.aem4f : UARTCC26XX.oem4f (.const:UARTCC26XX_fxnTable)
                  00005710    00000028     ti_drivers_config.obj (.const:uartCC26XXHWAttrs)
                  00005738    00000024     drivers_cc13x2.aem4f : UART.oem4f (.const:UART_defaultParams)
                  0000575c    00000024     release_pem4f.oem4f (.const:xdc_runtime_Startup_sfxnTab__A)
                  00005780    00000020     display.aem4f : DisplayUart.oem4f (.const:DisplayUartMin_fxnTable)
                  000057a0    0000001c     ti_drivers_config.obj (.const:BoardGpioInitTable)
                  000057bc    00000018     drivers_cc13x2.aem4f : I2CCC26XX.oem4f (.const:I2CCC26XX_fxnTable)
                  000057d4    00000018     ti_drivers_config.obj (.const:i2cCC26xxHWAttrs)
                  000057ec    00000018     drivers_cc13x2.aem4f : GPIOCC26XX.oem4f (.const:interruptType)
                  00005804    00000014     ti_drivers_config.obj (.const:GPIOCC26XX_config)
                  00005818    00000014     ti_drivers_config.obj (.const:PowerCC26X2_config)
                  0000582c    00000014     ti_drivers_config.obj (.const:displayUartHWAttrs)
                  00005840    00000014     drivers_cc13x2.aem4f : UARTCC26XX.oem4f (.const:parityType)
                  00005854    00000012     release_pem4f.oem4f (.const:xdc_runtime_Startup_sfxnRts__A)
                  00005866    00000001     display.aem4f : Display.oem4f (.const:Display_defaultParams)
                  00005867    00000001     release_pem4f.oem4f (.const:xdc_runtime_Text_charTab__A)
                  00005868    00000010     drivers_cc13x2.aem4f : I2C.oem4f (.const:I2C_defaultParams)
                  00005878    00000010     i2copt3001.obj (.const:OPT3001_config)
                  00005888    00000010     sail.lib : opt3001.obj (.const:OPT3001_defaultParams)
                  00005898    00000010     drivers_cc13x2.aem4f : UARTCC26XX.oem4f (.const:dataLength)
                  000058a8    00000010                          : GPIOCC26XX.oem4f (.const:outPinTypes)
                  000058b8    0000000c     ti_drivers_config.obj (.const:Display_config)
                  000058c4    0000000c     ti_drivers_config.obj (.const:I2C_config)
                  000058d0    0000000c     ti_drivers_config.obj (.const:UART_config)
                  000058dc    0000000c     drivers_cc13x2.aem4f : GPIOCC26XX.oem4f (.const:inPinTypes)
                  000058e8    0000000c                          : GPIOCC26XX.oem4f (.const:outPinStrengths)
                  000058f4    0000000c     release_pem4f.oem4f (.const:xdc_runtime_Startup_firstFxns__A)
                  00005900    00000008     driverlib.lib : aux_sysif.obj (.const:$O1$$)
                  00005908    00000008     i2copt3001.obj (.const:OPT3001_hwAttrs)
                  00005910    00000008     ti_drivers_config.obj (.const:PINCC26XX_hwAttrs)
                  00005918    00000008     drivers_cc13x2.aem4f : I2CCC26XX.oem4f (.const:bitRate)
                  00005920    00000008                          : UARTCC26XX.oem4f (.const:stopBits)
                  00005928    00000008     release_pem4f.oem4f (.const:ti_sysbios_family_arm_m3_Hwi_excHookFuncs__A)
                  00005930    00000008     release_pem4f.oem4f (.const:ti_sysbios_knl_Idle_funcList__A)
                  00005938    00000006     drivers_cc13x2.aem4f : UARTCC26XX.oem4f (.const:.string:rxFifoBytes)
                  0000593e    00000006                          : UARTCC26XX.oem4f (.const:.string:rxFifoThreshold)
                  00005944    00000006                          : UARTCC26XX.oem4f (.const:.string:txFifoBytes)
                  0000594a    00000006                          : UARTCC26XX.oem4f (.const:.string:txFifoThreshold)
                  00005950    00000004     release_pem4f.oem4f (.const:ti_sysbios_family_arm_m3_Hwi_E_exception__C)
                  00005954    00000004     release_pem4f.oem4f (.const:ti_sysbios_heaps_HeapMem_primaryHeapBaseAddr__C)
                  00005958    00000004     release_pem4f.oem4f (.const:ti_sysbios_heaps_HeapMem_primaryHeapEndAddr__C)
                  0000595c    00000004     release_pem4f.oem4f (.const:ti_sysbios_knl_Clock_tickPeriod__C)
                  00005960    00000004     release_pem4f.oem4f (.const:ti_sysbios_knl_Task_Object__heap__C)
                  00005964    00000003     ti_drivers_config.obj (.const)

MODULE SUMMARY

       Module                             code    ro data   rw data
       ------                             ----    -------   -------
    ./
       i2copt3001.obj                     1064    24        70     
       main_tirtos.obj                    112     0         0      
    +--+----------------------------------+-------+---------+---------+
       Total:                             1176    24        70     
                                                                   
    ./syscfg/
       ti_drivers_config.obj              30      199       1608   
       ti_devices_config.obj              0       88        0      
    +--+----------------------------------+-------+---------+---------+
       Total:                             30      287       1608   
                                                                   
    /Users/vkmetyk/Work/Iot/sensors/tirtos_builds_CC1352R1_LAUNCHXL_release_ccs/Debug/configPkg/package/cfg/
       release_pem4f.oem4f                802     1259      1830   
    +--+----------------------------------+-------+---------+---------+
       Total:                             802     1259      1830   
                                                                   
    /Users/vkmetyk/Work/Iot/sensors/tirtos_builds_CC1352R1_LAUNCHXL_release_ccs/src/sysbios/rom_sysbios.aem4f
       rom_sysbios.obj                    2057    0         136    
    +--+----------------------------------+-------+---------+---------+
       Total:                             2057    0         136    
                                                                   
    /Volumes/Storage/shared/vkmetyk/ccs/ccs/tools/compiler/ti-cgt-arm_20.2.4.LTS/lib/rtsv7M4_T_le_v4SPD16_eabi.lib
       fd_add_t2.asm.obj                  438     0         0      
       fd_cmp_t2.asm.obj                  268     0         0      
       fd_mul_t2.asm.obj                  252     0         0      
       memcpy_t2.asm.obj                  156     0         0      
       ull_div_t2.asm.obj                 150     0         0      
       memset_t2.asm.obj                  122     0         0      
       copy_decompress_lzss.c.obj         104     0         0      
       cpy_tbl.c.obj                      76      0         0      
       fd_toi_t2.asm.obj                  72      0         0      
       fd_tou_t2.asm.obj                  68      0         0      
       u_divt2.asm.obj                    64      0         0      
       fs_tod_t2.asm.obj                  56      0         0      
       i_tofd_t2.asm.obj                  46      0         0      
       _lock.c.obj                        26      0         8      
       args_main.c.obj                    24      0         0      
       ll_mul_t2.asm.obj                  24      0         0      
       copy_decompress_none.c.obj         14      0         0      
       copy_zero_init.c.obj               12      0         0      
       stkdepth_vars.c.obj                0       0         4      
       div0.asm.obj                       2       0         0      
    +--+----------------------------------+-------+---------+---------+
       Total:                             1974    0         12     
                                                                   
    /Volumes/Storage/shared/vkmetyk/ccs/sail_1_50_00_00/source/ti/sail/lib/ccs/cc1352r1/sail.lib
       opt3001.obj                        1248    16        1      
    +--+----------------------------------+-------+---------+---------+
       Total:                             1248    16        1      
                                                                   
    /Volumes/Storage/shared/vkmetyk/ccs/simplelink_cc13x2_26x2_sdk_3_30_00_03/kernel/tirtos/packages/ti/dpl/lib/dpl_cc13x2.aem4f
       PowerCC26X2_tirtos.oem4f           240     0         8      
       SemaphoreP_tirtos.oem4f            126     0         0      
       ClockP_tirtos.oem4f                110     0         4      
       SwiP_tirtos.oem4f                  96      0         0      
       HwiP_tirtos.oem4f                  94      0         0      
       SystemP_tirtos.oem4f               4       0         0      
    +--+----------------------------------+-------+---------+---------+
       Total:                             670     0         12     
                                                                   
    /Volumes/Storage/shared/vkmetyk/ccs/simplelink_cc13x2_26x2_sdk_3_30_00_03/kernel/tirtos/packages/ti/targets/arm/rtsarm/lib/auto_init.aem4f
       auto_init.oem4f                    160     0         0      
    +--+----------------------------------+-------+---------+---------+
       Total:                             160     0         0      
                                                                   
    /Volumes/Storage/shared/vkmetyk/ccs/simplelink_cc13x2_26x2_sdk_3_30_00_03/kernel/tirtos/packages/ti/targets/arm/rtsarm/lib/boot.aem4f
       boot.oem4f                         88      0         0      
    +--+----------------------------------+-------+---------+---------+
       Total:                             88      0         0      
                                                                   
    /Volumes/Storage/shared/vkmetyk/ccs/simplelink_cc13x2_26x2_sdk_3_30_00_03/source/ti/devices/cc13x2_cc26x2/driverlib/bin/ccs/driverlib.lib
       sys_ctrl.obj                       408     0         0      
       osc.obj                            336     0         28     
       setup.obj                          324     0         0      
       chipinfo.obj                       226     0         0      
       aux_sysif.obj                      52      8         0      
       cpu.obj                            30      0         0      
       driverlib_release.obj              0       0         1      
    +--+----------------------------------+-------+---------+---------+
       Total:                             1376    8         29     
                                                                   
    /Volumes/Storage/shared/vkmetyk/ccs/simplelink_cc13x2_26x2_sdk_3_30_00_03/source/ti/display/lib/display.aem4f
       DisplayUart.oem4f                  184     32        0      
       Display.oem4f                      134     1         0      
    +--+----------------------------------+-------+---------+---------+
       Total:                             318     33        0      
                                                                   
    /Volumes/Storage/shared/vkmetyk/ccs/simplelink_cc13x2_26x2_sdk_3_30_00_03/source/ti/drivers/lib/drivers_cc13x2.aem4f
       UARTCC26XX.oem4f                   2742    108       0      
       PowerCC26X2.oem4f                  2082    84        272    
       PINCC26XX.oem4f                    1558    0         276    
       I2CCC26XX.oem4f                    1486    32        0      
       PowerCC26X2_calibrateRCOSC.oem4f   1400    0         0      
       GPIOCC26XX.oem4f                   740     64        61     
       UART.oem4f                         186     36        1      
       I2C.oem4f                          172     16        1      
       RingBuf.oem4f                      152     0         0      
       List.oem4f                         76      0         0      
    +--+----------------------------------+-------+---------+---------+
       Total:                             10594   340       611    
                                                                   
       Stack:                             0       0         1024   
       Linker Generated:                  512     471       0      
    +--+----------------------------------+-------+---------+---------+
       Grand Total:                       21005   2438      5333   


LINKER GENERATED COPY TABLES

__TI_cinit_table @ 00005b18 records: 5, size/record: 8, table size: 40
	.data: load addr=00005968, load size=00000183 bytes, run addr=20001bd0, run size=00000536 bytes, compression=lzss
	.bss: load addr=00005af8, load size=00000008 bytes, run addr=20001110, run size=00000abb bytes, compression=zero_init
	.data:xdcRomConstPtr: load addr=00005b00, load size=00000008 bytes, run addr=20000100, run size=00000004 bytes, compression=lzss
	.data:xdcRomExternFuncPtr: load addr=00005b08, load size=00000008 bytes, run addr=20000104, run size=00000004 bytes, compression=lzss
	.data:xdcRomStatePtr: load addr=00005b10, load size=00000008 bytes, run addr=20000108, run size=00000004 bytes, compression=lzss


LINKER GENERATED HANDLER TABLE

__TI_handler_table @ 00005aec records: 3, size/record: 4, table size: 12
	index: 0, handler: __TI_decompress_lzss
	index: 1, handler: __TI_decompress_none
	index: 2, handler: __TI_zero_init


FAR CALL TRAMPOLINES

callee name               trampoline name
   callee addr  tramp addr   call addr  call info
--------------  -----------  ---------  ----------------
xdc_runtime_System_vsnprintf__E  $Tramp$TT$L$PI$$xdc_runtime_System_vsnprintf__E
   1002f8b9     0000504c     00005028   dpl_cc13x2.aem4f : SystemP_tirtos.oem4f (.text:SystemP_vsnprintf)
ti_sysbios_knl_Swi_destruct  $Tramp$TT$L$PI$$ti_sysbios_knl_Swi_destruct
   1002e8bd     00005054     00005014   dpl_cc13x2.aem4f : SwiP_tirtos.oem4f (.text:SwiP_destruct)
ti_sysbios_family_arm_m3_Hwi_enableInterrupt__E  $Tramp$TT$L$PI$$ti_sysbios_family_arm_m3_Hwi_enableInterrupt__E
   1002d91d     0000505c     00005008   dpl_cc13x2.aem4f : HwiP_tirtos.oem4f (.text:HwiP_enableInterrupt)
ti_sysbios_family_arm_m3_Hwi_disableInterrupt__E  $Tramp$TT$L$PI$$ti_sysbios_family_arm_m3_Hwi_disableInterrupt__E
   1002d8d9     00005064     00005004   dpl_cc13x2.aem4f : HwiP_tirtos.oem4f (.text:HwiP_disableInterrupt)
ti_sysbios_family_arm_m3_Hwi_disableFxn__E  $Tramp$TT$L$PI$$ti_sysbios_family_arm_m3_Hwi_disableFxn__E
   1002eb55     0000506c     00005000   dpl_cc13x2.aem4f : HwiP_tirtos.oem4f (.text:HwiP_disable)
ti_sysbios_family_arm_m3_Hwi_destruct  $Tramp$TT$L$PI$$ti_sysbios_family_arm_m3_Hwi_destruct
   1002e475     00005074     00004ffc   dpl_cc13x2.aem4f : HwiP_tirtos.oem4f (.text:HwiP_destruct)
ti_sysbios_BIOS_getCpuFreq__E  $Tramp$TT$L$PI$$ti_sysbios_BIOS_getCpuFreq__E
   1002e9fd     0000507c     00004fec   dpl_cc13x2.aem4f : ClockP_tirtos.oem4f (.text:ClockP_getCpuFreq)
ti_sysbios_knl_Clock_destruct  $Tramp$TT$L$PI$$ti_sysbios_knl_Clock_destruct
   1002e649     00005084     00004fe8   dpl_cc13x2.aem4f : ClockP_tirtos.oem4f (.text:ClockP_destruct)
ti_sysbios_knl_Task_self__E  $Tramp$TT$L$PI$$ti_sysbios_knl_Task_self__E
   1002eaf5     0000508c     00004f2a   rom_sysbios.aem4f : rom_sysbios.obj (.text:pthread_self)
                             00004f8a   release_pem4f.oem4f (.text:ti_sysbios_rts_ti_ReentSupport_getTlsAddr__I)
ti_sysbios_knl_Semaphore_delete  $Tramp$TT$L$PI$$ti_sysbios_knl_Semaphore_delete
   1002ecdb     00005094     00004efe   dpl_cc13x2.aem4f : SemaphoreP_tirtos.oem4f (.text:SemaphoreP_delete)
ti_sysbios_knl_Clock_logTick__E  $Tramp$TT$L$PI$$ti_sysbios_knl_Clock_logTick__E
   1002dbd7     0000509c     00004dda   release_pem4f.oem4f (.text:ti_sysbios_knl_Clock_doTick__I)
ti_sysbios_BIOS_getThreadType__E  $Tramp$TT$L$PI$$ti_sysbios_BIOS_getThreadType__E
   1002ea95     000050a4     00004cda   rom_sysbios.aem4f : rom_sysbios.obj (.text:ti_sysbios_rts_ti_ReentSupport_getReent__F)
ti_sysbios_knl_Swi_post__E  $Tramp$TT$L$PI$$ti_sysbios_knl_Swi_post__E
   1002d891     000050ac     00004cd4   rom_sysbios.aem4f : rom_sysbios.obj (.text:ti_sysbios_knl_Swi_or__E)
                             00004de2   release_pem4f.oem4f (.text:ti_sysbios_knl_Clock_doTick__I)
                             00005024   dpl_cc13x2.aem4f : SwiP_tirtos.oem4f (.text:SwiP_post)
ti_sysbios_BIOS_RtsGateProxy_leave__E  $Tramp$TT$L$PI$$ti_sysbios_BIOS_RtsGateProxy_leave__E
   1002ec7b     000050b4     00004cb6   release_pem4f.oem4f (.text:ti_sysbios_BIOS_rtsUnlock__I)
ti_sysbios_knl_Swi_construct  $Tramp$TT$L$PI$$ti_sysbios_knl_Swi_construct
   1002d719     000050bc     00004bca   rom_sysbios.aem4f : rom_sysbios.obj (.text:ti_sysbios_knl_Swi_construct2__E)
ti_sysbios_BIOS_RtsGateProxy_enter__E  $Tramp$TT$L$PI$$ti_sysbios_BIOS_RtsGateProxy_enter__E
   1002ec77     000050c4     00004aa2   release_pem4f.oem4f (.text:ti_sysbios_BIOS_rtsLock__I)
ti_sysbios_knl_Clock_TimerProxy_getCurrentTick__E  $Tramp$TT$L$PI$$ti_sysbios_knl_Clock_TimerProxy_getCurrentTick__E
   1002eac5     000050cc     000047c6   rom_sysbios.aem4f : rom_sysbios.obj (.text:ti_sysbios_knl_Clock_getTicksUntilInterrupt__E)
ti_sysbios_knl_Task_delete  $Tramp$TT$L$PI$$ti_sysbios_knl_Task_delete
   1002ece7     000050d4     00004770   rom_sysbios.aem4f : rom_sysbios.obj (.text:_pthread_delete$45)
ti_sysbios_knl_Semaphore_destruct  $Tramp$TT$L$PI$$ti_sysbios_knl_Semaphore_destruct
   1002e6fd     000050dc     00004764   rom_sysbios.aem4f : rom_sysbios.obj (.text:_pthread_delete$45)
                             0000500c   dpl_cc13x2.aem4f : SemaphoreP_tirtos.oem4f (.text:SemaphoreP_destruct)
ti_sysbios_knl_Semaphore_create  $Tramp$TT$L$PI$$ti_sysbios_knl_Semaphore_create
   1002dc49     000050e4     00004750   dpl_cc13x2.aem4f : SemaphoreP_tirtos.oem4f (.text:SemaphoreP_createBinary)
ti_sysbios_knl_Task_startup__E  $Tramp$TT$L$PI$$ti_sysbios_knl_Task_startup__E
   1002eceb     000050ec     00004668   release_pem4f.oem4f (.text:ti_sysbios_BIOS_startFunc__I)
ti_sysbios_knl_Swi_startup__E  $Tramp$TT$L$PI$$ti_sysbios_knl_Swi_startup__E
   1002ec6b     000050f4     00004664   release_pem4f.oem4f (.text:ti_sysbios_BIOS_startFunc__I)
ti_sysbios_hal_Hwi_startup__E  $Tramp$TT$L$PI$$ti_sysbios_hal_Hwi_startup__E
   1002ec31     000050fc     00004660   release_pem4f.oem4f (.text:ti_sysbios_BIOS_startFunc__I)
ti_sysbios_family_arm_cc26xx_Timer_startup__E  $Tramp$TT$L$PI$$ti_sysbios_family_arm_cc26xx_Timer_startup__E
   1002dcf1     00005104     0000465c   release_pem4f.oem4f (.text:ti_sysbios_BIOS_startFunc__I)
xdc_runtime_System_atexit__E  $Tramp$TT$L$PI$$xdc_runtime_System_atexit__E
   1002f559     0000510c     00004654   release_pem4f.oem4f (.text:ti_sysbios_BIOS_startFunc__I)
ti_sysbios_BIOS_linkedWithIncorrectBootLibrary__E  $Tramp$TT$L$PI$$ti_sysbios_BIOS_linkedWithIncorrectBootLibrary__E
   1002d01b     00005114     0000464e   release_pem4f.oem4f (.text:ti_sysbios_BIOS_startFunc__I)
xdc_runtime_Startup_rtsDone__E  $Tramp$TT$L$PI$$xdc_runtime_Startup_rtsDone__E
   1002f8e5     0000511c     00004646   release_pem4f.oem4f (.text:ti_sysbios_BIOS_startFunc__I)
ti_sysbios_knl_Swi_disable__E  $Tramp$TT$L$PI$$ti_sysbios_knl_Swi_disable__E
   1002ea25     00005124     00004616   release_pem4f.oem4f (.text:ti_sysbios_BIOS_atExitFunc__I)
                             00004b96   dpl_cc13x2.aem4f : PowerCC26X2_tirtos.oem4f (.text:PowerCC26XX_schedulerDisable)
                             00005018                    : SwiP_tirtos.oem4f (.text:SwiP_disable)
ti_sysbios_family_arm_m3_Hwi_construct  $Tramp$TT$L$PI$$ti_sysbios_family_arm_m3_Hwi_construct
   1002d421     0000512c     000042ae   rom_sysbios.aem4f : rom_sysbios.obj (.text:ti_sysbios_family_arm_m3_Hwi_construct2__E)
ti_sysbios_knl_Task_sleep__E  $Tramp$TT$L$PI$$ti_sysbios_knl_Task_sleep__E
   1002ce01     00005134     00004282   rom_sysbios.aem4f : rom_sysbios.obj (.text:sleep)
ti_sysbios_knl_Swi_Params__init__S  $Tramp$TT$L$PI$$ti_sysbios_knl_Swi_Params__init__S
   1002ebf1     0000513c     00004236   dpl_cc13x2.aem4f : SwiP_tirtos.oem4f (.text:SwiP_construct)
ti_sysbios_family_arm_m3_Hwi_Params__init__S  $Tramp$TT$L$PI$$ti_sysbios_family_arm_m3_Hwi_Params__init__S
   1002eb49     00005144     00004180   dpl_cc13x2.aem4f : HwiP_tirtos.oem4f (.text:HwiP_construct)
strlen                    $Tramp$TT$L$PI$$strlen
   1002fddb     0000514c     00003e66   display.aem4f : DisplayUart.oem4f (.text:DisplayUartMin_vprintf)
ti_sysbios_knl_Clock_construct  $Tramp$TT$L$PI$$ti_sysbios_knl_Clock_construct
   1002dd8d     00005154     00003a62   dpl_cc13x2.aem4f : ClockP_tirtos.oem4f (.text:ClockP_construct)
ti_sysbios_knl_Clock_Params__init__S  $Tramp$TT$L$PI$$ti_sysbios_knl_Clock_Params__init__S
   1002eb9d     0000515c     00003a48   dpl_cc13x2.aem4f : ClockP_tirtos.oem4f (.text:ClockP_construct)
xdc_runtime_System_exit__E  $Tramp$TT$L$PI$$xdc_runtime_System_exit__E
   1002f7b1     00005164     00003910   boot.aem4f : boot.oem4f (.text)
                             00004d5a   release_pem4f.oem4f (.text:ti_sysbios_BIOS_exitFunc__I)
ti_sysbios_heaps_HeapMem_restore__E  $Tramp$TT$L$PI$$ti_sysbios_heaps_HeapMem_restore__E
   1002eb13     0000516c     00003804   rom_sysbios.aem4f : rom_sysbios.obj (.text:ti_sysbios_heaps_HeapMem_initPrimary__I)
ti_sysbios_heaps_HeapMem_Object__get__S  $Tramp$TT$L$PI$$ti_sysbios_heaps_HeapMem_Object__get__S
   1002e275     00005174     000037d4   rom_sysbios.aem4f : rom_sysbios.obj (.text:ti_sysbios_heaps_HeapMem_initPrimary__I)
ti_sysbios_BIOS_start__E  $Tramp$TT$L$PI$$ti_sysbios_BIOS_start__E
   1002eaa5     0000517c     0000329c   main_tirtos.obj (.text:main)
xdc_runtime_Error_raiseX__E  $Tramp$TT$L$PI$$xdc_runtime_Error_raiseX__E
   1002f739     00005184     00002f46   rom_sysbios.aem4f : rom_sysbios.obj (.text:ti_sysbios_family_arm_m3_Hwi_excHandlerMin__I)
ti_sysbios_BIOS_setThreadType__E  $Tramp$TT$L$PI$$ti_sysbios_BIOS_setThreadType__E
   1002ea11     0000518c     00002f06   rom_sysbios.aem4f : rom_sysbios.obj (.text:ti_sysbios_family_arm_m3_Hwi_excHandlerMin__I)
                             00004620   release_pem4f.oem4f (.text:ti_sysbios_BIOS_atExitFunc__I)
                             00004d54   release_pem4f.oem4f (.text:ti_sysbios_BIOS_exitFunc__I)
ti_sysbios_family_arm_m3_Hwi_excFillContext__I  $Tramp$TT$L$PI$$ti_sysbios_family_arm_m3_Hwi_excFillContext__I
   1002bda9     00005194     00002f00   rom_sysbios.aem4f : rom_sysbios.obj (.text:ti_sysbios_family_arm_m3_Hwi_excHandlerMin__I)
ti_sysbios_knl_Semaphore_post__E  $Tramp$TT$L$PI$$ti_sysbios_knl_Semaphore_post__E
   1002cd21     0000519c     00002ba2   rom_sysbios.aem4f : rom_sysbios.obj (.text:_pthread_removeThreadKeys)
                             000039b0                     : rom_sysbios.obj (.text:pthread_exit)
                             00004f80                     : rom_sysbios.obj (.text:sem_post)
                             00005010   dpl_cc13x2.aem4f : SemaphoreP_tirtos.oem4f (.text:SemaphoreP_post)
xdc_runtime_Memory_free__E  $Tramp$TT$L$PI$$xdc_runtime_Memory_free__E
   1002f81d     000051a4     00002b98   rom_sysbios.aem4f : rom_sysbios.obj (.text:_pthread_removeThreadKeys)
                             0000477c                     : rom_sysbios.obj (.text:_pthread_delete$45)
ti_sysbios_knl_Queue_next__E  $Tramp$TT$L$PI$$ti_sysbios_knl_Queue_next__E
   1002ecd7     000051ac     00002b72   rom_sysbios.aem4f : rom_sysbios.obj (.text:_pthread_removeThreadKeys)
ti_sysbios_knl_Queue_head__E  $Tramp$TT$L$PI$$ti_sysbios_knl_Queue_head__E
   1002ecd3     000051b4     00002b5e   rom_sysbios.aem4f : rom_sysbios.obj (.text:_pthread_removeThreadKeys)
ti_sysbios_knl_Semaphore_pend__E  $Tramp$TT$L$PI$$ti_sysbios_knl_Semaphore_pend__E
   1002bfb1     000051bc     00002b58   rom_sysbios.aem4f : rom_sysbios.obj (.text:_pthread_removeThreadKeys)
                             00004e00   dpl_cc13x2.aem4f : SemaphoreP_tirtos.oem4f (.text:SemaphoreP_pend)
                             00004ea6   rom_sysbios.aem4f : rom_sysbios.obj (.text:sem_wait)
ti_sysbios_knl_Task_restore__E  $Tramp$TT$L$PI$$ti_sysbios_knl_Task_restore__E
   1002df45     000051c4     0000268a   rom_sysbios.aem4f : rom_sysbios.obj (.text:ti_sysbios_knl_Task_setPri__E)
                             00002b4c                     : rom_sysbios.obj (.text:_pthread_removeThreadKeys)
                             00002bac                     : rom_sysbios.obj (.text:_pthread_removeThreadKeys)
                             000039c2                     : rom_sysbios.obj (.text:pthread_exit)
                             00004930                     : rom_sysbios.obj (.text:_pthread_cleanupFxn)
                             00004bb6   dpl_cc13x2.aem4f : PowerCC26X2_tirtos.oem4f (.text:PowerCC26XX_schedulerRestore)
ti_sysbios_knl_Queue_enqueue__E  $Tramp$TT$L$PI$$ti_sysbios_knl_Queue_enqueue__E
   1002ebd9     000051cc     0000265c   rom_sysbios.aem4f : rom_sysbios.obj (.text:ti_sysbios_knl_Task_setPri__E)
ti_sysbios_knl_Queue_empty__E  $Tramp$TT$L$PI$$ti_sysbios_knl_Queue_empty__E
   1002eb21     000051d4     00002644   rom_sysbios.aem4f : rom_sysbios.obj (.text:ti_sysbios_knl_Task_setPri__E)
                             00002b44                     : rom_sysbios.obj (.text:_pthread_removeThreadKeys)
ti_sysbios_knl_Queue_remove__E  $Tramp$TT$L$PI$$ti_sysbios_knl_Queue_remove__E
   1002eb2f     000051dc     0000263e   rom_sysbios.aem4f : rom_sysbios.obj (.text:ti_sysbios_knl_Task_setPri__E)
                             00002b7a                     : rom_sysbios.obj (.text:_pthread_removeThreadKeys)
                             00002b80                     : rom_sysbios.obj (.text:_pthread_removeThreadKeys)
ti_sysbios_knl_Task_disable__E  $Tramp$TT$L$PI$$ti_sysbios_knl_Task_disable__E
   1002ea4d     000051e4     00002604   rom_sysbios.aem4f : rom_sysbios.obj (.text:ti_sysbios_knl_Task_setPri__E)
                             00002b3a                     : rom_sysbios.obj (.text:_pthread_removeThreadKeys)
                             000039b6                     : rom_sysbios.obj (.text:pthread_exit)
                             0000461a   release_pem4f.oem4f (.text:ti_sysbios_BIOS_atExitFunc__I)
                             00004922   rom_sysbios.aem4f : rom_sysbios.obj (.text:_pthread_cleanupFxn)
                             00004b8e   dpl_cc13x2.aem4f : PowerCC26X2_tirtos.oem4f (.text:PowerCC26XX_schedulerDisable)
ti_sysbios_knl_Clock_stop__E  $Tramp$TT$L$PI$$ti_sysbios_knl_Clock_stop__E
   1002e2c5     000051ec     000023ae   dpl_cc13x2.aem4f : PowerCC26X2_tirtos.oem4f (.text:PowerCC26XX_standbyPolicy)
                             00004ff8                    : ClockP_tirtos.oem4f (.text:ClockP_stop)
ti_sysbios_knl_Clock_start__E  $Tramp$TT$L$PI$$ti_sysbios_knl_Clock_start__E
   1002e9e7     000051f4     000023a2   dpl_cc13x2.aem4f : PowerCC26X2_tirtos.oem4f (.text:PowerCC26XX_standbyPolicy)
                             00004ff4                    : ClockP_tirtos.oem4f (.text:ClockP_start)
ti_sysbios_knl_Clock_setTimeout__E  $Tramp$TT$L$PI$$ti_sysbios_knl_Clock_setTimeout__E
   1002ecc3     000051fc     0000239c   dpl_cc13x2.aem4f : PowerCC26X2_tirtos.oem4f (.text:PowerCC26XX_standbyPolicy)
                             00004ff0                    : ClockP_tirtos.oem4f (.text:ClockP_setTimeout)
ti_sysbios_knl_Task_create  $Tramp$TT$L$PI$$ti_sysbios_knl_Task_create
   1002d529     00005204     00001cc6   rom_sysbios.aem4f : rom_sysbios.obj (.text:pthread_create)
ti_sysbios_knl_Semaphore_construct  $Tramp$TT$L$PI$$ti_sysbios_knl_Semaphore_construct
   1002ddc1     0000520c     00001cbc   rom_sysbios.aem4f : rom_sysbios.obj (.text:pthread_create)
                             00004724   dpl_cc13x2.aem4f : SemaphoreP_tirtos.oem4f (.text:SemaphoreP_constructBinary)
                             000049a8   rom_sysbios.aem4f : rom_sysbios.obj (.text:sem_init)
ti_sysbios_knl_Semaphore_Params__init__S  $Tramp$TT$L$PI$$ti_sysbios_knl_Semaphore_Params__init__S
   1002ebe5     00005214     00001caa   rom_sysbios.aem4f : rom_sysbios.obj (.text:pthread_create)
                             00004714   dpl_cc13x2.aem4f : SemaphoreP_tirtos.oem4f (.text:SemaphoreP_constructBinary)
                             00004740                    : SemaphoreP_tirtos.oem4f (.text:SemaphoreP_createBinary)
ti_sysbios_knl_Queue_construct  $Tramp$TT$L$PI$$ti_sysbios_knl_Queue_construct
   1002dee5     0000521c     00001c9e   rom_sysbios.aem4f : rom_sysbios.obj (.text:pthread_create)
xdc_runtime_Memory_alloc__E  $Tramp$TT$L$PI$$xdc_runtime_Memory_alloc__E
   1002f289     00005224     00001c46   rom_sysbios.aem4f : rom_sysbios.obj (.text:pthread_create)
ti_sysbios_knl_Task_Params__init__S  $Tramp$TT$L$PI$$ti_sysbios_knl_Task_Params__init__S
   1002ec09     0000522c     00001c32   rom_sysbios.aem4f : rom_sysbios.obj (.text:pthread_create)
ti_sysbios_family_arm_m3_Hwi_restoreFxn__E  $Tramp$TT$L$PI$$ti_sysbios_family_arm_m3_Hwi_restoreFxn__E
   1002ec47     00005234     0000110a   drivers_cc13x2.aem4f : UARTCC26XX.oem4f (.text:UARTCC26XX_open)
                             00001116                        : UARTCC26XX.oem4f (.text:UARTCC26XX_open)
                             000011a0                        : UARTCC26XX.oem4f (.text:UARTCC26XX_open)
                             000013ec                        : UARTCC26XX.oem4f (.text:UARTCC26XX_read)
                             00001448                        : UARTCC26XX.oem4f (.text:UARTCC26XX_read)
                             00001470                        : UARTCC26XX.oem4f (.text:UARTCC26XX_read)
                             00001482                        : UARTCC26XX.oem4f (.text:UARTCC26XX_read)
                             000014cc                        : UARTCC26XX.oem4f (.text:UARTCC26XX_read)
                             000014dc                        : UARTCC26XX.oem4f (.text:UARTCC26XX_read)
                             0000163c                        : I2CCC26XX.oem4f (.text:I2CCC26XX_transfer)
                             00001650                        : I2CCC26XX.oem4f (.text:I2CCC26XX_transfer)
                             00001786                        : GPIOCC26XX.oem4f (.text:GPIO_setConfig)
                             000017b6                        : GPIOCC26XX.oem4f (.text:GPIO_setConfig)
                             00001bde                        : PINCC26XX.oem4f (.text:PINCC26XX_setIoCfg)
                             00001d18                        : I2CCC26XX.oem4f (.text:I2CCC26XX_open)
                             00001d28                        : I2CCC26XX.oem4f (.text:I2CCC26XX_open)
                             00001d46                        : I2CCC26XX.oem4f (.text:I2CCC26XX_open)
                             00001e08                        : UARTCC26XX.oem4f (.text:UARTCC26XX_write)
                             00001e2a                        : UARTCC26XX.oem4f (.text:UARTCC26XX_write)
                             00001e80                        : UARTCC26XX.oem4f (.text:UARTCC26XX_write)
                             00001f70                        : PowerCC26X2.oem4f (.text:Power_releaseDependency)
                             00001fa6                        : GPIOCC26XX.oem4f (.text:GPIO_init)
                             00001fac                        : GPIOCC26XX.oem4f (.text:GPIO_init)
                             000021bc                        : PowerCC26X2.oem4f (.text:Power_setDependency)
                             000027e4                        : UARTCC26XX.oem4f (.text:writeTxFifoFlush)
                             00002922                        : UARTCC26XX.oem4f (.text:UARTCC26XX_writeCancel)
                             00002938                        : UARTCC26XX.oem4f (.text:UARTCC26XX_writeCancel)
                             0000296c                        : UARTCC26XX.oem4f (.text:UARTCC26XX_writeCancel)
                             00002a10                        : I2CCC26XX.oem4f (.text:I2CCC26XX_cancel)
                             000035ca                        : UARTCC26XX.oem4f (.text:UARTCC26XX_control)
                             0000369e                        : GPIOCC26XX.oem4f (.text:GPIO_write)
                             0000389e                        : PowerCC26X2_calibrateRCOSC.oem4f (.text:PowerCC26X2_initiateCalibration)
                             00003ab6                        : GPIOCC26XX.oem4f (.text:GPIO_enableInt)
                             00003b3e                        : UARTCC26XX.oem4f (.text:UARTCC26XX_readCancel)
                             00003b52                        : UARTCC26XX.oem4f (.text:UARTCC26XX_readCancel)
                             00003c1c                        : PowerCC26X2.oem4f (.text:switchXOSCHF)
                             00003d56                        : PINCC26XX.oem4f (.text:PIN_setOutputEnable)
                             00003e9e                        : RingBuf.oem4f (.text:RingBuf_put)
                             00003ec8                        : RingBuf.oem4f (.text:RingBuf_put)
                             00003f02                        : I2C.oem4f (.text:I2C_init)
                             00003fce                        : UART.oem4f (.text:UART_init)
                             00004092                        : RingBuf.oem4f (.text:RingBuf_get)
                             0000409a                        : RingBuf.oem4f (.text:RingBuf_get)
                             000045d8                        : PowerCC26X2.oem4f (.text:Power_releaseConstraint)
                             00004608                        : PowerCC26X2.oem4f (.text:Power_setConstraint)
[...]
1002eb3d  xdc_runtime_Timestamp_getFreq__E                                   
1002eb3d  xdc_runtime_Timestamp_getFreq__E                                   
1002eb49  ti_sysbios_family_arm_m3_Hwi_Params__init__S                       
1002eb49  ti_sysbios_hal_Hwi_HwiProxy_Params__init__S                        
1002eb55  ti_sysbios_family_arm_m3_Hwi_disableFxn__E                         
1002eb61  ti_sysbios_family_arm_m3_Hwi_enableFxn__E                          
1002eb6d  ti_sysbios_gates_GateHwi_enter__E                                  
1002eb79  ti_sysbios_BIOS_RtsGateProxy_Params__init__S                       
1002eb79  ti_sysbios_gates_GateMutex_Params__init__S                         
1002eb79  ti_sysbios_heaps_HeapMem_Module_GateProxy_Params__init__S          
1002eb85  ti_sysbios_heaps_HeapTrack_Params__init__S                         
1002eb91  ti_sysbios_heaps_HeapTrack_isBlocking__E                           
1002eb9d  ti_sysbios_knl_Clock_Params__init__S                               
1002eba9  ti_sysbios_knl_Clock_getTimerHandle__E                             
1002ebb5  ti_sysbios_knl_Event_Params__init__S                               
1002ebc1  ti_sysbios_knl_Mailbox_Params__init__S                             
1002ebcd  ti_sysbios_knl_Queue_dequeue__E                                    
1002ebd9  ti_sysbios_knl_Queue_enqueue__E                                    
1002ebe5  ti_sysbios_knl_Semaphore_Params__init__S                           
1002ebf1  ti_sysbios_knl_Swi_Params__init__S                                 
1002ebfd  ti_sysbios_knl_Swi_self__E                                         
1002ec09  ti_sysbios_knl_Task_Params__init__S                                
1002ec15  ti_sysbios_hal_Hwi_Instance_finalize__E                            
1002ec1f  ti_sysbios_knl_Event_Instance_init__E                              
1002ec29  ti_sysbios_family_arm_m3_Hwi_doSwiRestore__I                       
1002ec31  ti_sysbios_family_arm_m3_Hwi_startup__E                            
1002ec31  ti_sysbios_hal_Hwi_HwiProxy_startup__E                             
1002ec31  ti_sysbios_hal_Hwi_HwiProxy_startup__E                             
1002ec31  ti_sysbios_hal_Hwi_startup__E                                      
1002ec31  ti_sysbios_hal_Hwi_startup__E                                      
1002ec39  ti_sysbios_knl_Idle_loop__E                                        
1002ec41  ti_sysbios_family_arm_m3_Hwi_doTaskRestore__I                      
1002ec47  HwiP_restore                                                       
1002ec47  ti_sysbios_family_arm_m3_Hwi_restoreFxn__E                         
1002ec4d  ti_sysbios_gates_GateHwi_leave__E                                  
1002ec53  ti_sysbios_gates_GateMutex_Instance_finalize__E                    
1002ec59  ti_sysbios_heaps_HeapMem_isBlocking__E                             
1002ec5f  ti_sysbios_knl_Queue_Instance_init__E                              
1002ec65  ti_sysbios_knl_Queue_elemClear__E                                  
1002ec6b  ti_sysbios_knl_Swi_startup__E                                      
1002ec71  ti_sysbios_knl_Task_enable__E                                      
1002ec77  ti_sysbios_BIOS_RtsGateProxy_enter__E                              
1002ec7b  ti_sysbios_BIOS_RtsGateProxy_leave__E                              
1002ec7f  ti_sysbios_family_arm_cc26xx_Timer_getExpiredTicks__E              
1002ec83  ti_sysbios_family_arm_cc26xx_Timer_getPeriod__E                    
1002ec87  ti_sysbios_family_arm_cc26xx_Timer_setPeriod__E                    
1002ec8b  ti_sysbios_family_arm_m3_Hwi_delete                                
1002ec8f  ti_sysbios_family_arm_m3_TaskSupport_Module__startupDone__S        
1002ec8f  ti_sysbios_knl_Task_SupportProxy_Module__startupDone__S            
1002ec93  ti_sysbios_gates_GateHwi_query__E                                  
1002ec93  xdc_runtime_Main_Module_GateProxy_query__E                         
1002ec93  xdc_runtime_System_Module_GateProxy_query__E                       
1002ec93  xdc_runtime_System_Module_GateProxy_query__E                       
1002ec97  ti_sysbios_gates_GateMutex_delete                                  
1002ec9b  ti_sysbios_BIOS_RtsGateProxy_query__E                              
1002ec9b  ti_sysbios_BIOS_RtsGateProxy_query__E                              
1002ec9b  ti_sysbios_gates_GateMutex_query__E                                
1002ec9b  ti_sysbios_heaps_HeapMem_Module_GateProxy_query__E                 
1002ec9b  ti_sysbios_heaps_HeapMem_Module_GateProxy_query__E                 
1002ec9f  ti_sysbios_hal_Hwi_HwiProxy_create                                 
1002eca3  ti_sysbios_hal_Hwi_HwiProxy_delete                                 
1002eca7  ti_sysbios_hal_Hwi_delete                                          
1002ecab  ti_sysbios_heaps_HeapMem_Module_GateProxy_enter__E                 
1002ecaf  ti_sysbios_heaps_HeapMem_Module_GateProxy_leave__E                 
1002ecb3  ti_sysbios_knl_Clock_TimerProxy_getExpiredTicks__E                 
1002ecb7  ti_sysbios_knl_Clock_TimerProxy_getPeriod__E                       
1002ecbb  ti_sysbios_knl_Clock_delete                                        
1002ecbf  ti_sysbios_knl_Clock_removeI__E                                    
1002ecc3  ti_sysbios_knl_Clock_setTimeout__E                                 
1002ecc7  ti_sysbios_knl_Event_delete                                        
1002eccb  ti_sysbios_knl_Mailbox_delete                                      
1002eccf  ti_sysbios_knl_Queue_delete                                        
1002ecd3  ti_sysbios_knl_Queue_head__E                                       
1002ecd7  ti_sysbios_knl_Queue_next__E                                       
1002ecdb  ti_sysbios_knl_Semaphore_delete                                    
1002ecdf  ti_sysbios_knl_Swi_delete                                          
1002ece3  ti_sysbios_knl_Swi_postInit__I                                     
1002ece7  ti_sysbios_knl_Task_delete                                         
1002eceb  ti_sysbios_knl_Task_startup__E                                     
1002ecf1  xdc_runtime_System_doPrint__I                                      
1002f055  xdc_runtime_Startup_startMods__I                                   
1002f15d  xdc_runtime_Text_putSite__E                                        
1002f1f7  xdc_runtime_Error_policySpin__E                                    
1002f1f9  xdc_runtime_Text_putMod__E                                         
1002f289  xdc_runtime_Memory_alloc__E                                        
1002f2f9  xdc_runtime_Core_createObject__I                                   
1002f367  xdc_runtime_Core_deleteObject__I                                   
1002f3c5  xdc_runtime_Text_putLab__E                                         
1002f421  xdc_runtime_Assert_raise__I                                        
1002f475  xdc_runtime_Startup_exec__E                                        
1002f4c9  xdc_runtime_Core_assignParams__I                                   
1002f511  xdc_runtime_Core_constructObject__I                                
1002f559  xdc_runtime_System_atexit__E                                       
1002f5a1  xdc_runtime_Text_xprintf__I                                        
1002f5e5  xdc_runtime_System_processAtExit__E                                
1002f625  xdc_runtime_System_putchar__I                                      
1002f659  xdc_runtime_Core_assignLabel__I                                    
1002f689  xdc_runtime_Text_printVisFxn__I                                    
1002f6b9  xdc_runtime_System_vprintf__E                                      
1002f6e5  xdc_runtime_Text_cordText__E                                       
1002f711  xdc_runtime_System_abort__E                                        
1002f739  xdc_runtime_Error_raiseX__E                                        
1002f759  xdc_runtime_Registry_findById__E                                   
1002f779  xdc_runtime_Error_check__E                                         
1002f795  xdc_runtime_Memory_valloc__E                                       
1002f7b1  xdc_runtime_System_exit__E                                         
1002f7cd  xdc_runtime_Text_ropeText__E                                       
1002f7e9  xdc_runtime_System_printf__E                                       
1002f803  xdc_runtime_Core_destructObject__I                                 
1002f81b  xdc_runtime_System_abortSpin__E                                    
1002f81d  xdc_runtime_Memory_free__E                                         
1002f831  xdc_runtime_Memory_getStats__E                                     
1002f845  xdc_runtime_SysCallback_abort__E                                   
1002f845  xdc_runtime_System_SupportProxy_abort__E                           
1002f859  xdc_runtime_SysCallback_exit__E                                    
1002f859  xdc_runtime_System_SupportProxy_exit__E                            
1002f86d  xdc_runtime_SysCallback_flush__E                                   
1002f86d  xdc_runtime_System_SupportProxy_flush__E                           
1002f86d  xdc_runtime_System_flush__E                                        
1002f881  xdc_runtime_SysCallback_putch__E                                   
1002f881  xdc_runtime_System_SupportProxy_putch__E                           
1002f895  xdc_runtime_SysCallback_ready__E                                   
1002f895  xdc_runtime_System_SupportProxy_ready__E                           
1002f8a9  xdc_runtime_Memory_getMaxDefaultTypeAlign__E                       
1002f8b9  xdc_runtime_System_vsnprintf__E                                    
1002f8c9  xdc_runtime_Timestamp_SupportProxy_get32__E                        
1002f8c9  xdc_runtime_Timestamp_SupportProxy_get32__E                        
1002f8c9  xdc_runtime_Timestamp_get32__E                                     
1002f8c9  xdc_runtime_Timestamp_get32__E                                     
1002f8d9  xdc_runtime_Memory_calloc__E                                       
1002f8e5  xdc_runtime_Startup_rtsDone__E                                     
1002f8f1  xdc_runtime_Memory_HeapProxy_alloc__E                              
1002f8fb  xdc_runtime_Memory_HeapProxy_free__E                               
1002f905  xdc_runtime_Memory_HeapProxy_getStats__E                           
1002f90f  xdc_runtime_Gate_leaveSystem__E                                    
1002f915  xdc_runtime_System_Module_startup__E                               
1002f91b  xdc_runtime_Gate_enterSystem__E                                    
1002f91f  xdc_runtime_SysCallback_Module__startupDone__S                     
1002f91f  xdc_runtime_System_SupportProxy_Module__startupDone__S             
1002f923  xdc_runtime_System_Module_GateProxy_enter__E                       
1002f927  xdc_runtime_System_Module_GateProxy_leave__E                       
1002f92b  xdc_runtime_System_printf_va__F                                    
1002f92f  xdc_runtime_System_exitSpin__E                                     
1002f931  ti_sysbios_family_arm_m3_Hwi_dispatch__I                           
1002fa11  ti_sysbios_family_arm_m3_Hwi_interruptsAreDisabledButShouldNotBe   
1002fa2d  ti_sysbios_family_arm_m3_TaskSupport_buildTaskStack                
1002fab9  ti_sysbios_family_arm_m3_Hwi_initStacks__E                         
1002fb11  ti_sysbios_family_arm_m3_Hwi_pendSV__I                             
1002fb35  ti_sysbios_family_arm_m3_Hwi_return                                
1002fb39  ti_sysbios_family_arm_m3_Hwi_excHandlerAsm__I                      
1002fb59  ti_sysbios_family_xxx_Hwi_switchAndRunFunc                         
1002fb77  ti_sysbios_family_arm_m3_TaskSupport_swap__E                       
1002fb77  ti_sysbios_knl_Task_SupportProxy_swap__E                           
1002fb77  ti_sysbios_knl_Task_SupportProxy_swap__E                           
1002fb83  ti_sysbios_knl_Task_swapReturn                                     
1002fb8f  ti_sysbios_family_arm_m3_TaskSupport_glue                          
1002fba0  ti_sysbios_knl_Task_Object__PARAMS__C                              
1002fbdc  ti_sysbios_knl_Mailbox_Object__PARAMS__C                           
1002fc10  ti_sysbios_family_arm_m3_Hwi_Object__PARAMS__C                     
1002fc40  ti_sysbios_hal_Hwi_Object__PARAMS__C                               
1002fc6c  ti_sysbios_knl_Swi_Object__PARAMS__C                               
1002fc94  ti_sysbios_heaps_HeapMem_Object__PARAMS__C                         
1002fcb8  ti_sysbios_knl_Clock_Object__PARAMS__C                             
1002fcdc  ti_sysbios_knl_Semaphore_Object__PARAMS__C                         
1002fd00  ti_sysbios_gates_GateHwi_Object__PARAMS__C                         
1002fd18  ti_sysbios_gates_GateMutex_Object__PARAMS__C                       
1002fd30  ti_sysbios_knl_Event_Object__PARAMS__C                             
1002fd48  ti_sysbios_knl_Queue_Object__PARAMS__C                             
1002fd80  ti_sysbios_heaps_HeapTrack_Object__PARAMS__C                       
1002fd9c  ti_sysbios_heaps_HeapTrack_Instance_State_trackQueue__O            
1002fda0  ti_sysbios_heaps_HeapTrack_Module__diagsEnabled__C                 
1002fda4  ti_sysbios_heaps_HeapTrack_Module__diagsIncluded__C                
1002fda8  ti_sysbios_heaps_HeapTrack_Module__diagsMask__C                    
1002fddb  strlen                                                             
20000000  __start___llvm_prf_cnts                                            
20000000  __stop___llvm_prf_cnts                                             
20000000  ti_sysbios_family_arm_m3_Hwi_ramVectors                            
20000100  xdcRomConstPtr                                                     
20000104  xdcRomExternFuncPtr                                                
20000108  xdcRomStatePtr                                                     
20000110  __primary_heap_start__                                             
20001110  __primary_heap_end__                                               
20001510  ti_sysbios_knl_Task_Instance_State_0_stack__A                      
20001710  uartCC26XXObjects                                                  
2000183c  i2cCC26xxObjects                                                   
2000191c  ti_sysbios_family_arm_m3_Hwi_dispatchTable                         
200019f4  pinHandleTable                                                     
20001b58  opt3001Sem                                                         
20001b74  opt3001Params                                                      
20001b90  OPT3001_object                                                     
20001b9c  displayUartObject                                                  
20001bb8  ClockP_tickPeriod                                                  
20001bbc  PowerCC26XX_swiKey                                                 
20001bc0  PowerCC26XX_taskKey                                                
20001bc4  lux                                                                
20001bc8  sampleTime                                                         
20001bca  driverlib_release_0_55938                                          
20001bd0  PowerCC26X2_module                                                 
20001ce0  ROM_stateStruct                                                    
20001ce0  ti_sysbios_knl_Clock_Module__state__V                              
20001d0c  ti_sysbios_family_arm_cc26xx_TimestampProvider_Module__state__V    
20001d10  xdc_runtime_Startup_Module__state__V                               
20001d18  xdc_runtime_Registry_Module__state__V                              
20001d20  ti_sysbios_BIOS_Module__state__V                                   
20001d44  ti_sysbios_knl_Swi_Module__state__V                                
20001d60  ti_sysbios_knl_Task_Module__state__V                               
20001da4  xdc_runtime_Memory_Module__state__V                                
20001da8  xdc_runtime_System_Module__state__V                                
20001db0  ti_sysbios_family_arm_m3_Hwi_Module__state__V                      
20001de4  ti_sysbios_family_arm_cc26xx_Timer_Module__state__V                
20001e74  ti_sysbios_gates_GateMutex_Object__table__V                        
20001ec8  ti_sysbios_knl_Task_Object__table__V                               
20001f18  ti_sysbios_family_arm_cc26xx_Timer_Object__table__V                
20001f60  ti_sysbios_knl_Swi_Module_State_0_readyQ__A                        
20001f90  ti_sysbios_knl_Swi_Object__table__V                                
20001fc0  ti_sysbios_knl_Task_Module_State_0_readyQ__A                       
20001ff0  ti_sysbios_knl_Clock_Object__table__V                              
20002010  xdc_runtime_Error_IgnoreBlock                                      
20002030  ti_sysbios_family_arm_m3_Hwi_Object__table__V                      
20002048  ti_sysbios_heaps_HeapMem_Object__table__V                          
20002060  _lock                                                              
20002064  _unlock                                                            
20002068  pinUpperBound                                                      
2000206c  pinLowerBound                                                      
20002070  gpioCallbackFunctions                                              
20002078  gpioPinConfigs                                                     
20002080  ti_sysbios_family_arm_m3_Hwi_Module__root__V                       
20002088  ti_sysbios_gates_GateHwi_Module__root__V                           
20002090  ti_sysbios_gates_GateMutex_Module__root__V                         
20002098  ti_sysbios_hal_Hwi_Module__root__V                                 
200020a0  ti_sysbios_heaps_HeapMem_Module__root__V                           
200020a8  ti_sysbios_knl_Clock_Module__root__V                               
200020b0  ti_sysbios_knl_Event_Module__root__V                               
200020b8  ti_sysbios_knl_Mailbox_Module__root__V                             
200020c0  ti_sysbios_knl_Queue_Module__root__V                               
200020c8  ti_sysbios_knl_Semaphore_Module__root__V                           
200020d0  ti_sysbios_knl_Swi_Module__root__V                                 
200020d8  ti_sysbios_knl_Task_Module__root__V                                
200020e0  xdc_runtime_System_Module_State_0_atexitHandlers__A                
200020ee  ti_sysbios_family_arm_m3_Hwi_Module_State_0_excActive__A           
200020f0  opt3001Handle                                                      
200020f4  main_func_sp                                                       
200020f8  ti_sysbios_family_arm_m3_Hwi_Module_State_0_excContext__A          
200020fc  ti_sysbios_family_arm_m3_Hwi_Module_State_0_excStack__A            
20002100  ti_sysbios_knl_Task_Module_State_0_idleTask__A                     
20013c00  __stack                                                            
20014000  __STACK_END                                                        
e000e000  ti_sysbios_family_arm_m3_Hwi_nvic                                  
ffffffff  __TI_pprof_out_hndl                                                
ffffffff  __TI_prof_data_size                                                
ffffffff  __TI_prof_data_start                                               
ffffffff  __binit__                                                          
ffffffff  __c_args__                                                         
ffffffff  binit                                                              
UNDEFED   SHT$$INIT_ARRAY$$Base                                              
UNDEFED   SHT$$INIT_ARRAY$$Limit                                             

[903 symbols]
