******************************************************************************
                  TI ARM Linker Unix v20.2.4                   
******************************************************************************
>> Linked Fri Dec 25 16:56:25 2020

OUTPUT FILE NAME:   <i2cbmi160_CC1352R1_LAUNCHXL_tirtos_ccs.out>
ENTRY POINT SYMBOL: "ResetISR"  address: 0000895d


MEMORY CONFIGURATION

         name            origin    length      used     unused   attr    fill
----------------------  --------  ---------  --------  --------  ----  --------
  FLASH                 00000000   00058000  0000b1d7  0004ce29  R  X
  GPRAM                 11000000   00002000  00000000  00002000  RW X
  SRAM                  20000000   00014000  000035dc  00010a24  RW X


SEGMENT ALLOCATION MAP

run origin  load origin   length   init length attrs members
----------  ----------- ---------- ----------- ----- -------
00000000    00000000    0000b180   0000b180    r-x
  00000000    00000000    0000003c   0000003c    r-- .resetVecs
  0000003c    0000003c    0000a874   0000a874    r-x .text
  0000a8b0    0000a8b0    000006f7   000006f7    r-- .const
  0000afa8    0000afa8    000001d8   000001d8    r-- .cinit
00057fa8    00057fa8    00000058   00000058    r--
  00057fa8    00057fa8    00000058   00000058    r-- .ccfg
20000100    20000100    00001bc2   00000000    rw-
  20000100    20000100    00000004   00000000    rw- .data:xdcRomConstPtr
  20000104    20000104    00000004   00000000    rw- .data:xdcRomExternFuncPtr
  20000108    20000108    00000004   00000000    rw- .data:xdcRomStatePtr
  20000110    20000110    00001bb2   00000000    rw- .bss
20001cc8    20001cc8    00001000   00000000    r--
  20001cc8    20001cc8    00001000   00000000    r-- .priheap
20002cc8    20002cc8    00000546   00000000    rw-
  20002cc8    20002cc8    00000546   00000000    rw- .data
20013c00    20013c00    00000400   00000000    rw-
  20013c00    20013c00    00000400   00000000    rw- .stack


SECTION ALLOCATION MAP

 output                                  attributes/
section   page    origin      length       input sections
--------  ----  ----------  ----------   ----------------
.binit     0    00000000    00000000     

.cinit     0    0000afa8    000001d8     
                  0000afa8    0000017d     (.cinit..data.load) [load image, compression = lzss]
                  0000b125    00000003     --HOLE-- [fill = 0]
                  0000b128    0000000c     (__TI_handler_table)
                  0000b134    00000004     --HOLE-- [fill = 0]
                  0000b138    00000008     (.cinit..bss.load) [load image, compression = zero_init]
                  0000b140    00000008     (.cinit..data:xdcRomConstPtr.load) [load image, compression = lzss]
                  0000b148    00000008     (.cinit..data:xdcRomExternFuncPtr.load) [load image, compression = lzss]
                  0000b150    00000008     (.cinit..data:xdcRomStatePtr.load) [load image, compression = lzss]
                  0000b158    00000028     (__TI_cinit_table)

.init_array 
*          0    00000000    00000000     UNINITIALIZED

.ccfg      0    00057fa8    00000058     
                  00057fa8    00000058     ti_devices_config.obj (.ccfg:retain)

.bss       0    20000110    00001bb2     UNINITIALIZED
                  20000110    00000e4c     (.common:header_data)
                  20000f5c    00000400     ti_drivers_config.obj (.bss:displayUARTBuffer)
                  2000135c    00000004     drivers_cc13x2.aem4f : PINCC26XX.oem4f (.bss)
                  20001360    00000200     release_pem4f.oem4f (.bss:taskStackSection)
                  20001560    00000200     sail.lib : bmi160.obj (.bss:v_fifo_data_u8)
                  20001760    0000012c     (.common:uartCC26XXObjects)
                  2000188c    000000e0     (.common:i2cCC26xxObjects)
                  2000196c    000000d8     (.common:ti_sysbios_family_arm_m3_Hwi_dispatchTable)
                  20001a44    0000007c     (.common:pinHandleTable)
                  20001ac0    00000040     (.common:yas537_data)
                  20001b00    00000034     drivers_cc13x2.aem4f : PINCC26XX.oem4f (.bss:pinSwi)
                  20001b34    00000020                          : GPIOCC26XX.oem4f (.bss:gpioCallbackInfo)
                  20001b54    00000020                          : PINCC26XX.oem4f (.bss:pinGpioConfigTable)
                  20001b74    00000020     ti_drivers_config.obj (.bss:uartCC26XXRingBuffer0)
                  20001b94    0000001c     driverlib.lib : osc.obj (.bss:$O1$$)
                  20001bb0    0000001c     drivers_cc13x2.aem4f : PINCC26XX.oem4f (.bss:pinHwi)
                  20001bcc    0000001c                          : PINCC26XX.oem4f (.bss:pinSemaphore)
                  20001be8    0000001c     (.common:bmi160Sem)
                  20001c04    0000001c     (.common:displaySem)
                  20001c20    00000014     (.common:s_bmi160)
                  20001c34    00000010     (.common:i2cParams)
                  20001c44    00000010     (.common:mag_trim)
                  20001c54    0000000c                          : GPIOCC26XX.oem4f (.bss:gpioPinState)
                  20001c60    0000000c     (.common:displayUartObject)
                  20001c6c    0000000c     (.common:fifo_vector_xyz)
                  20001c78    0000000c     (.common:processed_data)
                  20001c84    00000008                          : GPIOCC26XX.oem4f (.bss)
                  20001c8c    00000008     (.common:mag_data)
                  20001c94    00000004     (.common:ClockP_tickPeriod)
                  20001c98    00000004     (.common:PowerCC26XX_swiKey)
                  20001c9c    00000004     (.common:PowerCC26XX_taskKey)
                  20001ca0    00000004     (.common:cbTask)
                  20001ca4    00000004     (.common:dispTask)
                  20001ca8    00000004     (.common:display)
                  20001cac    00000004     (.common:gyr_setting)
                  20001cb0    00000004     (.common:i2c)
                  20001cb4    00000004     (.common:p_bmi160)
                  20001cb8    00000002     (.common:gyro_off_x)
                  20001cba    00000002     (.common:gyro_off_y)
                  20001cbc    00000002     (.common:gyro_off_z)
                  20001cbe    00000001     (.common:accel_off_x)
                  20001cbf    00000001     (.common:accel_off_y)
                  20001cc0    00000001     (.common:accel_off_z)
                  20001cc1    00000001     (.common:driverlib_release_0_55938)

.data      0    20002cc8    00000546     UNINITIALIZED
                  20002cc8    00000110     drivers_cc13x2.aem4f : PowerCC26X2.oem4f (.data:PowerCC26X2_module)
                  20002dd8    0000010c     release_pem4f.oem4f (.data:ROM_stateStruct)
                  20002ee4    00000088     rom_sysbios.aem4f : rom_sysbios.obj (.data:$O1$$)
                  20002f6c    00000054     release_pem4f.oem4f (.data:ti_sysbios_gates_GateMutex_Object__table__V)
                  20002fc0    0000004c     release_pem4f.oem4f (.data:ti_sysbios_knl_Task_Object__table__V)
                  2000300c    00000004     bmi160_support.obj (.data)
                  20003010    00000048     release_pem4f.oem4f (.data:ti_sysbios_family_arm_cc26xx_Timer_Object__table__V)
                  20003058    00000030     release_pem4f.oem4f (.data:ti_sysbios_knl_Swi_Module_State_0_readyQ__A)
                  20003088    00000030     release_pem4f.oem4f (.data:ti_sysbios_knl_Swi_Object__table__V)
                  200030b8    00000030     release_pem4f.oem4f (.data:ti_sysbios_knl_Task_Module_State_0_readyQ__A)
                  200030e8    00000020     release_pem4f.oem4f (.data:ti_sysbios_knl_Clock_Object__table__V)
                  20003108    00000020     release_pem4f.oem4f (.data:xdc_runtime_Error_IgnoreBlock)
                  20003128    00000018     release_pem4f.oem4f (.data:ti_sysbios_family_arm_m3_Hwi_Object__table__V)
                  20003140    00000018     release_pem4f.oem4f (.data:ti_sysbios_heaps_HeapMem_Object__table__V)
                  20003158    0000000c     bmi160_support.obj (.data:magxyz)
                  20003164    00000008     rtsv7M4_T_le_v4SPD16_eabi.lib : _lock.c.obj (.data:$O1$$)
                  2000316c    00000008     drivers_cc13x2.aem4f : PINCC26XX.oem4f (.data)
                  20003174    00000008     release_pem4f.oem4f (.data:ti_sysbios_family_arm_m3_Hwi_Module__root__V)
                  2000317c    00000008     release_pem4f.oem4f (.data:ti_sysbios_gates_GateHwi_Module__root__V)
                  20003184    00000008     release_pem4f.oem4f (.data:ti_sysbios_gates_GateMutex_Module__root__V)
                  2000318c    00000008     release_pem4f.oem4f (.data:ti_sysbios_hal_Hwi_Module__root__V)
                  20003194    00000008     release_pem4f.oem4f (.data:ti_sysbios_heaps_HeapMem_Module__root__V)
                  2000319c    00000008     release_pem4f.oem4f (.data:ti_sysbios_knl_Clock_Module__root__V)
                  200031a4    00000008     release_pem4f.oem4f (.data:ti_sysbios_knl_Event_Module__root__V)
                  200031ac    00000008     release_pem4f.oem4f (.data:ti_sysbios_knl_Mailbox_Module__root__V)
                  200031b4    00000008     release_pem4f.oem4f (.data:ti_sysbios_knl_Queue_Module__root__V)
                  200031bc    00000008     release_pem4f.oem4f (.data:ti_sysbios_knl_Semaphore_Module__root__V)
                  200031c4    00000008     release_pem4f.oem4f (.data:ti_sysbios_knl_Swi_Module__root__V)
                  200031cc    00000008     release_pem4f.oem4f (.data:ti_sysbios_knl_Task_Module__root__V)
                  200031d4    00000008     release_pem4f.oem4f (.data:xdc_runtime_System_Module_State_0_atexitHandlers__A)
                  200031dc    00000006     bmi160_support.obj (.data:accelxyz)
                  200031e2    00000006     bmi160_support.obj (.data:gyroxyz)
                  200031e8    00000005     drivers_cc13x2.aem4f : GPIOCC26XX.oem4f (.data)
                  200031ed    00000001                          : I2C.oem4f (.data)
                  200031ee    00000002     release_pem4f.oem4f (.data:ti_sysbios_family_arm_m3_Hwi_Module_State_0_excActive__A)
                  200031f0    00000004     ti_drivers_config.obj (.data:gpioCallbackFunctions)
                  200031f4    00000004     ti_drivers_config.obj (.data:gpioPinConfigs)
                  200031f8    00000004     drivers_cc13x2.aem4f : GPIOCC26XX.oem4f (.data:gpioPinTable)
                  200031fc    00000004     rtsv7M4_T_le_v4SPD16_eabi.lib : stkdepth_vars.c.obj (.data)
                  20003200    00000004     release_pem4f.oem4f (.data:ti_sysbios_family_arm_m3_Hwi_Module_State_0_excContext__A)
                  20003204    00000004     release_pem4f.oem4f (.data:ti_sysbios_family_arm_m3_Hwi_Module_State_0_excStack__A)
                  20003208    00000004     release_pem4f.oem4f (.data:ti_sysbios_knl_Task_Module_State_0_idleTask__A)
                  2000320c    00000001     drivers_cc13x2.aem4f : UART.oem4f (.data)
                  2000320d    00000001     sail.lib : bmi160.obj (.data)

.stack     0    20013c00    00000400     UNINITIALIZED
                  20013c00    00000400     --HOLE--

.priheap   0    20001cc8    00001000     UNINITIALIZED
                  20001cc8    00001000     --HOLE--

.data:xdcRomConstPtr 
*          0    20000100    00000004     UNINITIALIZED
                  20000100    00000004     release_pem4f.oem4f (.data:xdcRomConstPtr)

.data:xdcRomExternFuncPtr 
*          0    20000104    00000004     UNINITIALIZED
                  20000104    00000004     release_pem4f.oem4f (.data:xdcRomExternFuncPtr)

.data:xdcRomStatePtr 
*          0    20000108    00000004     UNINITIALIZED
                  20000108    00000004     release_pem4f.oem4f (.data:xdcRomStatePtr)

.bootVecs 
*          0    00000000    00000008     DSECT
                  00000000    00000008     boot.aem4f : boot.oem4f (.bootVecs)

.resetVecs 
*          0    00000000    0000003c     
                  00000000    0000003c     release_pem4f.oem4f (.resetVecs)

.vecs      0    20000000    000000d8     NOLOAD SECTION
                  20000000    000000d8     release_pem4f.oem4f (.vecs)

xdc.meta   0    00000000    00000107     COPY SECTION
                  00000000    00000107     release_pem4f.oem4f (xdc.meta)

xdc.noload 
*          0    00000000    00000000     COPY SECTION

__llvm_prf_cnts 
*          0    20000000    00000000     UNINITIALIZED

.text      0    0000003c    0000a874     
                  0000003c    00000c18     sail.lib : bmi160.obj (.text:bmi160_read_fifo_header_data_user_defined_length)
                  00000c54    00000ab0     bmi160_support.obj (.text:bmi160_config_running_mode)
                  00001704    000004ac     sail.lib : bmi160.obj (.text:bmi160_read_bmm150_mag_trim)
                  00001bb0    000003c8              : bmi160.obj (.text:bmi160_second_if_mag_compensate_xyz)
                  00001f78    00000360              : bmi160.obj (.text:bmi160_bmm150_mag_interface_init)
                  000022d8    0000035c              : bmi160.obj (.text:bmi160_set_bmm150_mag_presetmode)
                  00002634    000002fc              : bmi160.obj (.text:bmi160_set_accel_output_data_rate)
                  00002930    000002d8              : bmi160.obj (.text:bmi160_set_intr_enable_0)
                  00002c08    000002d8              : bmi160.obj (.text:bmi160_set_intr_enable_1)
                  00002ee0    00000288              : bmi160.obj (.text:bmi160_bst_yamaha_yas537_fifo_xyz_data)
                  00003168    00000278     bmi160_support.obj (.text:bmiInterruptHandlerTask)
                  000033e0    00000250     sail.lib : bmi160.obj (.text:bmi160_accel_foc_trigger_xyz)
                  00003630    000001c4     drivers_cc13x2.aem4f : PINCC26XX.oem4f (.text:PIN_init)
                  000037f4    000001b6     rtsv7M4_T_le_v4SPD16_eabi.lib : fd_add_t2.asm.obj (.text)
                  000039aa    00000002     ti_drivers_config.obj (.text:Board_initHook)
                  000039ac    000001b4     bmi160_support.obj (.text:bmi160_initialize_sensor)
                  00003b60    000001a8     drivers_cc13x2.aem4f : PowerCC26X2.oem4f (.text:Power_sleep)
                  00003d08    00000190                          : PowerCC26X2_calibrateRCOSC.oem4f (.text:calibrateRcoscHf1)
                  00003e98    0000018c                          : PowerCC26X2.oem4f (.text:Power_init)
                  00004024    0000018c     sail.lib : bmi160.obj (.text:bmi160_set_foc_gyro_enable)
                  000041b0    0000018c     drivers_cc13x2.aem4f : PowerCC26X2_calibrateRCOSC.oem4f (.text:runCalibrateFsm)
                  0000433c    00000188     release_pem4f.oem4f (.text:xdc_runtime_System_printfExtend__I)
                  000044c4    00000164     drivers_cc13x2.aem4f : UARTCC26XX.oem4f (.text:UARTCC26XX_open)
                  00004628    00000158     sail.lib : bmi160.obj (.text:bmi160_set_intr_enable_2)
                  00004780    00000154     drivers_cc13x2.aem4f : UARTCC26XX.oem4f (.text:UARTCC26XX_hwiIntFxn)
                  000048d4    00000150     sail.lib : bmi160.obj (.text:bmi160_bmm150_mag_set_power_mode)
                  00004a24    00000140              : bmi160.obj (.text:bmi160_set_bmm150_mag_and_secondary_if_power_mode)
                  00004b64    0000013a     drivers_cc13x2.aem4f : UARTCC26XX.oem4f (.text:UARTCC26XX_read)
                  00004c9e    00000002     display.aem4f : DisplayUart.oem4f (.text:DisplayUartMin_clear)
                  00004ca0    00000118     drivers_cc13x2.aem4f : I2CCC26XX.oem4f (.text:I2CCC26XX_hwiFxn)
                  00004db8    00000114                          : I2CCC26XX.oem4f (.text:I2CCC26XX_transfer)
                  00004ecc    00000110                          : GPIOCC26XX.oem4f (.text:GPIO_setConfig)
                  00004fdc    00000108     bmi160_support.obj (.text:displayTask)
                  000050e4    00000100     drivers_cc13x2.aem4f : PowerCC26X2.oem4f (.text:configureXOSCHF)
                  000051e4    000000fc     driverlib.lib : sys_ctrl.obj (.text:NOROM_SysCtrlStandby)
                  000052e0    000000fc     rtsv7M4_T_le_v4SPD16_eabi.lib : fd_mul_t2.asm.obj (.text)
                  000053dc    000000f8     drivers_cc13x2.aem4f : PINCC26XX.oem4f (.text:PINCC26XX_setIoCfg)
                  000054d4    000000f8     sail.lib : bmi160.obj (.text:bmi160_set_intr_fifo_wm)
                  000055cc    000000f8              : bmi160.obj (.text:bmi160_set_intr_level)
                  000056c4    000000f8              : bmi160.obj (.text:bmi160_set_output_enable)
                  000057bc    000000f0     i2cbmi160.obj (.text:mainThread)
                  000058ac    000000ec     rom_sysbios.aem4f : rom_sysbios.obj (.text:pthread_create)
                  00005998    000000e4     drivers_cc13x2.aem4f : I2CCC26XX.oem4f (.text:I2CCC26XX_open)
                  00005a7c    000000e0                          : UARTCC26XX.oem4f (.text:UARTCC26XX_write)
                  00005b5c    000000d4     sail.lib : bmi160.obj (.text:bmi160_bmm150_mag_wakeup)
                  00005c30    000000d0              : bmi160.obj (.text:bmi160_set_gyro_output_data_rate)
                  00005d00    000000c8     drivers_cc13x2.aem4f : PowerCC26X2.oem4f (.text:Power_releaseDependency)
                  00005dc8    000000c4                          : GPIOCC26XX.oem4f (.text:GPIO_init)
                  00005e8c    000000c4                          : PowerCC26X2.oem4f (.text:Power_setDependency)
                  00005f50    000000c4     sail.lib : bmi160.obj (.text:bmi160_bmm150_mag_compensate_X)
                  00006014    000000c4              : bmi160.obj (.text:bmi160_bmm150_mag_compensate_Y)
                  000060d8    000000c0     drivers_cc13x2.aem4f : UARTCC26XX.oem4f (.text:UARTCC26XX_initIO)
                  00006198    000000c0     sail.lib : bmi160.obj (.text:bmi160_read_mag_xyzr)
                  00006258    000000bc              : bmi160.obj (.text:bmi160_get_gyro_offset_compensation_yaxis)
                  00006314    000000bc              : bmi160.obj (.text:bmi160_get_gyro_offset_compensation_zaxis)
                  000063d0    000000b8     drivers_cc13x2.aem4f : UARTCC26XX.oem4f (.text:UARTCC26XX_initHw)
                  00006488    000000b8     sail.lib : bmi160.obj (.text:bmi160_get_gyro_offset_compensation_xaxis)
                  00006540    000000b4     dpl_cc13x2.aem4f : PowerCC26X2_tirtos.oem4f (.text:PowerCC26XX_standbyPolicy)
                  000065f4    000000ac     drivers_cc13x2.aem4f : PINCC26XX.oem4f (.text:PIN_open)
                  000066a0    000000ac     driverlib.lib : setup.obj (.text:TrimAfterColdResetWakeupFromShutDown)
                  0000674c    000000a8     sail.lib : bmi160.obj (.text:bmi160_set_mag_output_data_rate)
                  000067f4    000000a4              : bmi160.obj (.text:bmi160_set_mag_manual_enable)
                  00006898    000000a0     auto_init.aem4f : auto_init.oem4f (.text)
                  00006938    000000a0     sail.lib : bmi160.obj (.text:invalid_magnetic_field)
                  000069d8    000000a0     rom_sysbios.aem4f : rom_sysbios.obj (.text:ti_sysbios_knl_Task_setPri__E)
                  00006a78    0000009c     rtsv7M4_T_le_v4SPD16_eabi.lib : memcpy_t2.asm.obj (.text)
                  00006b14    00000098     driverlib.lib : setup.obj (.text:NOROM_SetupTrimDevice)
                  00006bac    00000098     drivers_cc13x2.aem4f : UARTCC26XX.oem4f (.text:writeTxFifoFlush)
                  00006c44    00000096     rtsv7M4_T_le_v4SPD16_eabi.lib : ull_div_t2.asm.obj (.text)
                  00006cda    00000002     display.aem4f : DisplayUart.oem4f (.text:DisplayUartMin_clearLines)
                  00006cdc    00000094     sail.lib : bmi160.obj (.text:bmi160_bmm150_mag_compensate_Z)
                  00006d70    00000094              : bmi160.obj (.text:bmi160_set_mag_interface_normal)
                  00006e04    00000092     drivers_cc13x2.aem4f : UARTCC26XX.oem4f (.text:UARTCC26XX_writeCancel)
                  00006e96    00000002     display.aem4f : DisplayUart.oem4f (.text:DisplayUartMin_init)
                  00006e98    00000090     bmi160_support.obj (.text:BMI160_I2C_bus_write)
                  00006f28    00000090     drivers_cc13x2.aem4f : I2CCC26XX.oem4f (.text:I2CCC26XX_cancel)
                  00006fb8    00000090     sail.lib : bmi160.obj (.text:bmi160_set_accel_bw)
                  00007048    00000090              : bmi160.obj (.text:bmi160_set_accel_under_sampling_parameter)
                  000070d8    00000090              : bmi160.obj (.text:bmi160_set_fifo_accel_enable)
                  00007168    00000090              : bmi160.obj (.text:bmi160_set_fifo_gyro_enable)
                  000071f8    00000090              : bmi160.obj (.text:bmi160_set_fifo_header_enable)
                  00007288    00000090              : bmi160.obj (.text:bmi160_set_fifo_mag_enable)
                  00007318    00000090              : bmi160.obj (.text:bmi160_set_fifo_time_enable)
                  000073a8    00000090              : bmi160.obj (.text:bmi160_set_gyro_bw)
                  00007438    00000090              : bmi160.obj (.text:bmi160_set_gyro_sleep_state)
                  000074c8    00000090              : bmi160.obj (.text:bmi160_set_gyro_sleep_trigger)
                  00007558    00000090              : bmi160.obj (.text:bmi160_set_gyro_wakeup_intr)
                  000075e8    00000090              : bmi160.obj (.text:bmi160_set_gyro_wakeup_trigger)
                  00007678    00000090              : bmi160.obj (.text:bmi160_set_if_mode)
                  00007708    00000090              : bmi160.obj (.text:bmi160_set_paging_enable)
                  00007798    00000090              : bmi160.obj (.text:bmi160_set_target_page)
                  00007828    0000008c     drivers_cc13x2.aem4f : I2CCC26XX.oem4f (.text:I2CCC26XX_primeTransfer)
                  000078b4    00000088     driverlib.lib : osc.obj (.text:NOROM_OSCHF_AttemptToSwitchToXosc)
                  0000793c    00000088     rom_sysbios.aem4f : rom_sysbios.obj (.text:_pthread_removeThreadKeys)
                  000079c4    00000088     drivers_cc13x2.aem4f : PowerCC26X2_calibrateRCOSC.oem4f (.text:calibrateRcoscHf2)
                  00007a4c    00000088                          : PowerCC26X2.oem4f (.text:disableLFClockQualifiers)
                  00007ad4    00000088                          : PowerCC26X2_calibrateRCOSC.oem4f (.text:updateSubSecInc)
                  00007b5c    00000086     rtsv7M4_T_le_v4SPD16_eabi.lib : fd_cmp_t2.asm.obj (.text:__aeabi_cdcmple)
                  00007be2    00000086                                   : fd_cmp_t2.asm.obj (.text:__aeabi_cdrcmple)
                  00007c68    00000084     drivers_cc13x2.aem4f : UARTCC26XX.oem4f (.text:UARTCC26XX_close)
                  00007cec    00000084     rom_sysbios.aem4f : rom_sysbios.obj (.text:ti_sysbios_family_arm_m3_Hwi_excHandlerMin__I)
                  00007d70    00000080     bmi160_support.obj (.text:bmi160_interrupt_configuration)
                  00007df0    00000080     sail.lib : bmi160.obj (.text:bmi160_set_accel_offset_enable)
                  00007e70    00000080              : bmi160.obj (.text:bmi160_set_gyro_offset_enable)
                  00007ef0    00000080              : bmi160.obj (.text:bmi160_set_i2c_device_addr)
                  00007f70    00000080              : bmi160.obj (.text:bmi160_set_pullup_configuration)
                  00007ff0    00000080     rom_sysbios.aem4f : rom_sysbios.obj (.text:ti_sysbios_family_arm_cc26xx_Timer_start__E)
                  00008070    0000007a     rtsv7M4_T_le_v4SPD16_eabi.lib : memset_t2.asm.obj (.text)
                  000080ea    00000002                                   : _lock.c.obj (.text:_nop)
                  000080ec    00000078     sail.lib : bmi160.obj (.text:bmi160_read_accel_xyz)
                  00008164    00000078              : bmi160.obj (.text:bmi160_read_gyro_xyz)
                  000081dc    00000074     drivers_cc13x2.aem4f : PowerCC26X2_calibrateRCOSC.oem4f (.text:PowerCC26X2_auxISR)
                  00008250    00000072                          : I2CCC26XX.oem4f (.text:I2CCC26XX_swiFxn)
                  000082c2    00000002                          : PowerCC26X2.oem4f (.text:emptyClockFunc)
                  000082c4    00000070                          : PINCC26XX.oem4f (.text:PIN_add)
                  00008334    00000070     main_tirtos.obj (.text:main)
                  000083a4    0000006d     rom_sysbios.aem4f : rom_sysbios.obj (.text:xdc_runtime_System_formatNum__I)
                  00008411    00000001     --HOLE-- [fill = 0]
                  00008412    00000002     rtsv7M4_T_le_v4SPD16_eabi.lib : div0.asm.obj (.text)
                  00008414    00000068     driverlib.lib : osc.obj (.text:NOROM_OSCHF_SwitchToRcOscTurnOffXosc)
                  0000847c    00000068                   : sys_ctrl.obj (.text:NOROM_SysCtrlSetRechargeBeforePowerDown)
                  000084e4    00000068     rtsv7M4_T_le_v4SPD16_eabi.lib : copy_decompress_lzss.c.obj (.text:decompress:lzss:__TI_decompress_lzss)
                  0000854c    00000064     drivers_cc13x2.aem4f : I2CCC26XX.oem4f (.text:I2CCC26XX_initIO)
                  000085b0    00000064                          : UARTCC26XX.oem4f (.text:UARTCC26XX_control)
                  00008614    00000064     sail.lib : bmi160.obj (.text:bmi160_init)
                  00008678    00000062     drivers_cc13x2.aem4f : UARTCC26XX.oem4f (.text:UARTCC26XX_swiIntFxn)
                  000086da    0000005e     sail.lib : bmi160.obj (.text:bmi160_bmm150_mag_compensate_xyz)
                  00008738    0000005c     display.aem4f : Display.oem4f (.text:Display_doOpen)
                  00008794    0000005c     drivers_cc13x2.aem4f : I2CCC26XX.oem4f (.text:I2CCC26XX_close)
                  000087f0    0000005c                          : PINCC26XX.oem4f (.text:PIN_remove)
                  0000884c    0000005c     rom_sysbios.aem4f : rom_sysbios.obj (.text:ti_sysbios_heaps_HeapMem_initPrimary__I)
                  000088a8    0000005c     release_pem4f.oem4f (.text:xdc_runtime_Startup_getState__I)
                  00008904    00000058     drivers_cc13x2.aem4f : PowerCC26X2_calibrateRCOSC.oem4f (.text:PowerCC26X2_initiateCalibration)
                  0000895c    00000058     boot.aem4f : boot.oem4f (.text)
                  000089b4    00000058     rom_sysbios.aem4f : rom_sysbios.obj (.text:pthread_exit)
                  00008a0c    00000054     bmi160_support.obj (.text:BMI160_I2C_bus_read)
                  00008a60    00000054     driverlib.lib : chipinfo.obj (.text:NOROM_ChipInfo_GetChipType)
                  00008ab4    00000054     sail.lib : bmi160.obj (.text:bmi160_get_accel_power_mode_stat)
                  00008b08    00000054              : bmi160.obj (.text:bmi160_get_foc_rdy)
                  00008b5c    00000054              : bmi160.obj (.text:bmi160_get_if_mode)
                  00008bb0    00000054              : bmi160.obj (.text:bmi160_get_mag_manual_enable)
                  00008c04    00000054              : bmi160.obj (.text:bmi160_get_paging_enable)
                  00008c58    00000054              : bmi160.obj (.text:bmi160_get_target_page)
                  00008cac    00000052              : bmi160.obj (.text:xy1y2_to_xyz)
                  00008cfe    00000002     release_pem4f.oem4f (.text:ti_sysbios_BIOS_nullFunc__I)
                  00008d00    00000050     bmi160_support.obj (.text:BMI160_I2C_burst_read)
                  00008d50    00000050     dpl_cc13x2.aem4f : ClockP_tirtos.oem4f (.text:ClockP_construct)
                  00008da0    00000050     drivers_cc13x2.aem4f : GPIOCC26XX.oem4f (.text:GPIO_enableInt)
                  00008df0    00000050     sail.lib : bmi160.obj (.text:bmi160_get_accel_offset_compensation_xaxis)
                  00008e40    00000050              : bmi160.obj (.text:bmi160_get_accel_offset_compensation_yaxis)
                  00008e90    00000050              : bmi160.obj (.text:bmi160_get_accel_offset_compensation_zaxis)
                  00008ee0    00000050              : bmi160.obj (.text:bmi160_get_mag_power_mode_stat)
                  00008f30    00000050              : bmi160.obj (.text:bmi160_get_pullup_configuration)
                  00008f80    0000004c     drivers_cc13x2.aem4f : UARTCC26XX.oem4f (.text:UARTCC26XX_readCancel)
                  00008fcc    0000004c     rtsv7M4_T_le_v4SPD16_eabi.lib : cpy_tbl.c.obj (.text:copy_in)
                  00009018    0000004c     drivers_cc13x2.aem4f : UARTCC26XX.oem4f (.text:startTxFifoEmptyClk)
                  00009064    0000004c                          : PowerCC26X2.oem4f (.text:switchXOSCHF)
                  000090b0    0000004a     display.aem4f : DisplayUart.oem4f (.text:DisplayUartMin_open)
                  000090fa    00000002     rom_sysbios.aem4f : rom_sysbios.obj (.text:xdc_runtime_SysCallback_defaultAbort)
                  000090fc    00000048     drivers_cc13x2.aem4f : I2CCC26XX.oem4f (.text:I2CCC26XX_initHw)
                  00009144    00000048     bmi160_support.obj (.text:I2C_routine)
                  0000918c    00000048     drivers_cc13x2.aem4f : PINCC26XX.oem4f (.text:PIN_setOutputEnable)
                  000091d4    00000048                          : PowerCC26X2_calibrateRCOSC.oem4f (.text:PowerCC26X2_RCOSC_clockFunc)
                  0000921c    00000048     sail.lib : bmi160.obj (.text:bmi160_read_reg)
                  00009264    00000048              : bmi160.obj (.text:bmi160_write_reg)
                  000092ac    00000048     rtsv7M4_T_le_v4SPD16_eabi.lib : fd_toi_t2.asm.obj (.text)
                  000092f4    00000048     drivers_cc13x2.aem4f : UARTCC26XX.oem4f (.text:writeFinishedDoCallback)
                  0000933c    00000046     display.aem4f : DisplayUart.oem4f (.text:DisplayUartMin_vprintf)
                  00009382    00000046     drivers_cc13x2.aem4f : RingBuf.oem4f (.text:RingBuf_put)
                  000093c8    00000044                          : I2C.oem4f (.text:I2C_init)
                  0000940c    00000044     driverlib.lib : chipinfo.obj (.text:NOROM_ChipInfo_GetHwRevision)
                  00009450    00000044     drivers_cc13x2.aem4f : PINCC26XX.oem4f (.text:PIN_swi)
                  00009494    00000044                          : UART.oem4f (.text:UART_init)
                  000094d8    00000044     sail.lib : bmi160.obj (.text:bmi160_fifo_data)
                  0000951c    00000044     rtsv7M4_T_le_v4SPD16_eabi.lib : fd_tou_t2.asm.obj (.text)
                  00009560    00000040     drivers_cc13x2.aem4f : I2C.oem4f (.text:I2C_open)
                  000095a0    00000040                          : RingBuf.oem4f (.text:RingBuf_get)
                  000095e0    00000040                          : UART.oem4f (.text:UART_open)
                  00009620    00000040     sail.lib : bmi160.obj (.text:bmi160_set_command_register)
                  00009660    00000040              : bmi160.obj (.text:bmi160_set_fifo_wm)
                  000096a0    00000040              : bmi160.obj (.text:bmi160_set_mag_read_addr)
                  000096e0    00000040              : bmi160.obj (.text:bmi160_set_mag_write_addr)
                  00009720    00000040              : bmi160.obj (.text:bmi160_set_mag_write_data)
                  00009760    00000040     rtsv7M4_T_le_v4SPD16_eabi.lib : u_divt2.asm.obj (.text)
                  000097a0    00000040     rom_sysbios.aem4f : rom_sysbios.obj (.text:ti_sysbios_family_arm_cc26xx_Timer_setThreshold__I)
                  000097e0    0000003e     dpl_cc13x2.aem4f : HwiP_tirtos.oem4f (.text:HwiP_construct)
                  0000981e    00000002     rom_sysbios.aem4f : rom_sysbios.obj (.text:xdc_runtime_SysCallback_defaultExit)
                  00009820    0000003c     drivers_cc13x2.aem4f : PINCC26XX.oem4f (.text:PIN_setInterrupt)
                  0000985c    0000003c                          : PINCC26XX.oem4f (.text:PIN_setOutputValue)
                  00009898    0000003c     dpl_cc13x2.aem4f : SwiP_tirtos.oem4f (.text:SwiP_construct)
                  000098d4    0000003c     rom_sysbios.aem4f : rom_sysbios.obj (.text:ti_sysbios_family_arm_m3_Hwi_construct2__E)
                  00009910    00000038     driverlib.lib : osc.obj (.text:NOROM_OSC_HPOSCRelativeFrequencyOffsetGet)
                  00009948    00000038     drivers_cc13x2.aem4f : PINCC26XX.oem4f (.text:PIN_setConfig)
                  00009980    00000038                          : PowerCC26X2.oem4f (.text:notify)
                  000099b8    00000038                          : UARTCC26XX.oem4f (.text:readData)
                  000099f0    00000038     rtsv7M4_T_le_v4SPD16_eabi.lib : fs_tod_t2.asm.obj (.text)
                  00009a28    00000038     drivers_cc13x2.aem4f : UARTCC26XX.oem4f (.text:writeData)
                  00009a60    00000036     rom_sysbios.aem4f : rom_sysbios.obj (.text:ti_sysbios_family_arm_cc26xx_Timer_setNextTick__E)
                  00009a96    00000002                       : rom_sysbios.obj (.text:xdc_runtime_SysCallback_defaultFlush)
                  00009a98    00000034     driverlib.lib : aux_sysif.obj (.text:NOROM_AUXSYSIFOpModeChange)
                  00009acc    00000034                   : sys_ctrl.obj (.text:NOROM_SysCtrlIdle)
                  00009b00    00000034     drivers_cc13x2.aem4f : PINCC26XX.oem4f (.text:PIN_clrPendInterrupt)
                  00009b34    00000034                          : UARTCC26XX.oem4f (.text:readData2RingBuf)
                  00009b68    00000034     rom_sysbios.aem4f : rom_sysbios.obj (.text:usleep)
                  00009b9c    00000030     drivers_cc13x2.aem4f : GPIOCC26XX.oem4f (.text:GPIO_hwiIntFxn)
                  00009bcc    00000030                          : GPIOCC26XX.oem4f (.text:GPIO_setCallback)
                  00009bfc    00000030                          : PINCC26XX.oem4f (.text:PINCC26XX_setMux)
                  00009c2c    00000030                          : PowerCC26X2.oem4f (.text:Power_releaseConstraint)
                  00009c5c    00000030                          : PowerCC26X2.oem4f (.text:Power_setConstraint)
                  00009c8c    00000030     release_pem4f.oem4f (.text:ti_sysbios_BIOS_atExitFunc__I)
                  00009cbc    00000030     release_pem4f.oem4f (.text:ti_sysbios_BIOS_startFunc__I)
                  00009cec    00000030     rom_sysbios.aem4f : rom_sysbios.obj (.text:ti_sysbios_family_arm_cc26xx_Timer_getCurrentTick__E)
                  00009d1c    00000030                       : rom_sysbios.obj (.text:ti_sysbios_family_arm_cc26xx_Timer_initDevice__I)
                  00009d4c    0000002e     rtsv7M4_T_le_v4SPD16_eabi.lib : i_tofd_t2.asm.obj (.text)
                  00009d7a    0000002c     dpl_cc13x2.aem4f : SemaphoreP_tirtos.oem4f (.text:SemaphoreP_constructBinary)
                  00009da6    00000002     rom_sysbios.aem4f : rom_sysbios.obj (.text:xdc_runtime_SysCallback_defaultPutch)
                  00009da8    0000002c     dpl_cc13x2.aem4f : SemaphoreP_tirtos.oem4f (.text:SemaphoreP_createBinary)
                  00009dd4    0000002c     rom_sysbios.aem4f : rom_sysbios.obj (.text:_pthread_delete$45)
                  00009e00    0000002c                       : rom_sysbios.obj (.text:pthread_setcancelstate)
                  00009e2c    0000002c                       : rom_sysbios.obj (.text:ti_sysbios_knl_Clock_getTicksUntilInterrupt__E)
                  00009e58    0000002a     display.aem4f : Display.oem4f (.text:Display_doPrintf)
                  00009e82    00000002     --HOLE-- [fill = 0]
                  00009e84    00000028     driverlib.lib : osc.obj (.text:NOROM_OSCHF_TurnOnXosc)
                  00009eac    00000028     drivers_cc13x2.aem4f : PowerCC26X2.oem4f (.text:Power_registerNotify)
                  00009ed4    00000028     sail.lib : bmi160.obj (.text:bmi160_read_fifo_header_data)
                  00009efc    00000028     drivers_cc13x2.aem4f : PowerCC26X2.oem4f (.text:oscillatorISR)
                  00009f24    00000026                          : List.oem4f (.text:List_put)
                  00009f4a    00000026                          : List.oem4f (.text:List_remove)
                  00009f70    00000024     rom_sysbios.aem4f : rom_sysbios.obj (.text:_pthread_cleanupFxn)
                  00009f94    00000024     drivers_cc13x2.aem4f : PowerCC26X2_calibrateRCOSC.oem4f (.text:getTdcSemaphore)
                  00009fb8    00000024     rom_sysbios.aem4f : rom_sysbios.obj (.text:pthread_attr_init)
                  00009fdc    00000024                       : rom_sysbios.obj (.text:sem_init)
                  0000a000    00000024     release_pem4f.oem4f (.text:ti_sysbios_BIOS_registerRTSLock__I)
                  0000a024    00000024     release_pem4f.oem4f (.text:ti_sysbios_BIOS_removeRTSLock__I)
                  0000a048    00000024     rom_sysbios.aem4f : rom_sysbios.obj (.text:ti_sysbios_family_arm_cc26xx_Timer_getMaxTicks__E)
                  0000a06c    00000020     drivers_cc13x2.aem4f : PINCC26XX.oem4f (.text:PINCC26XX_setIoCfgMux)
                  0000a08c    00000020                          : PowerCC26X2.oem4f (.text:Power_unregisterNotify)
                  0000a0ac    00000020                          : UARTCC26XX.oem4f (.text:threadSafeStdbyDisRelease)
                  0000a0cc    00000020                          : UARTCC26XX.oem4f (.text:threadSafeStdbyDisSet)
                  0000a0ec    00000020     release_pem4f.oem4f (.text:ti_sysbios_BIOS_rtsLock__I)
                  0000a10c    00000020     rom_sysbios.aem4f : rom_sysbios.obj (.text:ti_sysbios_family_arm_cc26xx_Timer_dynamicStub__E)
                  0000a12c    00000020                       : rom_sysbios.obj (.text:xdc_runtime_Error_policyMin__E)
                  0000a14c    0000001e     drivers_cc13x2.aem4f : PINCC26XX.oem4f (.text:PIN_close)
                  0000a16a    0000001e                          : PowerCC26X2.oem4f (.text:Power_getTransitionLatency)
                  0000a188    0000001c     ti_drivers_config.obj (.text:Board_init)
                  0000a1a4    0000001c     driverlib.lib : chipinfo.obj (.text:NOROM_ChipInfo_GetChipFamily)
                  0000a1c0    0000001c     drivers_cc13x2.aem4f : PINCC26XX.oem4f (.text:PIN_hwi)
                  0000a1dc    0000001c     dpl_cc13x2.aem4f : PowerCC26X2_tirtos.oem4f (.text:PowerCC26XX_schedulerDisable)
                  0000a1f8    0000001c                      : PowerCC26X2_tirtos.oem4f (.text:PowerCC26XX_schedulerRestore)
                  0000a214    0000001c     rom_sysbios.aem4f : rom_sysbios.obj (.text:ti_sysbios_knl_Swi_construct2__E)
                  0000a230    0000001c     release_pem4f.oem4f (.text:xdc_runtime_Startup_exec__I)
                  0000a24c    0000001a     drivers_cc13x2.aem4f : PowerCC26X2.oem4f (.text:PowerCC26XX_calibrate)
                  0000a266    00000002     --HOLE-- [fill = 0]
                  0000a268    00000018                          : GPIOCC26XX.oem4f (.text:GPIO_clearInt)
                  0000a280    00000018                          : I2C.oem4f (.text:I2C_transfer)
                  0000a298    00000018     driverlib.lib : chipinfo.obj (.text:NOROM_ChipInfo_GetPackageType)
                  0000a2b0    00000018     drivers_cc13x2.aem4f : PowerCC26X2.oem4f (.text:Power_idleFunc)
                  0000a2c8    00000018                          : UART.oem4f (.text:UART_Params_init)
                  0000a2e0    00000018     rtsv7M4_T_le_v4SPD16_eabi.lib : args_main.c.obj (.text:_args_main)
                  0000a2f8    00000018                                   : ll_mul_t2.asm.obj (.text)
                  0000a310    00000018     release_pem4f.oem4f (.text:ti_sysbios_BIOS_rtsUnlock__I)
                  0000a328    00000018     rom_sysbios.aem4f : rom_sysbios.obj (.text:ti_sysbios_knl_Swi_or__E)
                  0000a340    00000018                       : rom_sysbios.obj (.text:ti_sysbios_rts_ti_ReentSupport_getReent__F)
                  0000a358    00000018                       : rom_sysbios.obj (.text:xdc_runtime_Error_init__E)
                  0000a370    00000016     display.aem4f : DisplayUart.oem4f (.text:DisplayUartMin_close)
                  0000a386    00000016     driverlib.lib : chipinfo.obj (.text:NOROM_ThisLibraryIsFor_CC13x2_CC26x2_HwRev20AndLater_HaltIfViolated)
                  0000a39c    00000016     rom_sysbios.aem4f : rom_sysbios.obj (.text:_pthread_cleanup_pop)
                  0000a3b2    00000016     release_pem4f.oem4f (.text:ti_sysbios_BIOS_exitFunc__I)
                  0000a3c8    00000014     drivers_cc13x2.aem4f : PowerCC26X2_calibrateRCOSC.oem4f (.text:PowerCC26X2_calibrate)
                  0000a3dc    00000014     bmi160_support.obj (.text:bmi160Callback)
                  0000a3f0    00000014     rom_sysbios.aem4f : rom_sysbios.obj (.text:pthread_attr_setschedparam)
                  0000a404    00000014     drivers_cc13x2.aem4f : PowerCC26X2.oem4f (.text:switchToTCXO)
                  0000a418    00000014     rom_sysbios.aem4f : rom_sysbios.obj (.text:ti_sysbios_family_arm_cc26xx_Timer_getCount64__E)
                  0000a42c    00000014     release_pem4f.oem4f (.text:ti_sysbios_knl_Clock_doTick__I)
                  0000a440    00000012     bmi160_support.obj (.text:BMI160_delay_msek)
                  0000a452    00000012     drivers_cc13x2.aem4f : RingBuf.oem4f (.text:RingBuf_construct)
                  0000a464    00000012     dpl_cc13x2.aem4f : SemaphoreP_tirtos.oem4f (.text:SemaphoreP_pend)
                  0000a476    00000012     rom_sysbios.aem4f : rom_sysbios.obj (.text:_pthread_runStub$45)
                  0000a488    00000010     dpl_cc13x2.aem4f : HwiP_tirtos.oem4f (.text:HwiP_Params_init)
                  0000a498    00000010     drivers_cc13x2.aem4f : I2C.oem4f (.text:I2C_Params_init)
                  0000a4a8    00000010                          : PINCC26XX.oem4f (.text:PINCC26XX_getPinCount)
                  0000a4b8    00000010     dpl_cc13x2.aem4f : SwiP_tirtos.oem4f (.text:SwiP_Params_init)
                  0000a4c8    00000010     drivers_cc13x2.aem4f : I2CCC26XX.oem4f (.text:i2cPostNotify)
                  0000a4d8    00000010                          : UARTCC26XX.oem4f (.text:uartPostNotify)
                  0000a4e8    0000000e     rtsv7M4_T_le_v4SPD16_eabi.lib : copy_decompress_none.c.obj (.text:decompress:none:__TI_decompress_none)
                  0000a4f6    0000000e     rom_sysbios.aem4f : rom_sysbios.obj (.text:pthread_attr_setdetachstate)
                  0000a504    0000000e                       : rom_sysbios.obj (.text:sem_wait)
                  0000a512    0000000e                       : rom_sysbios.obj (.text:ti_sysbios_family_arm_cc26xx_TimestampProvider_get32__E)
                  0000a520    0000000c     driverlib.lib : cpu.obj (.text:NOROM_CPUcpsid)
                  0000a52c    0000000c                   : cpu.obj (.text:NOROM_CPUcpsie)
                  0000a538    0000000c     drivers_cc13x2.aem4f : PINCC26XX.oem4f (.text:PIN_registerIntCb)
                  0000a544    0000000c                          : PowerCC26X2.oem4f (.text:Power_getConstraintMask)
                  0000a550    0000000c                          : PowerCC26X2.oem4f (.text:Power_getDependencyCount)
                  0000a55c    0000000c     dpl_cc13x2.aem4f : SemaphoreP_tirtos.oem4f (.text:SemaphoreP_delete)
                  0000a568    0000000c     rtsv7M4_T_le_v4SPD16_eabi.lib : _lock.c.obj (.text:_register_lock)
                  0000a574    0000000c                                   : _lock.c.obj (.text:_register_unlock)
                  0000a580    0000000c                                   : copy_zero_init.c.obj (.text:decompress:ZI:__TI_zero_init)
                  0000a58c    0000000c     rom_sysbios.aem4f : rom_sysbios.obj (.text:pthread_self)
                  0000a598    0000000c                       : rom_sysbios.obj (.text:ti_sysbios_knl_Queue_insert__E)
                  0000a5a4    0000000c                       : rom_sysbios.obj (.text:ti_sysbios_knl_Swi_getTrigger__E)
                  0000a5b0    0000000a     dpl_cc13x2.aem4f : ClockP_tirtos.oem4f (.text:ClockP_Params_init)
                  0000a5ba    0000000a     drivers_cc13x2.aem4f : I2CCC26XX.oem4f (.text:I2CCC26XX_init)
                  0000a5c4    0000000a                          : UART.oem4f (.text:UART_close)
                  0000a5ce    0000000a                          : UART.oem4f (.text:UART_control)
                  0000a5d8    0000000a                          : UART.oem4f (.text:UART_write)
                  0000a5e2    0000000a     rom_sysbios.aem4f : rom_sysbios.obj (.text:sem_post)
                  0000a5ec    0000000a     release_pem4f.oem4f (.text:ti_sysbios_rts_ti_ReentSupport_getTlsAddr__I)
                  0000a5f6    00000008     drivers_cc13x2.aem4f : I2CCC26XX.oem4f (.text:I2CCC26XX_blockingCallback)
                  0000a5fe    00000008                          : UARTCC26XX.oem4f (.text:UARTCC26XX_init)
                  0000a606    00000008                          : UARTCC26XX.oem4f (.text:readSemCallback)
                  0000a60e    00000008                          : UARTCC26XX.oem4f (.text:writeSemCallback)
                  0000a616    00000008     release_pem4f.oem4f (.text:xdc_runtime_Text_visitRope__I)
                  0000a61e    00000006     display.aem4f : DisplayUart.oem4f (.text:DisplayUartMin_control)
                  0000a624    00000006                   : DisplayUart.oem4f (.text:DisplayUartMin_getType)
                  0000a62a    00000006     drivers_cc13x2.aem4f : I2CCC26XX.oem4f (.text:I2CCC26XX_control)
                  0000a630    00000006     driverlib.lib : cpu.obj (.text:NOROM_CPUdelay)
                  0000a636    00000006     drivers_cc13x2.aem4f : UARTCC26XX.oem4f (.text:UARTCC26XX_readPolling)
                  0000a63c    00000006                          : UARTCC26XX.oem4f (.text:UARTCC26XX_writePolling)
                  0000a642    00000006     rom_sysbios.aem4f : rom_sysbios.obj (.text:pthread_attr_setstacksize)
                  0000a648    00000004     dpl_cc13x2.aem4f : PowerCC26X2_tirtos.oem4f (.text:CPUwfi)
                  0000a64c    00000004                      : ClockP_tirtos.oem4f (.text:ClockP_destruct)
                  0000a650    00000004                      : ClockP_tirtos.oem4f (.text:ClockP_getCpuFreq)
                  0000a654    00000004                      : ClockP_tirtos.oem4f (.text:ClockP_setTimeout)
                  0000a658    00000004                      : ClockP_tirtos.oem4f (.text:ClockP_start)
                  0000a65c    00000004                      : ClockP_tirtos.oem4f (.text:ClockP_stop)
                  0000a660    00000004                      : HwiP_tirtos.oem4f (.text:HwiP_destruct)
                  0000a664    00000004                      : HwiP_tirtos.oem4f (.text:HwiP_disable)
                  0000a668    00000004                      : HwiP_tirtos.oem4f (.text:HwiP_disableInterrupt)
                  0000a66c    00000004                      : HwiP_tirtos.oem4f (.text:HwiP_enableInterrupt)
                  0000a670    00000004                      : SemaphoreP_tirtos.oem4f (.text:SemaphoreP_destruct)
                  0000a674    00000004                      : SemaphoreP_tirtos.oem4f (.text:SemaphoreP_post)
                  0000a678    00000004                      : SwiP_tirtos.oem4f (.text:SwiP_destruct)
                  0000a67c    00000004                      : SwiP_tirtos.oem4f (.text:SwiP_disable)
                  0000a680    00000004                      : SwiP_tirtos.oem4f (.text:SwiP_getTrigger)
                  0000a684    00000004                      : SwiP_tirtos.oem4f (.text:SwiP_or)
                  0000a688    00000004                      : SwiP_tirtos.oem4f (.text:SwiP_post)
                  0000a68c    00000004                      : SystemP_tirtos.oem4f (.text:SystemP_vsnprintf)
                  0000a690    00000004     rom_sysbios.aem4f : rom_sysbios.obj (.text:__aeabi_errno_addr)
                  0000a694    00000004     drivers_cc13x2.aem4f : PowerCC26X2.oem4f (.text:configureRFCoreClocks)
                  0000a698    00000004                          : PowerCC26X2.oem4f (.text:nopResourceHandler)
                  0000a69c    00000004     rom_sysbios.aem4f : rom_sysbios.obj (.text:pthread_attr_destroy)
                  0000a6a0    00000004                       : rom_sysbios.obj (.text:ti_sysbios_knl_Task_getArg1__E)
                  0000a6a4    00000004                       : rom_sysbios.obj (.text:ti_sysbios_knl_Task_getEnv__E)
                  0000a6a8    00000004     release_pem4f.oem4f (.text:xdc_runtime_Startup_reset__I)
                  0000a6ac    00000004     rom_sysbios.aem4f : rom_sysbios.obj (.text:xdc_runtime_SysCallback_defaultReady)
                  0000a6b0    00000008     (.tramp.xdc_runtime_System_vsnprintf__E.1)
                  0000a6b8    00000008     (.tramp.ti_sysbios_knl_Swi_destruct.1)
                  0000a6c0    00000008     (.tramp.ti_sysbios_family_arm_m3_Hwi_enableInterrupt__E.1)
                  0000a6c8    00000008     (.tramp.ti_sysbios_family_arm_m3_Hwi_disableInterrupt__E.1)
                  0000a6d0    00000008     (.tramp.ti_sysbios_family_arm_m3_Hwi_disableFxn__E.1)
                  0000a6d8    00000008     (.tramp.ti_sysbios_family_arm_m3_Hwi_destruct.1)
                  0000a6e0    00000008     (.tramp.ti_sysbios_BIOS_getCpuFreq__E.1)
                  0000a6e8    00000008     (.tramp.ti_sysbios_knl_Clock_destruct.1)
                  0000a6f0    00000008     (.tramp.ti_sysbios_knl_Task_self__E.1)
                  0000a6f8    00000008     (.tramp.ti_sysbios_knl_Semaphore_delete.1)
                  0000a700    00000008     (.tramp.ti_sysbios_knl_Clock_logTick__E.1)
                  0000a708    00000008     (.tramp.ti_sysbios_BIOS_getThreadType__E.1)
                  0000a710    00000008     (.tramp.ti_sysbios_knl_Swi_post__E.1)
                  0000a718    00000008     (.tramp.ti_sysbios_BIOS_RtsGateProxy_leave__E.1)
                  0000a720    00000008     (.tramp.ti_sysbios_knl_Swi_construct.1)
                  0000a728    00000008     (.tramp.ti_sysbios_BIOS_RtsGateProxy_enter__E.1)
                  0000a730    00000008     (.tramp.ti_sysbios_knl_Clock_TimerProxy_getCurrentTick__E.1)
                  0000a738    00000008     (.tramp.ti_sysbios_knl_Task_delete.1)
                  0000a740    00000008     (.tramp.ti_sysbios_knl_Semaphore_destruct.1)
                  0000a748    00000008     (.tramp.ti_sysbios_knl_Semaphore_create.1)
                  0000a750    00000008     (.tramp.ti_sysbios_knl_Task_startup__E.1)
                  0000a758    00000008     (.tramp.ti_sysbios_knl_Swi_startup__E.1)
                  0000a760    00000008     (.tramp.ti_sysbios_hal_Hwi_startup__E.1)
                  0000a768    00000008     (.tramp.ti_sysbios_family_arm_cc26xx_Timer_startup__E.1)
                  0000a770    00000008     (.tramp.xdc_runtime_System_atexit__E.1)
                  0000a778    00000008     (.tramp.ti_sysbios_BIOS_linkedWithIncorrectBootLibrary__E.1)
                  0000a780    00000008     (.tramp.xdc_runtime_Startup_rtsDone__E.1)
                  0000a788    00000008     (.tramp.ti_sysbios_knl_Swi_disable__E.1)
                  0000a790    00000008     (.tramp.ti_sysbios_knl_Task_sleep__E.1)
                  0000a798    00000008     (.tramp.ti_sysbios_family_arm_m3_Hwi_construct.1)
                  0000a7a0    00000008     (.tramp.ti_sysbios_knl_Swi_Params__init__S.1)
                  0000a7a8    00000008     (.tramp.ti_sysbios_family_arm_m3_Hwi_Params__init__S.1)
                  0000a7b0    00000008     (.tramp.strlen.1)
                  0000a7b8    00000008     (.tramp.ti_sysbios_knl_Clock_construct.1)
                  0000a7c0    00000008     (.tramp.ti_sysbios_knl_Clock_Params__init__S.1)
                  0000a7c8    00000008     (.tramp.xdc_runtime_System_exit__E.1)
                  0000a7d0    00000008     (.tramp.ti_sysbios_heaps_HeapMem_restore__E.1)
                  0000a7d8    00000008     (.tramp.ti_sysbios_heaps_HeapMem_Object__get__S.1)
                  0000a7e0    00000008     (.tramp.ti_sysbios_BIOS_start__E.1)
                  0000a7e8    00000008     (.tramp.xdc_runtime_Error_raiseX__E.1)
                  0000a7f0    00000008     (.tramp.ti_sysbios_BIOS_setThreadType__E.1)
                  0000a7f8    00000008     (.tramp.ti_sysbios_family_arm_m3_Hwi_excFillContext__I.1)
                  0000a800    00000008     (.tramp.ti_sysbios_knl_Semaphore_post__E.1)
                  0000a808    00000008     (.tramp.xdc_runtime_Memory_free__E.1)
                  0000a810    00000008     (.tramp.ti_sysbios_knl_Queue_next__E.1)
                  0000a818    00000008     (.tramp.ti_sysbios_knl_Queue_head__E.1)
                  0000a820    00000008     (.tramp.ti_sysbios_knl_Semaphore_pend__E.1)
                  0000a828    00000008     (.tramp.ti_sysbios_knl_Task_restore__E.1)
                  0000a830    00000008     (.tramp.ti_sysbios_knl_Queue_enqueue__E.1)
                  0000a838    00000008     (.tramp.ti_sysbios_knl_Queue_empty__E.1)
                  0000a840    00000008     (.tramp.ti_sysbios_knl_Queue_remove__E.1)
                  0000a848    00000008     (.tramp.ti_sysbios_knl_Task_disable__E.1)
                  0000a850    00000008     (.tramp.ti_sysbios_knl_Clock_stop__E.1)
                  0000a858    00000008     (.tramp.ti_sysbios_knl_Clock_start__E.1)
                  0000a860    00000008     (.tramp.ti_sysbios_knl_Clock_setTimeout__E.1)
                  0000a868    00000008     (.tramp.ti_sysbios_knl_Task_create.1)
                  0000a870    00000008     (.tramp.ti_sysbios_knl_Semaphore_construct.1)
                  0000a878    00000008     (.tramp.ti_sysbios_knl_Semaphore_Params__init__S.1)
                  0000a880    00000008     (.tramp.ti_sysbios_knl_Queue_construct.1)
                  0000a888    00000008     (.tramp.xdc_runtime_Memory_alloc__E.1)
                  0000a890    00000008     (.tramp.ti_sysbios_knl_Task_Params__init__S.1)
                  0000a898    00000008     (.tramp.ti_sysbios_family_arm_m3_Hwi_restoreFxn__E.1)
                  0000a8a0    00000008     (.tramp.xdc_runtime_System_doPrint__I.1)
                  0000a8a8    00000008     (.tramp.ti_sysbios_knl_Swi_restore__E.1)

.const     0    0000a8b0    000006f7     
                  0000a8b0    000003b8     release_pem4f.oem4f (.const:ROM_constStruct)
                  0000ac68    00000054     drivers_cc13x2.aem4f : PowerCC26X2.oem4f (.const:resourceDB)
                  0000acbc    00000048     release_pem4f.oem4f (.const:.string)
                  0000ad04    00000048     release_pem4f.oem4f (.const:ROM_externFuncPtrs)
                  0000ad4c    00000028     drivers_cc13x2.aem4f : UARTCC26XX.oem4f (.const:UARTCC26XX_fxnTable)
                  0000ad74    00000028     ti_drivers_config.obj (.const:uartCC26XXHWAttrs)
                  0000ad9c    00000024     drivers_cc13x2.aem4f : UART.oem4f (.const:UART_defaultParams)
                  0000adc0    00000024     release_pem4f.oem4f (.const:xdc_runtime_Startup_sfxnTab__A)
                  0000ade4    00000020     display.aem4f : DisplayUart.oem4f (.const:DisplayUartMin_fxnTable)
                  0000ae04    00000018     ti_drivers_config.obj (.const:BoardGpioInitTable)
                  0000ae1c    00000018     drivers_cc13x2.aem4f : I2CCC26XX.oem4f (.const:I2CCC26XX_fxnTable)
                  0000ae34    00000018     ti_drivers_config.obj (.const:i2cCC26xxHWAttrs)
                  0000ae4c    00000018     drivers_cc13x2.aem4f : GPIOCC26XX.oem4f (.const:interruptType)
                  0000ae64    00000014     ti_drivers_config.obj (.const:GPIOCC26XX_config)
                  0000ae78    00000014     ti_drivers_config.obj (.const:PowerCC26X2_config)
                  0000ae8c    00000014     ti_drivers_config.obj (.const:displayUartHWAttrs)
                  0000aea0    00000014     drivers_cc13x2.aem4f : UARTCC26XX.oem4f (.const:parityType)
                  0000aeb4    00000012     release_pem4f.oem4f (.const:xdc_runtime_Startup_sfxnRts__A)
                  0000aec6    00000001     display.aem4f : Display.oem4f (.const:Display_defaultParams)
                  0000aec7    00000001     release_pem4f.oem4f (.const:xdc_runtime_Text_charTab__A)
                  0000aec8    00000010     drivers_cc13x2.aem4f : I2C.oem4f (.const:I2C_defaultParams)
                  0000aed8    00000010                          : UARTCC26XX.oem4f (.const:dataLength)
                  0000aee8    00000010                          : GPIOCC26XX.oem4f (.const:outPinTypes)
                  0000aef8    0000000c     ti_drivers_config.obj (.const:Display_config)
                  0000af04    0000000c     ti_drivers_config.obj (.const:I2C_config)
                  0000af10    0000000c     ti_drivers_config.obj (.const:UART_config)
                  0000af1c    0000000c     drivers_cc13x2.aem4f : GPIOCC26XX.oem4f (.const:inPinTypes)
                  0000af28    0000000c                          : GPIOCC26XX.oem4f (.const:outPinStrengths)
                  0000af34    0000000c     release_pem4f.oem4f (.const:xdc_runtime_Startup_firstFxns__A)
                  0000af40    00000008     driverlib.lib : aux_sysif.obj (.const:$O1$$)
                  0000af48    00000008     ti_drivers_config.obj (.const:PINCC26XX_hwAttrs)
                  0000af50    00000008     drivers_cc13x2.aem4f : I2CCC26XX.oem4f (.const:bitRate)
                  0000af58    00000008                          : UARTCC26XX.oem4f (.const:stopBits)
                  0000af60    00000008     release_pem4f.oem4f (.const:ti_sysbios_family_arm_m3_Hwi_excHookFuncs__A)
                  0000af68    00000008     release_pem4f.oem4f (.const:ti_sysbios_knl_Idle_funcList__A)
                  0000af70    00000006     sail.lib : bmi160.obj (.const:$P$T0$2)
                  0000af76    00000006     drivers_cc13x2.aem4f : UARTCC26XX.oem4f (.const:.string:rxFifoBytes)
                  0000af7c    00000006                          : UARTCC26XX.oem4f (.const:.string:rxFifoThreshold)
                  0000af82    00000006                          : UARTCC26XX.oem4f (.const:.string:txFifoBytes)
                  0000af88    00000006                          : UARTCC26XX.oem4f (.const:.string:txFifoThreshold)
                  0000af8e    00000002     --HOLE-- [fill = 0]
                  0000af90    00000004     release_pem4f.oem4f (.const:ti_sysbios_family_arm_m3_Hwi_E_exception__C)
                  0000af94    00000004     release_pem4f.oem4f (.const:ti_sysbios_heaps_HeapMem_primaryHeapBaseAddr__C)
                  0000af98    00000004     release_pem4f.oem4f (.const:ti_sysbios_heaps_HeapMem_primaryHeapEndAddr__C)
                  0000af9c    00000004     release_pem4f.oem4f (.const:ti_sysbios_knl_Clock_tickPeriod__C)
                  0000afa0    00000004     release_pem4f.oem4f (.const:ti_sysbios_knl_Task_Object__heap__C)
                  0000afa4    00000003     ti_drivers_config.obj (.const)

MODULE SUMMARY

       Module                             code    ro data   rw data
       ------                             ----    -------   -------
    ./
       bmi160_support.obj                 4614    0         3785   
       i2cbmi160.obj                      240     0         24     
       main_tirtos.obj                    112     0         0      
    +--+----------------------------------+-------+---------+---------+
       Total:                             4966    0         3809   
                                                                   
    ./syscfg/
       ti_drivers_config.obj              30      195       1600   
       ti_devices_config.obj              0       88        0      
    +--+----------------------------------+-------+---------+---------+
       Total:                             30      283       1600   
                                                                   
    /Users/vkmetyk/Work/Iot/sensors/tirtos_builds_CC1352R1_LAUNCHXL_release_ccs/Debug/configPkg/package/cfg/
       release_pem4f.oem4f                802     1259      1830   
    +--+----------------------------------+-------+---------+---------+
       Total:                             802     1259      1830   
                                                                   
    /Users/vkmetyk/Work/Iot/sensors/tirtos_builds_CC1352R1_LAUNCHXL_release_ccs/src/sysbios/rom_sysbios.aem4f
       rom_sysbios.obj                    2049    0         136    
    +--+----------------------------------+-------+---------+---------+
       Total:                             2049    0         136    
                                                                   
    /Volumes/Storage/shared/vkmetyk/ccs/ccs/tools/compiler/ti-cgt-arm_20.2.4.LTS/lib/rtsv7M4_T_le_v4SPD16_eabi.lib
       fd_add_t2.asm.obj                  438     0         0      
       fd_cmp_t2.asm.obj                  268     0         0      
       fd_mul_t2.asm.obj                  252     0         0      
       memcpy_t2.asm.obj                  156     0         0      
       ull_div_t2.asm.obj                 150     0         0      
       memset_t2.asm.obj                  122     0         0      
       copy_decompress_lzss.c.obj         104     0         0      
       cpy_tbl.c.obj                      76      0         0      
       fd_toi_t2.asm.obj                  72      0         0      
       fd_tou_t2.asm.obj                  68      0         0      
       u_divt2.asm.obj                    64      0         0      
       fs_tod_t2.asm.obj                  56      0         0      
       i_tofd_t2.asm.obj                  46      0         0      
       _lock.c.obj                        26      0         8      
       args_main.c.obj                    24      0         0      
       ll_mul_t2.asm.obj                  24      0         0      
       copy_decompress_none.c.obj         14      0         0      
       copy_zero_init.c.obj               12      0         0      
       stkdepth_vars.c.obj                0       0         4      
       div0.asm.obj                       2       0         0      
    +--+----------------------------------+-------+---------+---------+
       Total:                             1974    0         12     
                                                                   
    /Volumes/Storage/shared/vkmetyk/ccs/sail_1_50_00_00/source/ti/sail/lib/ccs/cc1352r1/sail.lib
       bmi160.obj                         19600   6         629    
    +--+----------------------------------+-------+---------+---------+
       Total:                             19600   6         629    
                                                                   
    /Volumes/Storage/shared/vkmetyk/ccs/simplelink_cc13x2_26x2_sdk_3_30_00_03/kernel/tirtos/packages/ti/dpl/lib/dpl_cc13x2.aem4f
       PowerCC26X2_tirtos.oem4f           240     0         8      
       SemaphoreP_tirtos.oem4f            126     0         0      
       ClockP_tirtos.oem4f                110     0         4      
       SwiP_tirtos.oem4f                  96      0         0      
       HwiP_tirtos.oem4f                  94      0         0      
       SystemP_tirtos.oem4f               4       0         0      
    +--+----------------------------------+-------+---------+---------+
       Total:                             670     0         12     
                                                                   
    /Volumes/Storage/shared/vkmetyk/ccs/simplelink_cc13x2_26x2_sdk_3_30_00_03/kernel/tirtos/packages/ti/targets/arm/rtsarm/lib/auto_init.aem4f
       auto_init.oem4f                    160     0         0      
    +--+----------------------------------+-------+---------+---------+
       Total:                             160     0         0      
                                                                   
    /Volumes/Storage/shared/vkmetyk/ccs/simplelink_cc13x2_26x2_sdk_3_30_00_03/kernel/tirtos/packages/ti/targets/arm/rtsarm/lib/boot.aem4f
       boot.oem4f                         88      0         0      
    +--+----------------------------------+-------+---------+---------+
       Total:                             88      0         0      
                                                                   
    /Volumes/Storage/shared/vkmetyk/ccs/simplelink_cc13x2_26x2_sdk_3_30_00_03/source/ti/devices/cc13x2_cc26x2/driverlib/bin/ccs/driverlib.lib
       sys_ctrl.obj                       408     0         0      
       osc.obj                            336     0         28     
       setup.obj                          324     0         0      
       chipinfo.obj                       226     0         0      
       aux_sysif.obj                      52      8         0      
       cpu.obj                            30      0         0      
       driverlib_release.obj              0       0         1      
    +--+----------------------------------+-------+---------+---------+
       Total:                             1376    8         29     
                                                                   
    /Volumes/Storage/shared/vkmetyk/ccs/simplelink_cc13x2_26x2_sdk_3_30_00_03/source/ti/display/lib/display.aem4f
       DisplayUart.oem4f                  184     32        0      
       Display.oem4f                      134     1         0      
    +--+----------------------------------+-------+---------+---------+
       Total:                             318     33        0      
                                                                   
    /Volumes/Storage/shared/vkmetyk/ccs/simplelink_cc13x2_26x2_sdk_3_30_00_03/source/ti/drivers/lib/drivers_cc13x2.aem4f
       UARTCC26XX.oem4f                   2742    108       0      
       PowerCC26X2.oem4f                  2082    84        272    
       PINCC26XX.oem4f                    1610    0         276    
       I2CCC26XX.oem4f                    1486    32        0      
       PowerCC26X2_calibrateRCOSC.oem4f   1400    0         0      
       GPIOCC26XX.oem4f                   668     64        61     
       UART.oem4f                         186     36        1      
       I2C.oem4f                          172     16        1      
       RingBuf.oem4f                      152     0         0      
       List.oem4f                         76      0         0      
    +--+----------------------------------+-------+---------+---------+
       Total:                             10574   340       611    
                                                                   
       Stack:                             0       0         1024   
       Linker Generated:                  512     465       0      
    +--+----------------------------------+-------+---------+---------+
       Grand Total:                       43119   2394      9692   


LINKER GENERATED COPY TABLES

__TI_cinit_table @ 0000b158 records: 5, size/record: 8, table size: 40
	.data: load addr=0000afa8, load size=0000017d bytes, run addr=20002cc8, run size=00000546 bytes, compression=lzss
	.bss: load addr=0000b138, load size=00000008 bytes, run addr=20000110, run size=00001bb2 bytes, compression=zero_init
	.data:xdcRomConstPtr: load addr=0000b140, load size=00000008 bytes, run addr=20000100, run size=00000004 bytes, compression=lzss
	.data:xdcRomExternFuncPtr: load addr=0000b148, load size=00000008 bytes, run addr=20000104, run size=00000004 bytes, compression=lzss
	.data:xdcRomStatePtr: load addr=0000b150, load size=00000008 bytes, run addr=20000108, run size=00000004 bytes, compression=lzss


LINKER GENERATED HANDLER TABLE

__TI_handler_table @ 0000b128 records: 3, size/record: 4, table size: 12
	index: 0, handler: __TI_decompress_lzss
	index: 1, handler: __TI_decompress_none
	index: 2, handler: __TI_zero_init


FAR CALL TRAMPOLINES

callee name               trampoline name
   callee addr  tramp addr   call addr  call info
--------------  -----------  ---------  ----------------
xdc_runtime_System_vsnprintf__E  $Tramp$TT$L$PI$$xdc_runtime_System_vsnprintf__E
   1002f8b9     0000a6b0     0000a68c   dpl_cc13x2.aem4f : SystemP_tirtos.oem4f (.text:SystemP_vsnprintf)
ti_sysbios_knl_Swi_destruct  $Tramp$TT$L$PI$$ti_sysbios_knl_Swi_destruct
   1002e8bd     0000a6b8     0000a678   dpl_cc13x2.aem4f : SwiP_tirtos.oem4f (.text:SwiP_destruct)
ti_sysbios_family_arm_m3_Hwi_enableInterrupt__E  $Tramp$TT$L$PI$$ti_sysbios_family_arm_m3_Hwi_enableInterrupt__E
   1002d91d     0000a6c0     0000a66c   dpl_cc13x2.aem4f : HwiP_tirtos.oem4f (.text:HwiP_enableInterrupt)
ti_sysbios_family_arm_m3_Hwi_disableInterrupt__E  $Tramp$TT$L$PI$$ti_sysbios_family_arm_m3_Hwi_disableInterrupt__E
   1002d8d9     0000a6c8     0000a668   dpl_cc13x2.aem4f : HwiP_tirtos.oem4f (.text:HwiP_disableInterrupt)
ti_sysbios_family_arm_m3_Hwi_disableFxn__E  $Tramp$TT$L$PI$$ti_sysbios_family_arm_m3_Hwi_disableFxn__E
   1002eb55     0000a6d0     0000a664   dpl_cc13x2.aem4f : HwiP_tirtos.oem4f (.text:HwiP_disable)
ti_sysbios_family_arm_m3_Hwi_destruct  $Tramp$TT$L$PI$$ti_sysbios_family_arm_m3_Hwi_destruct
   1002e475     0000a6d8     0000a660   dpl_cc13x2.aem4f : HwiP_tirtos.oem4f (.text:HwiP_destruct)
ti_sysbios_BIOS_getCpuFreq__E  $Tramp$TT$L$PI$$ti_sysbios_BIOS_getCpuFreq__E
   1002e9fd     0000a6e0     0000a650   dpl_cc13x2.aem4f : ClockP_tirtos.oem4f (.text:ClockP_getCpuFreq)
ti_sysbios_knl_Clock_destruct  $Tramp$TT$L$PI$$ti_sysbios_knl_Clock_destruct
   1002e649     0000a6e8     0000a64c   dpl_cc13x2.aem4f : ClockP_tirtos.oem4f (.text:ClockP_destruct)
ti_sysbios_knl_Task_self__E  $Tramp$TT$L$PI$$ti_sysbios_knl_Task_self__E
   1002eaf5     0000a6f0     0000a58e   rom_sysbios.aem4f : rom_sysbios.obj (.text:pthread_self)
                             0000a5ee   release_pem4f.oem4f (.text:ti_sysbios_rts_ti_ReentSupport_getTlsAddr__I)
ti_sysbios_knl_Semaphore_delete  $Tramp$TT$L$PI$$ti_sysbios_knl_Semaphore_delete
   1002ecdb     0000a6f8     0000a562   dpl_cc13x2.aem4f : SemaphoreP_tirtos.oem4f (.text:SemaphoreP_delete)
ti_sysbios_knl_Clock_logTick__E  $Tramp$TT$L$PI$$ti_sysbios_knl_Clock_logTick__E
   1002dbd7     0000a700     0000a42e   release_pem4f.oem4f (.text:ti_sysbios_knl_Clock_doTick__I)
ti_sysbios_BIOS_getThreadType__E  $Tramp$TT$L$PI$$ti_sysbios_BIOS_getThreadType__E
   1002ea95     0000a708     0000a342   rom_sysbios.aem4f : rom_sysbios.obj (.text:ti_sysbios_rts_ti_ReentSupport_getReent__F)
ti_sysbios_knl_Swi_post__E  $Tramp$TT$L$PI$$ti_sysbios_knl_Swi_post__E
   1002d891     0000a710     0000a33c   rom_sysbios.aem4f : rom_sysbios.obj (.text:ti_sysbios_knl_Swi_or__E)
                             0000a436   release_pem4f.oem4f (.text:ti_sysbios_knl_Clock_doTick__I)
                             0000a688   dpl_cc13x2.aem4f : SwiP_tirtos.oem4f (.text:SwiP_post)
ti_sysbios_BIOS_RtsGateProxy_leave__E  $Tramp$TT$L$PI$$ti_sysbios_BIOS_RtsGateProxy_leave__E
   1002ec7b     0000a718     0000a31e   release_pem4f.oem4f (.text:ti_sysbios_BIOS_rtsUnlock__I)
ti_sysbios_knl_Swi_construct  $Tramp$TT$L$PI$$ti_sysbios_knl_Swi_construct
   1002d719     0000a720     0000a21a   rom_sysbios.aem4f : rom_sysbios.obj (.text:ti_sysbios_knl_Swi_construct2__E)
ti_sysbios_BIOS_RtsGateProxy_enter__E  $Tramp$TT$L$PI$$ti_sysbios_BIOS_RtsGateProxy_enter__E
   1002ec77     0000a728     0000a0f2   release_pem4f.oem4f (.text:ti_sysbios_BIOS_rtsLock__I)
ti_sysbios_knl_Clock_TimerProxy_getCurrentTick__E  $Tramp$TT$L$PI$$ti_sysbios_knl_Clock_TimerProxy_getCurrentTick__E
   1002eac5     0000a730     00009e3e   rom_sysbios.aem4f : rom_sysbios.obj (.text:ti_sysbios_knl_Clock_getTicksUntilInterrupt__E)
ti_sysbios_knl_Task_delete  $Tramp$TT$L$PI$$ti_sysbios_knl_Task_delete
   1002ece7     0000a738     00009de8   rom_sysbios.aem4f : rom_sysbios.obj (.text:_pthread_delete$45)
ti_sysbios_knl_Semaphore_destruct  $Tramp$TT$L$PI$$ti_sysbios_knl_Semaphore_destruct
   1002e6fd     0000a740     00009ddc   rom_sysbios.aem4f : rom_sysbios.obj (.text:_pthread_delete$45)
                             0000a670   dpl_cc13x2.aem4f : SemaphoreP_tirtos.oem4f (.text:SemaphoreP_destruct)
ti_sysbios_knl_Semaphore_create  $Tramp$TT$L$PI$$ti_sysbios_knl_Semaphore_create
   1002dc49     0000a748     00009dc8   dpl_cc13x2.aem4f : SemaphoreP_tirtos.oem4f (.text:SemaphoreP_createBinary)
ti_sysbios_knl_Task_startup__E  $Tramp$TT$L$PI$$ti_sysbios_knl_Task_startup__E
   1002eceb     0000a750     00009ce0   release_pem4f.oem4f (.text:ti_sysbios_BIOS_startFunc__I)
ti_sysbios_knl_Swi_startup__E  $Tramp$TT$L$PI$$ti_sysbios_knl_Swi_startup__E
   1002ec6b     0000a758     00009cdc   release_pem4f.oem4f (.text:ti_sysbios_BIOS_startFunc__I)
ti_sysbios_hal_Hwi_startup__E  $Tramp$TT$L$PI$$ti_sysbios_hal_Hwi_startup__E
   1002ec31     0000a760     00009cd8   release_pem4f.oem4f (.text:ti_sysbios_BIOS_startFunc__I)
ti_sysbios_family_arm_cc26xx_Timer_startup__E  $Tramp$TT$L$PI$$ti_sysbios_family_arm_cc26xx_Timer_startup__E
   1002dcf1     0000a768     00009cd4   release_pem4f.oem4f (.text:ti_sysbios_BIOS_startFunc__I)
xdc_runtime_System_atexit__E  $Tramp$TT$L$PI$$xdc_runtime_System_atexit__E
   1002f559     0000a770     00009ccc   release_pem4f.oem4f (.text:ti_sysbios_BIOS_startFunc__I)
ti_sysbios_BIOS_linkedWithIncorrectBootLibrary__E  $Tramp$TT$L$PI$$ti_sysbios_BIOS_linkedWithIncorrectBootLibrary__E
   1002d01b     0000a778     00009cc6   release_pem4f.oem4f (.text:ti_sysbios_BIOS_startFunc__I)
xdc_runtime_Startup_rtsDone__E  $Tramp$TT$L$PI$$xdc_runtime_Startup_rtsDone__E
   1002f8e5     0000a780     00009cbe   release_pem4f.oem4f (.text:ti_sysbios_BIOS_startFunc__I)
ti_sysbios_knl_Swi_disable__E  $Tramp$TT$L$PI$$ti_sysbios_knl_Swi_disable__E
   1002ea25     0000a788     00009c8e   release_pem4f.oem4f (.text:ti_sysbios_BIOS_atExitFunc__I)
                             0000a1e6   dpl_cc13x2.aem4f : PowerCC26X2_tirtos.oem4f (.text:PowerCC26XX_schedulerDisable)
                             0000a67c                    : SwiP_tirtos.oem4f (.text:SwiP_disable)
ti_sysbios_knl_Task_sleep__E  $Tramp$TT$L$PI$$ti_sysbios_knl_Task_sleep__E
   1002ce01     0000a790     00009b8c   rom_sysbios.aem4f : rom_sysbios.obj (.text:usleep)
ti_sysbios_family_arm_m3_Hwi_construct  $Tramp$TT$L$PI$$ti_sysbios_family_arm_m3_Hwi_construct
   1002d421     0000a798     000098ee   rom_sysbios.aem4f : rom_sysbios.obj (.text:ti_sysbios_family_arm_m3_Hwi_construct2__E)
ti_sysbios_knl_Swi_Params__init__S  $Tramp$TT$L$PI$$ti_sysbios_knl_Swi_Params__init__S
   1002ebf1     0000a7a0     000098b2   dpl_cc13x2.aem4f : SwiP_tirtos.oem4f (.text:SwiP_construct)
ti_sysbios_family_arm_m3_Hwi_Params__init__S  $Tramp$TT$L$PI$$ti_sysbios_family_arm_m3_Hwi_Params__init__S
   1002eb49     0000a7a8     000097fc   dpl_cc13x2.aem4f : HwiP_tirtos.oem4f (.text:HwiP_construct)
strlen                    $Tramp$TT$L$PI$$strlen
   1002fddb     0000a7b0     0000935e   display.aem4f : DisplayUart.oem4f (.text:DisplayUartMin_vprintf)
ti_sysbios_knl_Clock_construct  $Tramp$TT$L$PI$$ti_sysbios_knl_Clock_construct
   1002dd8d     0000a7b8     00008d86   dpl_cc13x2.aem4f : ClockP_tirtos.oem4f (.text:ClockP_construct)
ti_sysbios_knl_Clock_Params__init__S  $Tramp$TT$L$PI$$ti_sysbios_knl_Clock_Params__init__S
   1002eb9d     0000a7c0     00008d6c   dpl_cc13x2.aem4f : ClockP_tirtos.oem4f (.text:ClockP_construct)
xdc_runtime_System_exit__E  $Tramp$TT$L$PI$$xdc_runtime_System_exit__E
   1002f7b1     0000a7c8     0000899c   boot.aem4f : boot.oem4f (.text)
                             0000a3c2   release_pem4f.oem4f (.text:ti_sysbios_BIOS_exitFunc__I)
ti_sysbios_heaps_HeapMem_restore__E  $Tramp$TT$L$PI$$ti_sysbios_heaps_HeapMem_restore__E
   1002eb13     0000a7d0     00008890   rom_sysbios.aem4f : rom_sysbios.obj (.text:ti_sysbios_heaps_HeapMem_initPrimary__I)
ti_sysbios_heaps_HeapMem_Object__get__S  $Tramp$TT$L$PI$$ti_sysbios_heaps_HeapMem_Object__get__S
   1002e275     0000a7d8     00008860   rom_sysbios.aem4f : rom_sysbios.obj (.text:ti_sysbios_heaps_HeapMem_initPrimary__I)
ti_sysbios_BIOS_start__E  $Tramp$TT$L$PI$$ti_sysbios_BIOS_start__E
   1002eaa5     0000a7e0     00008394   main_tirtos.obj (.text:main)
xdc_runtime_Error_raiseX__E  $Tramp$TT$L$PI$$xdc_runtime_Error_raiseX__E
   1002f739     0000a7e8     00007d4e   rom_sysbios.aem4f : rom_sysbios.obj (.text:ti_sysbios_family_arm_m3_Hwi_excHandlerMin__I)
ti_sysbios_BIOS_setThreadType__E  $Tramp$TT$L$PI$$ti_sysbios_BIOS_setThreadType__E
   1002ea11     0000a7f0     00007d0e   rom_sysbios.aem4f : rom_sysbios.obj (.text:ti_sysbios_family_arm_m3_Hwi_excHandlerMin__I)
                             00009c98   release_pem4f.oem4f (.text:ti_sysbios_BIOS_atExitFunc__I)
                             0000a3bc   release_pem4f.oem4f (.text:ti_sysbios_BIOS_exitFunc__I)
ti_sysbios_family_arm_m3_Hwi_excFillContext__I  $Tramp$TT$L$PI$$ti_sysbios_family_arm_m3_Hwi_excFillContext__I
   1002bda9     0000a7f8     00007d08   rom_sysbios.aem4f : rom_sysbios.obj (.text:ti_sysbios_family_arm_m3_Hwi_excHandlerMin__I)
ti_sysbios_knl_Semaphore_post__E  $Tramp$TT$L$PI$$ti_sysbios_knl_Semaphore_post__E
   1002cd21     0000a800     000079aa   rom_sysbios.aem4f : rom_sysbios.obj (.text:_pthread_removeThreadKeys)
                             000089e4                     : rom_sysbios.obj (.text:pthread_exit)
                             0000a5e4                     : rom_sysbios.obj (.text:sem_post)
                             0000a674   dpl_cc13x2.aem4f : SemaphoreP_tirtos.oem4f (.text:SemaphoreP_post)
xdc_runtime_Memory_free__E  $Tramp$TT$L$PI$$xdc_runtime_Memory_free__E
   1002f81d     0000a808     000079a0   rom_sysbios.aem4f : rom_sysbios.obj (.text:_pthread_removeThreadKeys)
                             00009df4                     : rom_sysbios.obj (.text:_pthread_delete$45)
ti_sysbios_knl_Queue_next__E  $Tramp$TT$L$PI$$ti_sysbios_knl_Queue_next__E
   1002ecd7     0000a810     0000797a   rom_sysbios.aem4f : rom_sysbios.obj (.text:_pthread_removeThreadKeys)
ti_sysbios_knl_Queue_head__E  $Tramp$TT$L$PI$$ti_sysbios_knl_Queue_head__E
   1002ecd3     0000a818     00007966   rom_sysbios.aem4f : rom_sysbios.obj (.text:_pthread_removeThreadKeys)
ti_sysbios_knl_Semaphore_pend__E  $Tramp$TT$L$PI$$ti_sysbios_knl_Semaphore_pend__E
   1002bfb1     0000a820     00007960   rom_sysbios.aem4f : rom_sysbios.obj (.text:_pthread_removeThreadKeys)
                             0000a466   dpl_cc13x2.aem4f : SemaphoreP_tirtos.oem4f (.text:SemaphoreP_pend)
                             0000a50a   rom_sysbios.aem4f : rom_sysbios.obj (.text:sem_wait)
ti_sysbios_knl_Task_restore__E  $Tramp$TT$L$PI$$ti_sysbios_knl_Task_restore__E
   1002df45     0000a828     00006a66   rom_sysbios.aem4f : rom_sysbios.obj (.text:ti_sysbios_knl_Task_setPri__E)
                             00007954                     : rom_sysbios.obj (.text:_pthread_removeThreadKeys)
                             000079b4                     : rom_sysbios.obj (.text:_pthread_removeThreadKeys)
                             000089f6                     : rom_sysbios.obj (.text:pthread_exit)
                             00009f80                     : rom_sysbios.obj (.text:_pthread_cleanupFxn)
                             0000a206   dpl_cc13x2.aem4f : PowerCC26X2_tirtos.oem4f (.text:PowerCC26XX_schedulerRestore)
[...]
1002ebfd  ti_sysbios_knl_Swi_self__E                                         
1002ec09  ti_sysbios_knl_Task_Params__init__S                                
1002ec15  ti_sysbios_hal_Hwi_Instance_finalize__E                            
1002ec1f  ti_sysbios_knl_Event_Instance_init__E                              
1002ec29  ti_sysbios_family_arm_m3_Hwi_doSwiRestore__I                       
1002ec31  ti_sysbios_family_arm_m3_Hwi_startup__E                            
1002ec31  ti_sysbios_hal_Hwi_HwiProxy_startup__E                             
1002ec31  ti_sysbios_hal_Hwi_HwiProxy_startup__E                             
1002ec31  ti_sysbios_hal_Hwi_startup__E                                      
1002ec31  ti_sysbios_hal_Hwi_startup__E                                      
1002ec39  ti_sysbios_knl_Idle_loop__E                                        
1002ec41  ti_sysbios_family_arm_m3_Hwi_doTaskRestore__I                      
1002ec47  HwiP_restore                                                       
1002ec47  ti_sysbios_family_arm_m3_Hwi_restoreFxn__E                         
1002ec4d  ti_sysbios_gates_GateHwi_leave__E                                  
1002ec53  ti_sysbios_gates_GateMutex_Instance_finalize__E                    
1002ec59  ti_sysbios_heaps_HeapMem_isBlocking__E                             
1002ec5f  ti_sysbios_knl_Queue_Instance_init__E                              
1002ec65  ti_sysbios_knl_Queue_elemClear__E                                  
1002ec6b  ti_sysbios_knl_Swi_startup__E                                      
1002ec71  ti_sysbios_knl_Task_enable__E                                      
1002ec77  ti_sysbios_BIOS_RtsGateProxy_enter__E                              
1002ec7b  ti_sysbios_BIOS_RtsGateProxy_leave__E                              
1002ec7f  ti_sysbios_family_arm_cc26xx_Timer_getExpiredTicks__E              
1002ec83  ti_sysbios_family_arm_cc26xx_Timer_getPeriod__E                    
1002ec87  ti_sysbios_family_arm_cc26xx_Timer_setPeriod__E                    
1002ec8b  ti_sysbios_family_arm_m3_Hwi_delete                                
1002ec8f  ti_sysbios_family_arm_m3_TaskSupport_Module__startupDone__S        
1002ec8f  ti_sysbios_knl_Task_SupportProxy_Module__startupDone__S            
1002ec93  ti_sysbios_gates_GateHwi_query__E                                  
1002ec93  xdc_runtime_Main_Module_GateProxy_query__E                         
1002ec93  xdc_runtime_System_Module_GateProxy_query__E                       
1002ec93  xdc_runtime_System_Module_GateProxy_query__E                       
1002ec97  ti_sysbios_gates_GateMutex_delete                                  
1002ec9b  ti_sysbios_BIOS_RtsGateProxy_query__E                              
1002ec9b  ti_sysbios_BIOS_RtsGateProxy_query__E                              
1002ec9b  ti_sysbios_gates_GateMutex_query__E                                
1002ec9b  ti_sysbios_heaps_HeapMem_Module_GateProxy_query__E                 
1002ec9b  ti_sysbios_heaps_HeapMem_Module_GateProxy_query__E                 
1002ec9f  ti_sysbios_hal_Hwi_HwiProxy_create                                 
1002eca3  ti_sysbios_hal_Hwi_HwiProxy_delete                                 
1002eca7  ti_sysbios_hal_Hwi_delete                                          
1002ecab  ti_sysbios_heaps_HeapMem_Module_GateProxy_enter__E                 
1002ecaf  ti_sysbios_heaps_HeapMem_Module_GateProxy_leave__E                 
1002ecb3  ti_sysbios_knl_Clock_TimerProxy_getExpiredTicks__E                 
1002ecb7  ti_sysbios_knl_Clock_TimerProxy_getPeriod__E                       
1002ecbb  ti_sysbios_knl_Clock_delete                                        
1002ecbf  ti_sysbios_knl_Clock_removeI__E                                    
1002ecc3  ti_sysbios_knl_Clock_setTimeout__E                                 
1002ecc7  ti_sysbios_knl_Event_delete                                        
1002eccb  ti_sysbios_knl_Mailbox_delete                                      
1002eccf  ti_sysbios_knl_Queue_delete                                        
1002ecd3  ti_sysbios_knl_Queue_head__E                                       
1002ecd7  ti_sysbios_knl_Queue_next__E                                       
1002ecdb  ti_sysbios_knl_Semaphore_delete                                    
1002ecdf  ti_sysbios_knl_Swi_delete                                          
1002ece3  ti_sysbios_knl_Swi_postInit__I                                     
1002ece7  ti_sysbios_knl_Task_delete                                         
1002eceb  ti_sysbios_knl_Task_startup__E                                     
1002ecf1  xdc_runtime_System_doPrint__I                                      
1002f055  xdc_runtime_Startup_startMods__I                                   
1002f15d  xdc_runtime_Text_putSite__E                                        
1002f1f7  xdc_runtime_Error_policySpin__E                                    
1002f1f9  xdc_runtime_Text_putMod__E                                         
1002f289  xdc_runtime_Memory_alloc__E                                        
1002f2f9  xdc_runtime_Core_createObject__I                                   
1002f367  xdc_runtime_Core_deleteObject__I                                   
1002f3c5  xdc_runtime_Text_putLab__E                                         
1002f421  xdc_runtime_Assert_raise__I                                        
1002f475  xdc_runtime_Startup_exec__E                                        
1002f4c9  xdc_runtime_Core_assignParams__I                                   
1002f511  xdc_runtime_Core_constructObject__I                                
1002f559  xdc_runtime_System_atexit__E                                       
1002f5a1  xdc_runtime_Text_xprintf__I                                        
1002f5e5  xdc_runtime_System_processAtExit__E                                
1002f625  xdc_runtime_System_putchar__I                                      
1002f659  xdc_runtime_Core_assignLabel__I                                    
1002f689  xdc_runtime_Text_printVisFxn__I                                    
1002f6b9  xdc_runtime_System_vprintf__E                                      
1002f6e5  xdc_runtime_Text_cordText__E                                       
1002f711  xdc_runtime_System_abort__E                                        
1002f739  xdc_runtime_Error_raiseX__E                                        
1002f759  xdc_runtime_Registry_findById__E                                   
1002f779  xdc_runtime_Error_check__E                                         
1002f795  xdc_runtime_Memory_valloc__E                                       
1002f7b1  xdc_runtime_System_exit__E                                         
1002f7cd  xdc_runtime_Text_ropeText__E                                       
1002f7e9  xdc_runtime_System_printf__E                                       
1002f803  xdc_runtime_Core_destructObject__I                                 
1002f81b  xdc_runtime_System_abortSpin__E                                    
1002f81d  xdc_runtime_Memory_free__E                                         
1002f831  xdc_runtime_Memory_getStats__E                                     
1002f845  xdc_runtime_SysCallback_abort__E                                   
1002f845  xdc_runtime_System_SupportProxy_abort__E                           
1002f859  xdc_runtime_SysCallback_exit__E                                    
1002f859  xdc_runtime_System_SupportProxy_exit__E                            
1002f86d  xdc_runtime_SysCallback_flush__E                                   
1002f86d  xdc_runtime_System_SupportProxy_flush__E                           
1002f86d  xdc_runtime_System_flush__E                                        
1002f881  xdc_runtime_SysCallback_putch__E                                   
1002f881  xdc_runtime_System_SupportProxy_putch__E                           
1002f895  xdc_runtime_SysCallback_ready__E                                   
1002f895  xdc_runtime_System_SupportProxy_ready__E                           
1002f8a9  xdc_runtime_Memory_getMaxDefaultTypeAlign__E                       
1002f8b9  xdc_runtime_System_vsnprintf__E                                    
1002f8c9  xdc_runtime_Timestamp_SupportProxy_get32__E                        
1002f8c9  xdc_runtime_Timestamp_SupportProxy_get32__E                        
1002f8c9  xdc_runtime_Timestamp_get32__E                                     
1002f8c9  xdc_runtime_Timestamp_get32__E                                     
1002f8d9  xdc_runtime_Memory_calloc__E                                       
1002f8e5  xdc_runtime_Startup_rtsDone__E                                     
1002f8f1  xdc_runtime_Memory_HeapProxy_alloc__E                              
1002f8fb  xdc_runtime_Memory_HeapProxy_free__E                               
1002f905  xdc_runtime_Memory_HeapProxy_getStats__E                           
1002f90f  xdc_runtime_Gate_leaveSystem__E                                    
1002f915  xdc_runtime_System_Module_startup__E                               
1002f91b  xdc_runtime_Gate_enterSystem__E                                    
1002f91f  xdc_runtime_SysCallback_Module__startupDone__S                     
1002f91f  xdc_runtime_System_SupportProxy_Module__startupDone__S             
1002f923  xdc_runtime_System_Module_GateProxy_enter__E                       
1002f927  xdc_runtime_System_Module_GateProxy_leave__E                       
1002f92b  xdc_runtime_System_printf_va__F                                    
1002f92f  xdc_runtime_System_exitSpin__E                                     
1002f931  ti_sysbios_family_arm_m3_Hwi_dispatch__I                           
1002fa11  ti_sysbios_family_arm_m3_Hwi_interruptsAreDisabledButShouldNotBe   
1002fa2d  ti_sysbios_family_arm_m3_TaskSupport_buildTaskStack                
1002fab9  ti_sysbios_family_arm_m3_Hwi_initStacks__E                         
1002fb11  ti_sysbios_family_arm_m3_Hwi_pendSV__I                             
1002fb35  ti_sysbios_family_arm_m3_Hwi_return                                
1002fb39  ti_sysbios_family_arm_m3_Hwi_excHandlerAsm__I                      
1002fb59  ti_sysbios_family_xxx_Hwi_switchAndRunFunc                         
1002fb77  ti_sysbios_family_arm_m3_TaskSupport_swap__E                       
1002fb77  ti_sysbios_knl_Task_SupportProxy_swap__E                           
1002fb77  ti_sysbios_knl_Task_SupportProxy_swap__E                           
1002fb83  ti_sysbios_knl_Task_swapReturn                                     
1002fb8f  ti_sysbios_family_arm_m3_TaskSupport_glue                          
1002fba0  ti_sysbios_knl_Task_Object__PARAMS__C                              
1002fbdc  ti_sysbios_knl_Mailbox_Object__PARAMS__C                           
1002fc10  ti_sysbios_family_arm_m3_Hwi_Object__PARAMS__C                     
1002fc40  ti_sysbios_hal_Hwi_Object__PARAMS__C                               
1002fc6c  ti_sysbios_knl_Swi_Object__PARAMS__C                               
1002fc94  ti_sysbios_heaps_HeapMem_Object__PARAMS__C                         
1002fcb8  ti_sysbios_knl_Clock_Object__PARAMS__C                             
1002fcdc  ti_sysbios_knl_Semaphore_Object__PARAMS__C                         
1002fd00  ti_sysbios_gates_GateHwi_Object__PARAMS__C                         
1002fd18  ti_sysbios_gates_GateMutex_Object__PARAMS__C                       
1002fd30  ti_sysbios_knl_Event_Object__PARAMS__C                             
1002fd48  ti_sysbios_knl_Queue_Object__PARAMS__C                             
1002fd80  ti_sysbios_heaps_HeapTrack_Object__PARAMS__C                       
1002fd9c  ti_sysbios_heaps_HeapTrack_Instance_State_trackQueue__O            
1002fda0  ti_sysbios_heaps_HeapTrack_Module__diagsEnabled__C                 
1002fda4  ti_sysbios_heaps_HeapTrack_Module__diagsIncluded__C                
1002fda8  ti_sysbios_heaps_HeapTrack_Module__diagsMask__C                    
1002fddb  strlen                                                             
20000000  __start___llvm_prf_cnts                                            
20000000  __stop___llvm_prf_cnts                                             
20000000  ti_sysbios_family_arm_m3_Hwi_ramVectors                            
20000100  xdcRomConstPtr                                                     
20000104  xdcRomExternFuncPtr                                                
20000108  xdcRomStatePtr                                                     
20000110  header_data                                                        
20001360  ti_sysbios_knl_Task_Instance_State_0_stack__A                      
20001760  uartCC26XXObjects                                                  
2000188c  i2cCC26xxObjects                                                   
2000196c  ti_sysbios_family_arm_m3_Hwi_dispatchTable                         
20001a44  pinHandleTable                                                     
20001ac0  yas537_data                                                        
20001be8  bmi160Sem                                                          
20001c04  displaySem                                                         
20001c20  s_bmi160                                                           
20001c34  i2cParams                                                          
20001c44  mag_trim                                                           
20001c60  displayUartObject                                                  
20001c6c  fifo_vector_xyz                                                    
20001c78  processed_data                                                     
20001c8c  mag_data                                                           
20001c94  ClockP_tickPeriod                                                  
20001c98  PowerCC26XX_swiKey                                                 
20001c9c  PowerCC26XX_taskKey                                                
20001ca0  cbTask                                                             
20001ca4  dispTask                                                           
20001ca8  display                                                            
20001cac  gyr_setting                                                        
20001cb0  i2c                                                                
20001cb4  p_bmi160                                                           
20001cb8  gyro_off_x                                                         
20001cba  gyro_off_y                                                         
20001cbc  gyro_off_z                                                         
20001cbe  accel_off_x                                                        
20001cbf  accel_off_y                                                        
20001cc0  accel_off_z                                                        
20001cc1  driverlib_release_0_55938                                          
20001cc8  __primary_heap_start__                                             
20002cc8  PowerCC26X2_module                                                 
20002cc8  __primary_heap_end__                                               
20002dd8  ROM_stateStruct                                                    
20002dd8  ti_sysbios_knl_Clock_Module__state__V                              
20002e04  ti_sysbios_family_arm_cc26xx_TimestampProvider_Module__state__V    
20002e08  xdc_runtime_Startup_Module__state__V                               
20002e10  xdc_runtime_Registry_Module__state__V                              
20002e18  ti_sysbios_BIOS_Module__state__V                                   
20002e3c  ti_sysbios_knl_Swi_Module__state__V                                
20002e58  ti_sysbios_knl_Task_Module__state__V                               
20002e9c  xdc_runtime_Memory_Module__state__V                                
20002ea0  xdc_runtime_System_Module__state__V                                
20002ea8  ti_sysbios_family_arm_m3_Hwi_Module__state__V                      
20002edc  ti_sysbios_family_arm_cc26xx_Timer_Module__state__V                
20002f6c  ti_sysbios_gates_GateMutex_Object__table__V                        
20002fc0  ti_sysbios_knl_Task_Object__table__V                               
20003010  ti_sysbios_family_arm_cc26xx_Timer_Object__table__V                
20003058  ti_sysbios_knl_Swi_Module_State_0_readyQ__A                        
20003088  ti_sysbios_knl_Swi_Object__table__V                                
200030b8  ti_sysbios_knl_Task_Module_State_0_readyQ__A                       
200030e8  ti_sysbios_knl_Clock_Object__table__V                              
20003108  xdc_runtime_Error_IgnoreBlock                                      
20003128  ti_sysbios_family_arm_m3_Hwi_Object__table__V                      
20003140  ti_sysbios_heaps_HeapMem_Object__table__V                          
20003158  magxyz                                                             
20003164  _lock                                                              
20003168  _unlock                                                            
2000316c  pinUpperBound                                                      
20003170  pinLowerBound                                                      
20003174  ti_sysbios_family_arm_m3_Hwi_Module__root__V                       
2000317c  ti_sysbios_gates_GateHwi_Module__root__V                           
20003184  ti_sysbios_gates_GateMutex_Module__root__V                         
2000318c  ti_sysbios_hal_Hwi_Module__root__V                                 
20003194  ti_sysbios_heaps_HeapMem_Module__root__V                           
2000319c  ti_sysbios_knl_Clock_Module__root__V                               
200031a4  ti_sysbios_knl_Event_Module__root__V                               
200031ac  ti_sysbios_knl_Mailbox_Module__root__V                             
200031b4  ti_sysbios_knl_Queue_Module__root__V                               
200031bc  ti_sysbios_knl_Semaphore_Module__root__V                           
200031c4  ti_sysbios_knl_Swi_Module__root__V                                 
200031cc  ti_sysbios_knl_Task_Module__root__V                                
200031d4  xdc_runtime_System_Module_State_0_atexitHandlers__A                
200031dc  accelxyz                                                           
200031e2  gyroxyz                                                            
200031ee  ti_sysbios_family_arm_m3_Hwi_Module_State_0_excActive__A           
200031f0  gpioCallbackFunctions                                              
200031f4  gpioPinConfigs                                                     
200031fc  main_func_sp                                                       
20003200  ti_sysbios_family_arm_m3_Hwi_Module_State_0_excContext__A          
20003204  ti_sysbios_family_arm_m3_Hwi_Module_State_0_excStack__A            
20003208  ti_sysbios_knl_Task_Module_State_0_idleTask__A                     
2000320d  V_bmm150_maual_auto_condition_u8                                   
20013c00  __stack                                                            
20014000  __STACK_END                                                        
e000e000  ti_sysbios_family_arm_m3_Hwi_nvic                                  
ffffffff  __TI_pprof_out_hndl                                                
ffffffff  __TI_prof_data_size                                                
ffffffff  __TI_prof_data_start                                               
ffffffff  __binit__                                                          
ffffffff  __c_args__                                                         
ffffffff  binit                                                              
UNDEFED   SHT$$INIT_ARRAY$$Base                                              
UNDEFED   SHT$$INIT_ARRAY$$Limit                                             

[986 symbols]
